<!doctype html public "-//w3c//dtd html 4.0 transitional//en">
<html><head>
<title>Static Call Graph - [.\BUILD\MMA_Project.axf]</title></head>
<body><HR>
<H1>Static Call Graph for image .\BUILD\MMA_Project.axf</H1><HR>
<BR><P>#&#060CALLGRAPH&#062# ARM Linker, 5060750: Last Updated: Fri Jul 06 19:07:46 2018
<BR><P>
<H3>Maximum Stack Usage =          0 bytes + Unknown(Cycles, Untraceable Function Pointers)</H3><H3>
Call chain for Maximum Stack Depth:</H3>

<P>
<H3>
Mutually Recursive functions
</H3> <LI><a href="#[d]">NMI_Handler</a>&nbsp;&nbsp;&nbsp;&rArr;&nbsp;&nbsp;&nbsp;<a href="#[d]">NMI_Handler</a><BR>
 <LI><a href="#[e]">HardFault_Handler</a>&nbsp;&nbsp;&nbsp;&rArr;&nbsp;&nbsp;&nbsp;<a href="#[e]">HardFault_Handler</a><BR>
 <LI><a href="#[f]">MemManage_Handler</a>&nbsp;&nbsp;&nbsp;&rArr;&nbsp;&nbsp;&nbsp;<a href="#[f]">MemManage_Handler</a><BR>
 <LI><a href="#[10]">BusFault_Handler</a>&nbsp;&nbsp;&nbsp;&rArr;&nbsp;&nbsp;&nbsp;<a href="#[10]">BusFault_Handler</a><BR>
 <LI><a href="#[11]">UsageFault_Handler</a>&nbsp;&nbsp;&nbsp;&rArr;&nbsp;&nbsp;&nbsp;<a href="#[11]">UsageFault_Handler</a><BR>
 <LI><a href="#[12]">SVC_Handler</a>&nbsp;&nbsp;&nbsp;&rArr;&nbsp;&nbsp;&nbsp;<a href="#[12]">SVC_Handler</a><BR>
 <LI><a href="#[13]">DebugMon_Handler</a>&nbsp;&nbsp;&nbsp;&rArr;&nbsp;&nbsp;&nbsp;<a href="#[13]">DebugMon_Handler</a><BR>
 <LI><a href="#[14]">PendSV_Handler</a>&nbsp;&nbsp;&nbsp;&rArr;&nbsp;&nbsp;&nbsp;<a href="#[14]">PendSV_Handler</a><BR>
 <LI><a href="#[15]">SysTick_Handler</a>&nbsp;&nbsp;&nbsp;&rArr;&nbsp;&nbsp;&nbsp;<a href="#[15]">SysTick_Handler</a><BR>
 <LI><a href="#[28]">ADC_IRQHandler</a>&nbsp;&nbsp;&nbsp;&rArr;&nbsp;&nbsp;&nbsp;<a href="#[28]">ADC_IRQHandler</a><BR>
 <LI><a href="#[19a]">ticker_read</a>&nbsp;&nbsp;&nbsp;&rArr;&nbsp;&nbsp;&nbsp;<a href="#[155]">core_util_critical_section_exit</a><BR>
 <LI><a href="#[153]">core_util_critical_section_enter</a>&nbsp;&nbsp;&nbsp;&rArr;&nbsp;&nbsp;&nbsp;<a href="#[13c]">mbed_assert_internal</a><BR>
 <LI><a href="#[186]">initialize</a>&nbsp;&nbsp;&nbsp;&rArr;&nbsp;&nbsp;&nbsp;<a href="#[13c]">mbed_assert_internal</a><BR>
 <LI><a href="#[cd]">exit</a>&nbsp;&nbsp;&nbsp;&rArr;&nbsp;&nbsp;&nbsp;<a href="#[17e]">mbed_die</a><BR>
 <LI><a href="#[144]">__cxa_guard_release</a>&nbsp;&nbsp;&nbsp;&rArr;&nbsp;&nbsp;&nbsp;<a href="#[13c]">mbed_assert_internal</a><BR>
 <LI><a href="#[140]">__cxa_guard_acquire</a>&nbsp;&nbsp;&nbsp;&rArr;&nbsp;&nbsp;&nbsp;<a href="#[13c]">mbed_assert_internal</a><BR>
 <LI><a href="#[191]">pinmap_merge</a>&nbsp;&nbsp;&nbsp;&rArr;&nbsp;&nbsp;&nbsp;<a href="#[139]">error</a><BR>
 <LI><a href="#[184]">pin_mode</a>&nbsp;&nbsp;&nbsp;&rArr;&nbsp;&nbsp;&nbsp;<a href="#[138]">Set_GPIO_Clock</a><BR>
 <LI><a href="#[193]">pinmap_pinout</a>&nbsp;&nbsp;&nbsp;&rArr;&nbsp;&nbsp;&nbsp;<a href="#[181]">pin_function</a><BR>
 <LI><a href="#[192]">pinmap_peripheral</a>&nbsp;&nbsp;&nbsp;&rArr;&nbsp;&nbsp;&nbsp;<a href="#[139]">error</a><BR>
 <LI><a href="#[141]">serial_init</a>&nbsp;&nbsp;&nbsp;&rArr;&nbsp;&nbsp;&nbsp;<a href="#[13c]">mbed_assert_internal</a><BR>
 <LI><a href="#[17d]">mbed_error_vfprintf</a>&nbsp;&nbsp;&nbsp;&rArr;&nbsp;&nbsp;&nbsp;<a href="#[155]">core_util_critical_section_exit</a><BR>
 <LI><a href="#[181]">pin_function</a>&nbsp;&nbsp;&nbsp;&rArr;&nbsp;&nbsp;&nbsp;<a href="#[13c]">mbed_assert_internal</a><BR>
 <LI><a href="#[18c]">mbed_error_printf</a>&nbsp;&nbsp;&nbsp;&rArr;&nbsp;&nbsp;&nbsp;<a href="#[155]">core_util_critical_section_exit</a><BR>
 <LI><a href="#[178]">core_util_atomic_decr_u16</a>&nbsp;&nbsp;&nbsp;&rArr;&nbsp;&nbsp;&nbsp;<a href="#[178]">core_util_atomic_decr_u16</a><BR>
 <LI><a href="#[179]">core_util_atomic_incr_u16</a>&nbsp;&nbsp;&nbsp;&rArr;&nbsp;&nbsp;&nbsp;<a href="#[179]">core_util_atomic_incr_u16</a><BR>
</UL>
<P>
<H3>
Function Pointers
</H3><UL>
 <LI><a href="#[28]">ADC_IRQHandler</a> from mbed/TARGET_NUCLEO_F446RE/TOOLCHAIN_ARM_STD/startup_stm32f446xx.o(.text) referenced from mbed/TARGET_NUCLEO_F446RE/TOOLCHAIN_ARM_STD/startup_stm32f446xx.o(RESET)
 <LI><a href="#[10]">BusFault_Handler</a> from mbed/TARGET_NUCLEO_F446RE/TOOLCHAIN_ARM_STD/startup_stm32f446xx.o(.text) referenced from mbed/TARGET_NUCLEO_F446RE/TOOLCHAIN_ARM_STD/startup_stm32f446xx.o(RESET)
 <LI><a href="#[2a]">CAN1_RX0_IRQHandler</a> from mbed/TARGET_NUCLEO_F446RE/TOOLCHAIN_ARM_STD/can_api.o(i.CAN1_RX0_IRQHandler) referenced from mbed/TARGET_NUCLEO_F446RE/TOOLCHAIN_ARM_STD/startup_stm32f446xx.o(RESET)
 <LI><a href="#[2b]">CAN1_RX1_IRQHandler</a> from mbed/TARGET_NUCLEO_F446RE/TOOLCHAIN_ARM_STD/startup_stm32f446xx.o(.text) referenced from mbed/TARGET_NUCLEO_F446RE/TOOLCHAIN_ARM_STD/startup_stm32f446xx.o(RESET)
 <LI><a href="#[2c]">CAN1_SCE_IRQHandler</a> from mbed/TARGET_NUCLEO_F446RE/TOOLCHAIN_ARM_STD/can_api.o(i.CAN1_SCE_IRQHandler) referenced from mbed/TARGET_NUCLEO_F446RE/TOOLCHAIN_ARM_STD/startup_stm32f446xx.o(RESET)
 <LI><a href="#[29]">CAN1_TX_IRQHandler</a> from mbed/TARGET_NUCLEO_F446RE/TOOLCHAIN_ARM_STD/can_api.o(i.CAN1_TX_IRQHandler) referenced from mbed/TARGET_NUCLEO_F446RE/TOOLCHAIN_ARM_STD/startup_stm32f446xx.o(RESET)
 <LI><a href="#[54]">CAN2_RX0_IRQHandler</a> from mbed/TARGET_NUCLEO_F446RE/TOOLCHAIN_ARM_STD/can_api.o(i.CAN2_RX0_IRQHandler) referenced from mbed/TARGET_NUCLEO_F446RE/TOOLCHAIN_ARM_STD/startup_stm32f446xx.o(RESET)
 <LI><a href="#[55]">CAN2_RX1_IRQHandler</a> from mbed/TARGET_NUCLEO_F446RE/TOOLCHAIN_ARM_STD/startup_stm32f446xx.o(.text) referenced from mbed/TARGET_NUCLEO_F446RE/TOOLCHAIN_ARM_STD/startup_stm32f446xx.o(RESET)
 <LI><a href="#[56]">CAN2_SCE_IRQHandler</a> from mbed/TARGET_NUCLEO_F446RE/TOOLCHAIN_ARM_STD/can_api.o(i.CAN2_SCE_IRQHandler) referenced from mbed/TARGET_NUCLEO_F446RE/TOOLCHAIN_ARM_STD/startup_stm32f446xx.o(RESET)
 <LI><a href="#[53]">CAN2_TX_IRQHandler</a> from mbed/TARGET_NUCLEO_F446RE/TOOLCHAIN_ARM_STD/can_api.o(i.CAN2_TX_IRQHandler) referenced from mbed/TARGET_NUCLEO_F446RE/TOOLCHAIN_ARM_STD/startup_stm32f446xx.o(RESET)
 <LI><a href="#[68]">CEC_IRQHandler</a> from mbed/TARGET_NUCLEO_F446RE/TOOLCHAIN_ARM_STD/startup_stm32f446xx.o(.text) referenced from mbed/TARGET_NUCLEO_F446RE/TOOLCHAIN_ARM_STD/startup_stm32f446xx.o(RESET)
 <LI><a href="#[62]">DCMI_IRQHandler</a> from mbed/TARGET_NUCLEO_F446RE/TOOLCHAIN_ARM_STD/startup_stm32f446xx.o(.text) referenced from mbed/TARGET_NUCLEO_F446RE/TOOLCHAIN_ARM_STD/startup_stm32f446xx.o(RESET)
 <LI><a href="#[21]">DMA1_Stream0_IRQHandler</a> from mbed/TARGET_NUCLEO_F446RE/TOOLCHAIN_ARM_STD/startup_stm32f446xx.o(.text) referenced from mbed/TARGET_NUCLEO_F446RE/TOOLCHAIN_ARM_STD/startup_stm32f446xx.o(RESET)
 <LI><a href="#[22]">DMA1_Stream1_IRQHandler</a> from mbed/TARGET_NUCLEO_F446RE/TOOLCHAIN_ARM_STD/startup_stm32f446xx.o(.text) referenced from mbed/TARGET_NUCLEO_F446RE/TOOLCHAIN_ARM_STD/startup_stm32f446xx.o(RESET)
 <LI><a href="#[23]">DMA1_Stream2_IRQHandler</a> from mbed/TARGET_NUCLEO_F446RE/TOOLCHAIN_ARM_STD/startup_stm32f446xx.o(.text) referenced from mbed/TARGET_NUCLEO_F446RE/TOOLCHAIN_ARM_STD/startup_stm32f446xx.o(RESET)
 <LI><a href="#[24]">DMA1_Stream3_IRQHandler</a> from mbed/TARGET_NUCLEO_F446RE/TOOLCHAIN_ARM_STD/startup_stm32f446xx.o(.text) referenced from mbed/TARGET_NUCLEO_F446RE/TOOLCHAIN_ARM_STD/startup_stm32f446xx.o(RESET)
 <LI><a href="#[25]">DMA1_Stream4_IRQHandler</a> from mbed/TARGET_NUCLEO_F446RE/TOOLCHAIN_ARM_STD/startup_stm32f446xx.o(.text) referenced from mbed/TARGET_NUCLEO_F446RE/TOOLCHAIN_ARM_STD/startup_stm32f446xx.o(RESET)
 <LI><a href="#[26]">DMA1_Stream5_IRQHandler</a> from mbed/TARGET_NUCLEO_F446RE/TOOLCHAIN_ARM_STD/startup_stm32f446xx.o(.text) referenced from mbed/TARGET_NUCLEO_F446RE/TOOLCHAIN_ARM_STD/startup_stm32f446xx.o(RESET)
 <LI><a href="#[27]">DMA1_Stream6_IRQHandler</a> from mbed/TARGET_NUCLEO_F446RE/TOOLCHAIN_ARM_STD/startup_stm32f446xx.o(.text) referenced from mbed/TARGET_NUCLEO_F446RE/TOOLCHAIN_ARM_STD/startup_stm32f446xx.o(RESET)
 <LI><a href="#[45]">DMA1_Stream7_IRQHandler</a> from mbed/TARGET_NUCLEO_F446RE/TOOLCHAIN_ARM_STD/startup_stm32f446xx.o(.text) referenced from mbed/TARGET_NUCLEO_F446RE/TOOLCHAIN_ARM_STD/startup_stm32f446xx.o(RESET)
 <LI><a href="#[4e]">DMA2_Stream0_IRQHandler</a> from mbed/TARGET_NUCLEO_F446RE/TOOLCHAIN_ARM_STD/startup_stm32f446xx.o(.text) referenced from mbed/TARGET_NUCLEO_F446RE/TOOLCHAIN_ARM_STD/startup_stm32f446xx.o(RESET)
 <LI><a href="#[4f]">DMA2_Stream1_IRQHandler</a> from mbed/TARGET_NUCLEO_F446RE/TOOLCHAIN_ARM_STD/startup_stm32f446xx.o(.text) referenced from mbed/TARGET_NUCLEO_F446RE/TOOLCHAIN_ARM_STD/startup_stm32f446xx.o(RESET)
 <LI><a href="#[50]">DMA2_Stream2_IRQHandler</a> from mbed/TARGET_NUCLEO_F446RE/TOOLCHAIN_ARM_STD/startup_stm32f446xx.o(.text) referenced from mbed/TARGET_NUCLEO_F446RE/TOOLCHAIN_ARM_STD/startup_stm32f446xx.o(RESET)
 <LI><a href="#[51]">DMA2_Stream3_IRQHandler</a> from mbed/TARGET_NUCLEO_F446RE/TOOLCHAIN_ARM_STD/startup_stm32f446xx.o(.text) referenced from mbed/TARGET_NUCLEO_F446RE/TOOLCHAIN_ARM_STD/startup_stm32f446xx.o(RESET)
 <LI><a href="#[52]">DMA2_Stream4_IRQHandler</a> from mbed/TARGET_NUCLEO_F446RE/TOOLCHAIN_ARM_STD/startup_stm32f446xx.o(.text) referenced from mbed/TARGET_NUCLEO_F446RE/TOOLCHAIN_ARM_STD/startup_stm32f446xx.o(RESET)
 <LI><a href="#[58]">DMA2_Stream5_IRQHandler</a> from mbed/TARGET_NUCLEO_F446RE/TOOLCHAIN_ARM_STD/startup_stm32f446xx.o(.text) referenced from mbed/TARGET_NUCLEO_F446RE/TOOLCHAIN_ARM_STD/startup_stm32f446xx.o(RESET)
 <LI><a href="#[59]">DMA2_Stream6_IRQHandler</a> from mbed/TARGET_NUCLEO_F446RE/TOOLCHAIN_ARM_STD/startup_stm32f446xx.o(.text) referenced from mbed/TARGET_NUCLEO_F446RE/TOOLCHAIN_ARM_STD/startup_stm32f446xx.o(RESET)
 <LI><a href="#[5a]">DMA2_Stream7_IRQHandler</a> from mbed/TARGET_NUCLEO_F446RE/TOOLCHAIN_ARM_STD/startup_stm32f446xx.o(.text) referenced from mbed/TARGET_NUCLEO_F446RE/TOOLCHAIN_ARM_STD/startup_stm32f446xx.o(RESET)
 <LI><a href="#[13]">DebugMon_Handler</a> from mbed/TARGET_NUCLEO_F446RE/TOOLCHAIN_ARM_STD/startup_stm32f446xx.o(.text) referenced from mbed/TARGET_NUCLEO_F446RE/TOOLCHAIN_ARM_STD/startup_stm32f446xx.o(RESET)
 <LI><a href="#[1c]">EXTI0_IRQHandler</a> from mbed/TARGET_NUCLEO_F446RE/TOOLCHAIN_ARM_STD/startup_stm32f446xx.o(.text) referenced from mbed/TARGET_NUCLEO_F446RE/TOOLCHAIN_ARM_STD/startup_stm32f446xx.o(RESET)
 <LI><a href="#[3e]">EXTI15_10_IRQHandler</a> from mbed/TARGET_NUCLEO_F446RE/TOOLCHAIN_ARM_STD/startup_stm32f446xx.o(.text) referenced from mbed/TARGET_NUCLEO_F446RE/TOOLCHAIN_ARM_STD/startup_stm32f446xx.o(RESET)
 <LI><a href="#[1d]">EXTI1_IRQHandler</a> from mbed/TARGET_NUCLEO_F446RE/TOOLCHAIN_ARM_STD/startup_stm32f446xx.o(.text) referenced from mbed/TARGET_NUCLEO_F446RE/TOOLCHAIN_ARM_STD/startup_stm32f446xx.o(RESET)
 <LI><a href="#[1e]">EXTI2_IRQHandler</a> from mbed/TARGET_NUCLEO_F446RE/TOOLCHAIN_ARM_STD/startup_stm32f446xx.o(.text) referenced from mbed/TARGET_NUCLEO_F446RE/TOOLCHAIN_ARM_STD/startup_stm32f446xx.o(RESET)
 <LI><a href="#[1f]">EXTI3_IRQHandler</a> from mbed/TARGET_NUCLEO_F446RE/TOOLCHAIN_ARM_STD/startup_stm32f446xx.o(.text) referenced from mbed/TARGET_NUCLEO_F446RE/TOOLCHAIN_ARM_STD/startup_stm32f446xx.o(RESET)
 <LI><a href="#[20]">EXTI4_IRQHandler</a> from mbed/TARGET_NUCLEO_F446RE/TOOLCHAIN_ARM_STD/startup_stm32f446xx.o(.text) referenced from mbed/TARGET_NUCLEO_F446RE/TOOLCHAIN_ARM_STD/startup_stm32f446xx.o(RESET)
 <LI><a href="#[2d]">EXTI9_5_IRQHandler</a> from mbed/TARGET_NUCLEO_F446RE/TOOLCHAIN_ARM_STD/startup_stm32f446xx.o(.text) referenced from mbed/TARGET_NUCLEO_F446RE/TOOLCHAIN_ARM_STD/startup_stm32f446xx.o(RESET)
 <LI><a href="#[1a]">FLASH_IRQHandler</a> from mbed/TARGET_NUCLEO_F446RE/TOOLCHAIN_ARM_STD/startup_stm32f446xx.o(.text) referenced from mbed/TARGET_NUCLEO_F446RE/TOOLCHAIN_ARM_STD/startup_stm32f446xx.o(RESET)
 <LI><a href="#[46]">FMC_IRQHandler</a> from mbed/TARGET_NUCLEO_F446RE/TOOLCHAIN_ARM_STD/startup_stm32f446xx.o(.text) referenced from mbed/TARGET_NUCLEO_F446RE/TOOLCHAIN_ARM_STD/startup_stm32f446xx.o(RESET)
 <LI><a href="#[63]">FPU_IRQHandler</a> from mbed/TARGET_NUCLEO_F446RE/TOOLCHAIN_ARM_STD/startup_stm32f446xx.o(.text) referenced from mbed/TARGET_NUCLEO_F446RE/TOOLCHAIN_ARM_STD/startup_stm32f446xx.o(RESET)
 <LI><a href="#[e]">HardFault_Handler</a> from mbed/TARGET_NUCLEO_F446RE/TOOLCHAIN_ARM_STD/startup_stm32f446xx.o(.text) referenced from mbed/TARGET_NUCLEO_F446RE/TOOLCHAIN_ARM_STD/startup_stm32f446xx.o(RESET)
 <LI><a href="#[36]">I2C1_ER_IRQHandler</a> from mbed/TARGET_NUCLEO_F446RE/TOOLCHAIN_ARM_STD/startup_stm32f446xx.o(.text) referenced from mbed/TARGET_NUCLEO_F446RE/TOOLCHAIN_ARM_STD/startup_stm32f446xx.o(RESET)
 <LI><a href="#[35]">I2C1_EV_IRQHandler</a> from mbed/TARGET_NUCLEO_F446RE/TOOLCHAIN_ARM_STD/startup_stm32f446xx.o(.text) referenced from mbed/TARGET_NUCLEO_F446RE/TOOLCHAIN_ARM_STD/startup_stm32f446xx.o(RESET)
 <LI><a href="#[38]">I2C2_ER_IRQHandler</a> from mbed/TARGET_NUCLEO_F446RE/TOOLCHAIN_ARM_STD/startup_stm32f446xx.o(.text) referenced from mbed/TARGET_NUCLEO_F446RE/TOOLCHAIN_ARM_STD/startup_stm32f446xx.o(RESET)
 <LI><a href="#[37]">I2C2_EV_IRQHandler</a> from mbed/TARGET_NUCLEO_F446RE/TOOLCHAIN_ARM_STD/startup_stm32f446xx.o(.text) referenced from mbed/TARGET_NUCLEO_F446RE/TOOLCHAIN_ARM_STD/startup_stm32f446xx.o(RESET)
 <LI><a href="#[5d]">I2C3_ER_IRQHandler</a> from mbed/TARGET_NUCLEO_F446RE/TOOLCHAIN_ARM_STD/startup_stm32f446xx.o(.text) referenced from mbed/TARGET_NUCLEO_F446RE/TOOLCHAIN_ARM_STD/startup_stm32f446xx.o(RESET)
 <LI><a href="#[5c]">I2C3_EV_IRQHandler</a> from mbed/TARGET_NUCLEO_F446RE/TOOLCHAIN_ARM_STD/startup_stm32f446xx.o(.text) referenced from mbed/TARGET_NUCLEO_F446RE/TOOLCHAIN_ARM_STD/startup_stm32f446xx.o(RESET)
 <LI><a href="#[6b]">I2C4_Error_IRQHandler</a> from mbed/TARGET_NUCLEO_F446RE/TOOLCHAIN_ARM_STD/startup_stm32f446xx.o(.text) referenced from mbed/TARGET_NUCLEO_F446RE/TOOLCHAIN_ARM_STD/startup_stm32f446xx.o(RESET)
 <LI><a href="#[6a]">I2C4_Event_IRQHandler</a> from mbed/TARGET_NUCLEO_F446RE/TOOLCHAIN_ARM_STD/startup_stm32f446xx.o(.text) referenced from mbed/TARGET_NUCLEO_F446RE/TOOLCHAIN_ARM_STD/startup_stm32f446xx.o(RESET)
 <LI><a href="#[f]">MemManage_Handler</a> from mbed/TARGET_NUCLEO_F446RE/TOOLCHAIN_ARM_STD/startup_stm32f446xx.o(.text) referenced from mbed/TARGET_NUCLEO_F446RE/TOOLCHAIN_ARM_STD/startup_stm32f446xx.o(RESET)
 <LI><a href="#[d]">NMI_Handler</a> from mbed/TARGET_NUCLEO_F446RE/TOOLCHAIN_ARM_STD/startup_stm32f446xx.o(.text) referenced from mbed/TARGET_NUCLEO_F446RE/TOOLCHAIN_ARM_STD/startup_stm32f446xx.o(RESET)
 <LI><a href="#[57]">OTG_FS_IRQHandler</a> from mbed/TARGET_NUCLEO_F446RE/TOOLCHAIN_ARM_STD/startup_stm32f446xx.o(.text) referenced from mbed/TARGET_NUCLEO_F446RE/TOOLCHAIN_ARM_STD/startup_stm32f446xx.o(RESET)
 <LI><a href="#[40]">OTG_FS_WKUP_IRQHandler</a> from mbed/TARGET_NUCLEO_F446RE/TOOLCHAIN_ARM_STD/startup_stm32f446xx.o(.text) referenced from mbed/TARGET_NUCLEO_F446RE/TOOLCHAIN_ARM_STD/startup_stm32f446xx.o(RESET)
 <LI><a href="#[5f]">OTG_HS_EP1_IN_IRQHandler</a> from mbed/TARGET_NUCLEO_F446RE/TOOLCHAIN_ARM_STD/startup_stm32f446xx.o(.text) referenced from mbed/TARGET_NUCLEO_F446RE/TOOLCHAIN_ARM_STD/startup_stm32f446xx.o(RESET)
 <LI><a href="#[5e]">OTG_HS_EP1_OUT_IRQHandler</a> from mbed/TARGET_NUCLEO_F446RE/TOOLCHAIN_ARM_STD/startup_stm32f446xx.o(.text) referenced from mbed/TARGET_NUCLEO_F446RE/TOOLCHAIN_ARM_STD/startup_stm32f446xx.o(RESET)
 <LI><a href="#[61]">OTG_HS_IRQHandler</a> from mbed/TARGET_NUCLEO_F446RE/TOOLCHAIN_ARM_STD/startup_stm32f446xx.o(.text) referenced from mbed/TARGET_NUCLEO_F446RE/TOOLCHAIN_ARM_STD/startup_stm32f446xx.o(RESET)
 <LI><a href="#[60]">OTG_HS_WKUP_IRQHandler</a> from mbed/TARGET_NUCLEO_F446RE/TOOLCHAIN_ARM_STD/startup_stm32f446xx.o(.text) referenced from mbed/TARGET_NUCLEO_F446RE/TOOLCHAIN_ARM_STD/startup_stm32f446xx.o(RESET)
 <LI><a href="#[17]">PVD_IRQHandler</a> from mbed/TARGET_NUCLEO_F446RE/TOOLCHAIN_ARM_STD/startup_stm32f446xx.o(.text) referenced from mbed/TARGET_NUCLEO_F446RE/TOOLCHAIN_ARM_STD/startup_stm32f446xx.o(RESET)
 <LI><a href="#[14]">PendSV_Handler</a> from mbed/TARGET_NUCLEO_F446RE/TOOLCHAIN_ARM_STD/startup_stm32f446xx.o(.text) referenced from mbed/TARGET_NUCLEO_F446RE/TOOLCHAIN_ARM_STD/startup_stm32f446xx.o(RESET)
 <LI><a href="#[67]">QuadSPI_IRQHandler</a> from mbed/TARGET_NUCLEO_F446RE/TOOLCHAIN_ARM_STD/startup_stm32f446xx.o(.text) referenced from mbed/TARGET_NUCLEO_F446RE/TOOLCHAIN_ARM_STD/startup_stm32f446xx.o(RESET)
 <LI><a href="#[1b]">RCC_IRQHandler</a> from mbed/TARGET_NUCLEO_F446RE/TOOLCHAIN_ARM_STD/startup_stm32f446xx.o(.text) referenced from mbed/TARGET_NUCLEO_F446RE/TOOLCHAIN_ARM_STD/startup_stm32f446xx.o(RESET)
 <LI><a href="#[3f]">RTC_Alarm_IRQHandler</a> from mbed/TARGET_NUCLEO_F446RE/TOOLCHAIN_ARM_STD/startup_stm32f446xx.o(.text) referenced from mbed/TARGET_NUCLEO_F446RE/TOOLCHAIN_ARM_STD/startup_stm32f446xx.o(RESET)
 <LI><a href="#[19]">RTC_WKUP_IRQHandler</a> from mbed/TARGET_NUCLEO_F446RE/TOOLCHAIN_ARM_STD/startup_stm32f446xx.o(.text) referenced from mbed/TARGET_NUCLEO_F446RE/TOOLCHAIN_ARM_STD/startup_stm32f446xx.o(RESET)
 <LI><a href="#[c]">Reset_Handler</a> from mbed/TARGET_NUCLEO_F446RE/TOOLCHAIN_ARM_STD/startup_stm32f446xx.o(.text) referenced from mbed/TARGET_NUCLEO_F446RE/TOOLCHAIN_ARM_STD/startup_stm32f446xx.o(RESET)
 <LI><a href="#[65]">SAI1_IRQHandler</a> from mbed/TARGET_NUCLEO_F446RE/TOOLCHAIN_ARM_STD/startup_stm32f446xx.o(.text) referenced from mbed/TARGET_NUCLEO_F446RE/TOOLCHAIN_ARM_STD/startup_stm32f446xx.o(RESET)
 <LI><a href="#[66]">SAI2_IRQHandler</a> from mbed/TARGET_NUCLEO_F446RE/TOOLCHAIN_ARM_STD/startup_stm32f446xx.o(.text) referenced from mbed/TARGET_NUCLEO_F446RE/TOOLCHAIN_ARM_STD/startup_stm32f446xx.o(RESET)
 <LI><a href="#[47]">SDIO_IRQHandler</a> from mbed/TARGET_NUCLEO_F446RE/TOOLCHAIN_ARM_STD/startup_stm32f446xx.o(.text) referenced from mbed/TARGET_NUCLEO_F446RE/TOOLCHAIN_ARM_STD/startup_stm32f446xx.o(RESET)
 <LI><a href="#[69]">SPDIF_RX_IRQHandler</a> from mbed/TARGET_NUCLEO_F446RE/TOOLCHAIN_ARM_STD/startup_stm32f446xx.o(.text) referenced from mbed/TARGET_NUCLEO_F446RE/TOOLCHAIN_ARM_STD/startup_stm32f446xx.o(RESET)
 <LI><a href="#[39]">SPI1_IRQHandler</a> from mbed/TARGET_NUCLEO_F446RE/TOOLCHAIN_ARM_STD/startup_stm32f446xx.o(.text) referenced from mbed/TARGET_NUCLEO_F446RE/TOOLCHAIN_ARM_STD/startup_stm32f446xx.o(RESET)
 <LI><a href="#[3a]">SPI2_IRQHandler</a> from mbed/TARGET_NUCLEO_F446RE/TOOLCHAIN_ARM_STD/startup_stm32f446xx.o(.text) referenced from mbed/TARGET_NUCLEO_F446RE/TOOLCHAIN_ARM_STD/startup_stm32f446xx.o(RESET)
 <LI><a href="#[49]">SPI3_IRQHandler</a> from mbed/TARGET_NUCLEO_F446RE/TOOLCHAIN_ARM_STD/startup_stm32f446xx.o(.text) referenced from mbed/TARGET_NUCLEO_F446RE/TOOLCHAIN_ARM_STD/startup_stm32f446xx.o(RESET)
 <LI><a href="#[64]">SPI4_IRQHandler</a> from mbed/TARGET_NUCLEO_F446RE/TOOLCHAIN_ARM_STD/startup_stm32f446xx.o(.text) referenced from mbed/TARGET_NUCLEO_F446RE/TOOLCHAIN_ARM_STD/startup_stm32f446xx.o(RESET)
 <LI><a href="#[12]">SVC_Handler</a> from mbed/TARGET_NUCLEO_F446RE/TOOLCHAIN_ARM_STD/startup_stm32f446xx.o(.text) referenced from mbed/TARGET_NUCLEO_F446RE/TOOLCHAIN_ARM_STD/startup_stm32f446xx.o(RESET)
 <LI><a href="#[15]">SysTick_Handler</a> from mbed/TARGET_NUCLEO_F446RE/TOOLCHAIN_ARM_STD/startup_stm32f446xx.o(.text) referenced from mbed/TARGET_NUCLEO_F446RE/TOOLCHAIN_ARM_STD/startup_stm32f446xx.o(RESET)
 <LI><a href="#[6c]">SystemInit</a> from mbed/TARGET_NUCLEO_F446RE/TOOLCHAIN_ARM_STD/system_clock.o(i.SystemInit) referenced from mbed/TARGET_NUCLEO_F446RE/TOOLCHAIN_ARM_STD/startup_stm32f446xx.o(.text)
 <LI><a href="#[18]">TAMP_STAMP_IRQHandler</a> from mbed/TARGET_NUCLEO_F446RE/TOOLCHAIN_ARM_STD/startup_stm32f446xx.o(.text) referenced from mbed/TARGET_NUCLEO_F446RE/TOOLCHAIN_ARM_STD/startup_stm32f446xx.o(RESET)
 <LI><a href="#[2e]">TIM1_BRK_TIM9_IRQHandler</a> from mbed/TARGET_NUCLEO_F446RE/TOOLCHAIN_ARM_STD/startup_stm32f446xx.o(.text) referenced from mbed/TARGET_NUCLEO_F446RE/TOOLCHAIN_ARM_STD/startup_stm32f446xx.o(RESET)
 <LI><a href="#[31]">TIM1_CC_IRQHandler</a> from mbed/TARGET_NUCLEO_F446RE/TOOLCHAIN_ARM_STD/startup_stm32f446xx.o(.text) referenced from mbed/TARGET_NUCLEO_F446RE/TOOLCHAIN_ARM_STD/startup_stm32f446xx.o(RESET)
 <LI><a href="#[30]">TIM1_TRG_COM_TIM11_IRQHandler</a> from mbed/TARGET_NUCLEO_F446RE/TOOLCHAIN_ARM_STD/startup_stm32f446xx.o(.text) referenced from mbed/TARGET_NUCLEO_F446RE/TOOLCHAIN_ARM_STD/startup_stm32f446xx.o(RESET)
 <LI><a href="#[2f]">TIM1_UP_TIM10_IRQHandler</a> from mbed/TARGET_NUCLEO_F446RE/TOOLCHAIN_ARM_STD/startup_stm32f446xx.o(.text) referenced from mbed/TARGET_NUCLEO_F446RE/TOOLCHAIN_ARM_STD/startup_stm32f446xx.o(RESET)
 <LI><a href="#[32]">TIM2_IRQHandler</a> from mbed/TARGET_NUCLEO_F446RE/TOOLCHAIN_ARM_STD/startup_stm32f446xx.o(.text) referenced from mbed/TARGET_NUCLEO_F446RE/TOOLCHAIN_ARM_STD/startup_stm32f446xx.o(RESET)
 <LI><a href="#[33]">TIM3_IRQHandler</a> from mbed/TARGET_NUCLEO_F446RE/TOOLCHAIN_ARM_STD/startup_stm32f446xx.o(.text) referenced from mbed/TARGET_NUCLEO_F446RE/TOOLCHAIN_ARM_STD/startup_stm32f446xx.o(RESET)
 <LI><a href="#[34]">TIM4_IRQHandler</a> from mbed/TARGET_NUCLEO_F446RE/TOOLCHAIN_ARM_STD/startup_stm32f446xx.o(.text) referenced from mbed/TARGET_NUCLEO_F446RE/TOOLCHAIN_ARM_STD/startup_stm32f446xx.o(RESET)
 <LI><a href="#[48]">TIM5_IRQHandler</a> from mbed/TARGET_NUCLEO_F446RE/TOOLCHAIN_ARM_STD/startup_stm32f446xx.o(.text) referenced from mbed/TARGET_NUCLEO_F446RE/TOOLCHAIN_ARM_STD/startup_stm32f446xx.o(RESET)
 <LI><a href="#[4c]">TIM6_DAC_IRQHandler</a> from mbed/TARGET_NUCLEO_F446RE/TOOLCHAIN_ARM_STD/startup_stm32f446xx.o(.text) referenced from mbed/TARGET_NUCLEO_F446RE/TOOLCHAIN_ARM_STD/startup_stm32f446xx.o(RESET)
 <LI><a href="#[4d]">TIM7_IRQHandler</a> from mbed/TARGET_NUCLEO_F446RE/TOOLCHAIN_ARM_STD/startup_stm32f446xx.o(.text) referenced from mbed/TARGET_NUCLEO_F446RE/TOOLCHAIN_ARM_STD/startup_stm32f446xx.o(RESET)
 <LI><a href="#[41]">TIM8_BRK_TIM12_IRQHandler</a> from mbed/TARGET_NUCLEO_F446RE/TOOLCHAIN_ARM_STD/startup_stm32f446xx.o(.text) referenced from mbed/TARGET_NUCLEO_F446RE/TOOLCHAIN_ARM_STD/startup_stm32f446xx.o(RESET)
 <LI><a href="#[44]">TIM8_CC_IRQHandler</a> from mbed/TARGET_NUCLEO_F446RE/TOOLCHAIN_ARM_STD/startup_stm32f446xx.o(.text) referenced from mbed/TARGET_NUCLEO_F446RE/TOOLCHAIN_ARM_STD/startup_stm32f446xx.o(RESET)
 <LI><a href="#[43]">TIM8_TRG_COM_TIM14_IRQHandler</a> from mbed/TARGET_NUCLEO_F446RE/TOOLCHAIN_ARM_STD/startup_stm32f446xx.o(.text) referenced from mbed/TARGET_NUCLEO_F446RE/TOOLCHAIN_ARM_STD/startup_stm32f446xx.o(RESET)
 <LI><a href="#[42]">TIM8_UP_TIM13_IRQHandler</a> from mbed/TARGET_NUCLEO_F446RE/TOOLCHAIN_ARM_STD/startup_stm32f446xx.o(.text) referenced from mbed/TARGET_NUCLEO_F446RE/TOOLCHAIN_ARM_STD/startup_stm32f446xx.o(RESET)
 <LI><a href="#[4a]">UART4_IRQHandler</a> from mbed/TARGET_NUCLEO_F446RE/TOOLCHAIN_ARM_STD/startup_stm32f446xx.o(.text) referenced from mbed/TARGET_NUCLEO_F446RE/TOOLCHAIN_ARM_STD/startup_stm32f446xx.o(RESET)
 <LI><a href="#[4b]">UART5_IRQHandler</a> from mbed/TARGET_NUCLEO_F446RE/TOOLCHAIN_ARM_STD/startup_stm32f446xx.o(.text) referenced from mbed/TARGET_NUCLEO_F446RE/TOOLCHAIN_ARM_STD/startup_stm32f446xx.o(RESET)
 <LI><a href="#[3b]">USART1_IRQHandler</a> from mbed/TARGET_NUCLEO_F446RE/TOOLCHAIN_ARM_STD/startup_stm32f446xx.o(.text) referenced from mbed/TARGET_NUCLEO_F446RE/TOOLCHAIN_ARM_STD/startup_stm32f446xx.o(RESET)
 <LI><a href="#[3c]">USART2_IRQHandler</a> from mbed/TARGET_NUCLEO_F446RE/TOOLCHAIN_ARM_STD/startup_stm32f446xx.o(.text) referenced from mbed/TARGET_NUCLEO_F446RE/TOOLCHAIN_ARM_STD/startup_stm32f446xx.o(RESET)
 <LI><a href="#[3d]">USART3_IRQHandler</a> from mbed/TARGET_NUCLEO_F446RE/TOOLCHAIN_ARM_STD/startup_stm32f446xx.o(.text) referenced from mbed/TARGET_NUCLEO_F446RE/TOOLCHAIN_ARM_STD/startup_stm32f446xx.o(RESET)
 <LI><a href="#[5b]">USART6_IRQHandler</a> from mbed/TARGET_NUCLEO_F446RE/TOOLCHAIN_ARM_STD/startup_stm32f446xx.o(.text) referenced from mbed/TARGET_NUCLEO_F446RE/TOOLCHAIN_ARM_STD/startup_stm32f446xx.o(RESET)
 <LI><a href="#[11]">UsageFault_Handler</a> from mbed/TARGET_NUCLEO_F446RE/TOOLCHAIN_ARM_STD/startup_stm32f446xx.o(.text) referenced from mbed/TARGET_NUCLEO_F446RE/TOOLCHAIN_ARM_STD/startup_stm32f446xx.o(RESET)
 <LI><a href="#[16]">WWDG_IRQHandler</a> from mbed/TARGET_NUCLEO_F446RE/TOOLCHAIN_ARM_STD/startup_stm32f446xx.o(.text) referenced from mbed/TARGET_NUCLEO_F446RE/TOOLCHAIN_ARM_STD/startup_stm32f446xx.o(RESET)
 <LI><a href="#[81]">DirectSerial::seek(long, int)</a> from mbed/TARGET_NUCLEO_F446RE/TOOLCHAIN_ARM_STD/mbed_retarget.o(i._ZN12DirectSerial4seekEli) referenced from mbed/TARGET_NUCLEO_F446RE/TOOLCHAIN_ARM_STD/mbed_retarget.o(.constdata__ZTV12DirectSerial)
 <LI><a href="#[84]">DirectSerial::size()</a> from mbed/TARGET_NUCLEO_F446RE/TOOLCHAIN_ARM_STD/mbed_retarget.o(i._ZN12DirectSerial4sizeEv) referenced from mbed/TARGET_NUCLEO_F446RE/TOOLCHAIN_ARM_STD/mbed_retarget.o(.constdata__ZTV12DirectSerial)
 <LI><a href="#[82]">DirectSerial::close()</a> from mbed/TARGET_NUCLEO_F446RE/TOOLCHAIN_ARM_STD/mbed_retarget.o(i._ZN12DirectSerial5closeEv) referenced from mbed/TARGET_NUCLEO_F446RE/TOOLCHAIN_ARM_STD/mbed_retarget.o(.constdata__ZTV12DirectSerial)
 <LI><a href="#[80]">DirectSerial::write(const void*, unsigned)</a> from mbed/TARGET_NUCLEO_F446RE/TOOLCHAIN_ARM_STD/mbed_retarget.o(i._ZN12DirectSerial5writeEPKvj) referenced from mbed/TARGET_NUCLEO_F446RE/TOOLCHAIN_ARM_STD/mbed_retarget.o(.constdata__ZTV12DirectSerial)
 <LI><a href="#[83]">DirectSerial::isatty()</a> from mbed/TARGET_NUCLEO_F446RE/TOOLCHAIN_ARM_STD/mbed_retarget.o(i._ZN12DirectSerial6isattyEv) referenced from mbed/TARGET_NUCLEO_F446RE/TOOLCHAIN_ARM_STD/mbed_retarget.o(.constdata__ZTV12DirectSerial)
 <LI><a href="#[73]">DirectSerial::~DirectSerial()</a> from mbed/TARGET_NUCLEO_F446RE/TOOLCHAIN_ARM_STD/mbed_retarget.o(i._ZN12DirectSerialD1Ev) referenced from mbed/TARGET_NUCLEO_F446RE/TOOLCHAIN_ARM_STD/mbed_retarget.o(.constdata__ZTV12DirectSerial)
 <LI><a href="#[73]">DirectSerial::~DirectSerial()</a> from mbed/TARGET_NUCLEO_F446RE/TOOLCHAIN_ARM_STD/mbed_retarget.o(i._ZN12DirectSerialD1Ev) referenced from mbed/TARGET_NUCLEO_F446RE/TOOLCHAIN_ARM_STD/mbed_retarget.o(i._Z7get_fhci)
 <LI><a href="#[74]">mbed::TimerEvent::irq(unsigned)</a> from mbed/TARGET_NUCLEO_F446RE/TOOLCHAIN_ARM_STD/mbed.ar(TimerEvent.o)(i._ZN4mbed10TimerEvent3irqEj) referenced from mbed/TARGET_NUCLEO_F446RE/TOOLCHAIN_ARM_STD/mbed.ar(TimerEvent.o)(i._ZN4mbed10TimerEventC2Ev)
 <LI><a href="#[85]">mbed::TimerEvent::~TimerEvent__sub_object()</a> from mbed/TARGET_NUCLEO_F446RE/TOOLCHAIN_ARM_STD/mbed.ar(TimerEvent.o)(i._ZN4mbed10TimerEventD2Ev) referenced from mbed/TARGET_NUCLEO_F446RE/TOOLCHAIN_ARM_STD/mbed.ar(TimerEvent.o)(.constdata__ZTVN4mbed10TimerEventE)
 <LI><a href="#[76]">mbed::PwmOut::~PwmOut()</a> from .\build\main.o(i._ZN4mbed6PwmOutD1Ev) referenced from .\build\main.o(i.__sti___8_main_cpp_button)
 <LI><a href="#[88]">mbed::Ticker::handler()</a> from mbed/TARGET_NUCLEO_F446RE/TOOLCHAIN_ARM_STD/mbed.ar(Ticker.o)(i._ZN4mbed6Ticker7handlerEv) referenced from mbed/TARGET_NUCLEO_F446RE/TOOLCHAIN_ARM_STD/mbed.ar(Ticker.o)(.constdata__ZTVN4mbed6TickerE)
 <LI><a href="#[87]">mbed::Ticker::~Ticker()</a> from mbed/TARGET_NUCLEO_F446RE/TOOLCHAIN_ARM_STD/mbed.ar(Ticker.o)(i._ZN4mbed6TickerD1Ev) referenced from mbed/TARGET_NUCLEO_F446RE/TOOLCHAIN_ARM_STD/mbed.ar(Ticker.o)(.constdata__ZTVN4mbed6TickerE)
 <LI><a href="#[89]">void mbed::Callback&lang;void()&rang;::function_call&lang;mbed::Callback&lang;void()&rang;::method_context&lang;Stepper, void(Stepper::*)()&rang;&rang;(const void*)</a> from .\build\stepper.o(t._ZN4mbed8CallbackIFvvEE13function_callINS2_14method_contextI7StepperMS5_FvvEEEEEvPKv) referenced from .\build\stepper.o(.constdata__ZZN4mbed8CallbackIFvvEE8generateINS2_14method_contextI7StepperMS5_FvvEEEEEvRKT_E3ops)
 <LI><a href="#[8c]">void mbed::Callback&lang;void()&rang;::function_call&lang;void(*)()&rang;(const void*)</a> from .\build\stepper.o(t._ZN4mbed8CallbackIFvvEE13function_callIPS1_EEvPKv) referenced from .\build\stepper.o(.constdata__ZZN4mbed8CallbackIFvvEE8generateIPS1_EEvRKT_E3ops)
 <LI><a href="#[8b]">void mbed::Callback&lang;void()&rang;::function_dtor&lang;mbed::Callback&lang;void()&rang;::method_context&lang;Stepper, void(Stepper::*)()&rang;&rang;(void*)</a> from .\build\stepper.o(t._ZN4mbed8CallbackIFvvEE13function_dtorINS2_14method_contextI7StepperMS5_FvvEEEEEvPv) referenced from .\build\stepper.o(.constdata__ZZN4mbed8CallbackIFvvEE8generateINS2_14method_contextI7StepperMS5_FvvEEEEEvRKT_E3ops)
 <LI><a href="#[8e]">void mbed::Callback&lang;void()&rang;::function_dtor&lang;void(*)()&rang;(void*)</a> from .\build\stepper.o(t._ZN4mbed8CallbackIFvvEE13function_dtorIPS1_EEvPv) referenced from .\build\stepper.o(.constdata__ZZN4mbed8CallbackIFvvEE8generateIPS1_EEvRKT_E3ops)
 <LI><a href="#[8a]">void mbed::Callback&lang;void()&rang;::function_move&lang;mbed::Callback&lang;void()&rang;::method_context&lang;Stepper, void(Stepper::*)()&rang;&rang;(void*, const void*)</a> from .\build\stepper.o(t._ZN4mbed8CallbackIFvvEE13function_moveINS2_14method_contextI7StepperMS5_FvvEEEEEvPvPKv) referenced from .\build\stepper.o(.constdata__ZZN4mbed8CallbackIFvvEE8generateINS2_14method_contextI7StepperMS5_FvvEEEEEvRKT_E3ops)
 <LI><a href="#[8d]">void mbed::Callback&lang;void()&rang;::function_move&lang;void(*)()&rang;(void*, const void*)</a> from .\build\stepper.o(t._ZN4mbed8CallbackIFvvEE13function_moveIPS1_EEvPvPKv) referenced from .\build\stepper.o(.constdata__ZZN4mbed8CallbackIFvvEE8generateIPS1_EEvRKT_E3ops)
 <LI><a href="#[77]">Stepper::step()</a> from .\build\stepper.o(i._ZN7Stepper4stepEv) referenced from .\build\stepper.o(.constdata)
 <LI><a href="#[78]">Stepper::inc_s()</a> from .\build\stepper.o(i._ZN7Stepper5inc_sEv) referenced from .\build\stepper.o(.constdata)
 <LI><a href="#[75]">Stepper::~Stepper()</a> from .\build\main.o(i._ZN7StepperD1Ev) referenced from .\build\main.o(i.__sti___8_main_cpp_button)
 <LI><a href="#[86]">__cxa_pure_virtual</a> from C:\Keil_v5\ARM\ARMCC\Bin\..\lib\cpplib\cpprt_w.l(pure_virt.o)(i.__cxa_pure_virtual) referenced from mbed/TARGET_NUCLEO_F446RE/TOOLCHAIN_ARM_STD/mbed.ar(TimerEvent.o)(.constdata__ZTVN4mbed10TimerEventE)
 <LI><a href="#[91]">__main</a> from C:\Keil_v5\ARM\ARMCC\Bin\..\lib\armlib\c_w.l(__main.o)(!!!main) referenced from mbed/TARGET_NUCLEO_F446RE/TOOLCHAIN_ARM_STD/startup_stm32f446xx.o(.text)
 <LI><a href="#[8f]">__sti___8_main_cpp_button</a> from .\build\main.o(i.__sti___8_main_cpp_button) referenced from .\build\main.o(.init_array)
 <LI><a href="#[71]">_get_lc_ctype</a> from C:\Keil_v5\ARM\ARMCC\Bin\..\lib\armlib\c_w.l(lc_ctype_c.o)(locale$$code) referenced from C:\Keil_v5\ARM\ARMCC\Bin\..\lib\armlib\c_w.l(rt_ctype_table.o)(.text)
 <LI><a href="#[6f]">_printf_input_char</a> from C:\Keil_v5\ARM\ARMCC\Bin\..\lib\armlib\c_w.l(_printf_char_common.o)(.text) referenced from C:\Keil_v5\ARM\ARMCC\Bin\..\lib\armlib\c_w.l(_printf_char_common.o)(.text)
 <LI><a href="#[6e]">_snputc</a> from C:\Keil_v5\ARM\ARMCC\Bin\..\lib\armlib\c_w.l(_snputc.o)(.text) referenced from C:\Keil_v5\ARM\ARMCC\Bin\..\lib\armlib\c_w.l(vsnprintf.o)(.text)
 <LI><a href="#[70]">fputc</a> from C:\Keil_v5\ARM\ARMCC\Bin\..\lib\armlib\c_w.l(fputc.o)(i.fputc) referenced from C:\Keil_v5\ARM\ARMCC\Bin\..\lib\armlib\c_w.l(_printf_char_file.o)(.text)
 <LI><a href="#[90]">ticker_irq_handler</a> from mbed/TARGET_NUCLEO_F446RE/TOOLCHAIN_ARM_STD/mbed.ar(mbed_ticker_api.o)(i.ticker_irq_handler) referenced from mbed/TARGET_NUCLEO_F446RE/TOOLCHAIN_ARM_STD/mbed.ar(mbed_us_ticker_api.o)(.data)
 <LI><a href="#[72]">timer_irq_handler</a> from mbed/TARGET_NUCLEO_F446RE/TOOLCHAIN_ARM_STD/hal_tick_32b.o(i.timer_irq_handler) referenced from mbed/TARGET_NUCLEO_F446RE/TOOLCHAIN_ARM_STD/hal_tick_32b.o(i.HAL_InitTick)
 <LI><a href="#[7c]">us_ticker_clear_interrupt</a> from mbed/TARGET_NUCLEO_F446RE/TOOLCHAIN_ARM_STD/us_ticker_32b.o(i.us_ticker_clear_interrupt) referenced from mbed/TARGET_NUCLEO_F446RE/TOOLCHAIN_ARM_STD/mbed.ar(mbed_us_ticker_api.o)(.constdata)
 <LI><a href="#[7b]">us_ticker_disable_interrupt</a> from mbed/TARGET_NUCLEO_F446RE/TOOLCHAIN_ARM_STD/us_ticker_32b.o(i.us_ticker_disable_interrupt) referenced from mbed/TARGET_NUCLEO_F446RE/TOOLCHAIN_ARM_STD/mbed.ar(mbed_us_ticker_api.o)(.constdata)
 <LI><a href="#[7e]">us_ticker_fire_interrupt</a> from mbed/TARGET_NUCLEO_F446RE/TOOLCHAIN_ARM_STD/us_ticker_32b.o(i.us_ticker_fire_interrupt) referenced from mbed/TARGET_NUCLEO_F446RE/TOOLCHAIN_ARM_STD/mbed.ar(mbed_us_ticker_api.o)(.constdata)
 <LI><a href="#[7f]">us_ticker_get_info</a> from mbed/TARGET_NUCLEO_F446RE/TOOLCHAIN_ARM_STD/mbed_retarget.o(i.us_ticker_get_info) referenced from mbed/TARGET_NUCLEO_F446RE/TOOLCHAIN_ARM_STD/mbed.ar(mbed_us_ticker_api.o)(.constdata)
 <LI><a href="#[79]">us_ticker_init</a> from mbed/TARGET_NUCLEO_F446RE/TOOLCHAIN_ARM_STD/us_ticker_32b.o(i.us_ticker_init) referenced from mbed/TARGET_NUCLEO_F446RE/TOOLCHAIN_ARM_STD/mbed.ar(mbed_us_ticker_api.o)(.constdata)
 <LI><a href="#[7a]">us_ticker_read</a> from mbed/TARGET_NUCLEO_F446RE/TOOLCHAIN_ARM_STD/us_ticker_32b.o(i.us_ticker_read) referenced from mbed/TARGET_NUCLEO_F446RE/TOOLCHAIN_ARM_STD/mbed.ar(mbed_us_ticker_api.o)(.constdata)
 <LI><a href="#[7d]">us_ticker_set_interrupt</a> from mbed/TARGET_NUCLEO_F446RE/TOOLCHAIN_ARM_STD/us_ticker_32b.o(i.us_ticker_set_interrupt) referenced from mbed/TARGET_NUCLEO_F446RE/TOOLCHAIN_ARM_STD/mbed.ar(mbed_us_ticker_api.o)(.constdata)
</UL>
<P>
<H3>
Global Symbols
</H3>
<P><STRONG><a name="[91]"></a>__main</STRONG> (Thumb, 8 bytes, Stack size 0 bytes, C:\Keil_v5\ARM\ARMCC\Bin\..\lib\armlib\c_w.l(__main.o)(!!!main))
<BR><BR>[Calls]<UL><LI><a href="#[94]">&gt;&gt;</a>&nbsp;&nbsp;&nbsp;__rt_entry
<LI><a href="#[93]">&gt;&gt;</a>&nbsp;&nbsp;&nbsp;__scatterload
</UL>

<P><STRONG><a name="[93]"></a>__scatterload</STRONG> (Thumb, 0 bytes, Stack size 0 bytes, C:\Keil_v5\ARM\ARMCC\Bin\..\lib\armlib\c_w.l(__scatter.o)(!!!scatter))
<BR><BR>[Called By]<UL><LI><a href="#[91]">&gt;&gt;</a>&nbsp;&nbsp;&nbsp;__main
</UL>

<P><STRONG><a name="[95]"></a>__scatterload_rt2</STRONG> (Thumb, 44 bytes, Stack size 0 bytes, C:\Keil_v5\ARM\ARMCC\Bin\..\lib\armlib\c_w.l(__scatter.o)(!!!scatter), UNUSED)
<BR><BR>[Calls]<UL><LI><a href="#[94]">&gt;&gt;</a>&nbsp;&nbsp;&nbsp;__rt_entry
</UL>

<P><STRONG><a name="[96]"></a>__scatterload_copy</STRONG> (Thumb, 26 bytes, Stack size 0 bytes, C:\Keil_v5\ARM\ARMCC\Bin\..\lib\armlib\c_w.l(__scatter_copy.o)(!!handler_copy), UNUSED)
<BR><BR>[Calls]<UL><LI><a href="#[96]">&gt;&gt;</a>&nbsp;&nbsp;&nbsp;__scatterload_copy
</UL>
<BR>[Called By]<UL><LI><a href="#[96]">&gt;&gt;</a>&nbsp;&nbsp;&nbsp;__scatterload_copy
</UL>

<P><STRONG><a name="[97]"></a>_printf_n</STRONG> (Thumb, 0 bytes, Stack size 0 bytes, C:\Keil_v5\ARM\ARMCC\Bin\..\lib\armlib\c_w.l(_printf_n.o)(.ARM.Collect$$_printf_percent$$00000001))
<BR><BR>[Calls]<UL><LI><a href="#[98]">&gt;&gt;</a>&nbsp;&nbsp;&nbsp;_printf_charcount
</UL>

<P><STRONG><a name="[f4]"></a>_printf_percent</STRONG> (Thumb, 0 bytes, Stack size 0 bytes, C:\Keil_v5\ARM\ARMCC\Bin\..\lib\armlib\c_w.l(_printf_percent.o)(.ARM.Collect$$_printf_percent$$00000000))
<BR><BR>[Called By]<UL><LI><a href="#[ec]">&gt;&gt;</a>&nbsp;&nbsp;&nbsp;__printf
</UL>

<P><STRONG><a name="[99]"></a>_printf_p</STRONG> (Thumb, 0 bytes, Stack size 0 bytes, C:\Keil_v5\ARM\ARMCC\Bin\..\lib\armlib\c_w.l(_printf_p.o)(.ARM.Collect$$_printf_percent$$00000002))
<BR><BR>[Calls]<UL><LI><a href="#[9a]">&gt;&gt;</a>&nbsp;&nbsp;&nbsp;_printf_hex_ptr
</UL>

<P><STRONG><a name="[9b]"></a>_printf_f</STRONG> (Thumb, 0 bytes, Stack size 0 bytes, C:\Keil_v5\ARM\ARMCC\Bin\..\lib\armlib\c_w.l(_printf_f.o)(.ARM.Collect$$_printf_percent$$00000003))
<BR><BR>[Calls]<UL><LI><a href="#[9c]">&gt;&gt;</a>&nbsp;&nbsp;&nbsp;_printf_fp_dec
</UL>

<P><STRONG><a name="[9d]"></a>_printf_e</STRONG> (Thumb, 0 bytes, Stack size 0 bytes, C:\Keil_v5\ARM\ARMCC\Bin\..\lib\armlib\c_w.l(_printf_e.o)(.ARM.Collect$$_printf_percent$$00000004))
<BR><BR>[Calls]<UL><LI><a href="#[9c]">&gt;&gt;</a>&nbsp;&nbsp;&nbsp;_printf_fp_dec
</UL>

<P><STRONG><a name="[9e]"></a>_printf_g</STRONG> (Thumb, 0 bytes, Stack size 0 bytes, C:\Keil_v5\ARM\ARMCC\Bin\..\lib\armlib\c_w.l(_printf_g.o)(.ARM.Collect$$_printf_percent$$00000005))
<BR><BR>[Calls]<UL><LI><a href="#[9c]">&gt;&gt;</a>&nbsp;&nbsp;&nbsp;_printf_fp_dec
</UL>

<P><STRONG><a name="[9f]"></a>_printf_a</STRONG> (Thumb, 0 bytes, Stack size 0 bytes, C:\Keil_v5\ARM\ARMCC\Bin\..\lib\armlib\c_w.l(_printf_a.o)(.ARM.Collect$$_printf_percent$$00000006))
<BR><BR>[Calls]<UL><LI><a href="#[a0]">&gt;&gt;</a>&nbsp;&nbsp;&nbsp;_printf_fp_hex
</UL>

<P><STRONG><a name="[a1]"></a>_printf_i</STRONG> (Thumb, 0 bytes, Stack size 0 bytes, C:\Keil_v5\ARM\ARMCC\Bin\..\lib\armlib\c_w.l(_printf_i.o)(.ARM.Collect$$_printf_percent$$00000008))
<BR><BR>[Calls]<UL><LI><a href="#[a2]">&gt;&gt;</a>&nbsp;&nbsp;&nbsp;_printf_int_dec
</UL>

<P><STRONG><a name="[a3]"></a>_printf_d</STRONG> (Thumb, 0 bytes, Stack size 0 bytes, C:\Keil_v5\ARM\ARMCC\Bin\..\lib\armlib\c_w.l(_printf_d.o)(.ARM.Collect$$_printf_percent$$00000009))
<BR><BR>[Calls]<UL><LI><a href="#[a2]">&gt;&gt;</a>&nbsp;&nbsp;&nbsp;_printf_int_dec
</UL>

<P><STRONG><a name="[a4]"></a>_printf_u</STRONG> (Thumb, 0 bytes, Stack size 0 bytes, C:\Keil_v5\ARM\ARMCC\Bin\..\lib\armlib\c_w.l(_printf_u.o)(.ARM.Collect$$_printf_percent$$0000000A))
<BR><BR>[Calls]<UL><LI><a href="#[a2]">&gt;&gt;</a>&nbsp;&nbsp;&nbsp;_printf_int_dec
</UL>

<P><STRONG><a name="[a5]"></a>_printf_o</STRONG> (Thumb, 0 bytes, Stack size 0 bytes, C:\Keil_v5\ARM\ARMCC\Bin\..\lib\armlib\c_w.l(_printf_o.o)(.ARM.Collect$$_printf_percent$$0000000B))
<BR><BR>[Calls]<UL><LI><a href="#[a6]">&gt;&gt;</a>&nbsp;&nbsp;&nbsp;_printf_int_oct
</UL>

<P><STRONG><a name="[a7]"></a>_printf_x</STRONG> (Thumb, 0 bytes, Stack size 0 bytes, C:\Keil_v5\ARM\ARMCC\Bin\..\lib\armlib\c_w.l(_printf_x.o)(.ARM.Collect$$_printf_percent$$0000000C))
<BR><BR>[Calls]<UL><LI><a href="#[a8]">&gt;&gt;</a>&nbsp;&nbsp;&nbsp;_printf_int_hex
</UL>

<P><STRONG><a name="[a9]"></a>_printf_lli</STRONG> (Thumb, 0 bytes, Stack size 0 bytes, C:\Keil_v5\ARM\ARMCC\Bin\..\lib\armlib\c_w.l(_printf_lli.o)(.ARM.Collect$$_printf_percent$$0000000D))
<BR><BR>[Calls]<UL><LI><a href="#[aa]">&gt;&gt;</a>&nbsp;&nbsp;&nbsp;_printf_longlong_dec
</UL>

<P><STRONG><a name="[ab]"></a>_printf_lld</STRONG> (Thumb, 0 bytes, Stack size 0 bytes, C:\Keil_v5\ARM\ARMCC\Bin\..\lib\armlib\c_w.l(_printf_lld.o)(.ARM.Collect$$_printf_percent$$0000000E))
<BR><BR>[Calls]<UL><LI><a href="#[aa]">&gt;&gt;</a>&nbsp;&nbsp;&nbsp;_printf_longlong_dec
</UL>

<P><STRONG><a name="[ac]"></a>_printf_llu</STRONG> (Thumb, 0 bytes, Stack size 0 bytes, C:\Keil_v5\ARM\ARMCC\Bin\..\lib\armlib\c_w.l(_printf_llu.o)(.ARM.Collect$$_printf_percent$$0000000F))
<BR><BR>[Calls]<UL><LI><a href="#[aa]">&gt;&gt;</a>&nbsp;&nbsp;&nbsp;_printf_longlong_dec
</UL>

<P><STRONG><a name="[ad]"></a>_printf_llo</STRONG> (Thumb, 0 bytes, Stack size 0 bytes, C:\Keil_v5\ARM\ARMCC\Bin\..\lib\armlib\c_w.l(_printf_llo.o)(.ARM.Collect$$_printf_percent$$00000010))
<BR><BR>[Calls]<UL><LI><a href="#[ae]">&gt;&gt;</a>&nbsp;&nbsp;&nbsp;_printf_ll_oct
</UL>

<P><STRONG><a name="[af]"></a>_printf_llx</STRONG> (Thumb, 0 bytes, Stack size 0 bytes, C:\Keil_v5\ARM\ARMCC\Bin\..\lib\armlib\c_w.l(_printf_llx.o)(.ARM.Collect$$_printf_percent$$00000011))
<BR><BR>[Calls]<UL><LI><a href="#[b0]">&gt;&gt;</a>&nbsp;&nbsp;&nbsp;_printf_ll_hex
</UL>

<P><STRONG><a name="[b1]"></a>_printf_c</STRONG> (Thumb, 0 bytes, Stack size 0 bytes, C:\Keil_v5\ARM\ARMCC\Bin\..\lib\armlib\c_w.l(_printf_c.o)(.ARM.Collect$$_printf_percent$$00000013))
<BR><BR>[Calls]<UL><LI><a href="#[b2]">&gt;&gt;</a>&nbsp;&nbsp;&nbsp;_printf_char
</UL>

<P><STRONG><a name="[b3]"></a>_printf_s</STRONG> (Thumb, 0 bytes, Stack size 0 bytes, C:\Keil_v5\ARM\ARMCC\Bin\..\lib\armlib\c_w.l(_printf_s.o)(.ARM.Collect$$_printf_percent$$00000014))
<BR><BR>[Calls]<UL><LI><a href="#[b4]">&gt;&gt;</a>&nbsp;&nbsp;&nbsp;_printf_string
</UL>

<P><STRONG><a name="[b5]"></a>_printf_lc</STRONG> (Thumb, 0 bytes, Stack size 0 bytes, C:\Keil_v5\ARM\ARMCC\Bin\..\lib\armlib\c_w.l(_printf_lc.o)(.ARM.Collect$$_printf_percent$$00000015))
<BR><BR>[Calls]<UL><LI><a href="#[b6]">&gt;&gt;</a>&nbsp;&nbsp;&nbsp;_printf_wchar
</UL>

<P><STRONG><a name="[b7]"></a>_printf_ls</STRONG> (Thumb, 0 bytes, Stack size 0 bytes, C:\Keil_v5\ARM\ARMCC\Bin\..\lib\armlib\c_w.l(_printf_ls.o)(.ARM.Collect$$_printf_percent$$00000016))
<BR><BR>[Calls]<UL><LI><a href="#[b8]">&gt;&gt;</a>&nbsp;&nbsp;&nbsp;_printf_wstring
</UL>

<P><STRONG><a name="[ca]"></a>__rt_lib_init</STRONG> (Thumb, 0 bytes, Stack size 0 bytes, C:\Keil_v5\ARM\ARMCC\Bin\..\lib\armlib\c_w.l(libinit.o)(.ARM.Collect$$libinit$$00000000))
<BR><BR>[Called By]<UL><LI><a href="#[c9]">&gt;&gt;</a>&nbsp;&nbsp;&nbsp;__rt_entry_li
</UL>

<P><STRONG><a name="[b9]"></a>__rt_lib_init_fp_1</STRONG> (Thumb, 0 bytes, Stack size 0 bytes, C:\Keil_v5\ARM\ARMCC\Bin\..\lib\armlib\c_w.l(libinit2.o)(.ARM.Collect$$libinit$$00000001))
<BR><BR>[Calls]<UL><LI><a href="#[ba]">&gt;&gt;</a>&nbsp;&nbsp;&nbsp;_fp_init
</UL>

<P><STRONG><a name="[bb]"></a>__rt_lib_init_heap_2</STRONG> (Thumb, 0 bytes, Stack size 0 bytes, C:\Keil_v5\ARM\ARMCC\Bin\..\lib\armlib\c_w.l(libinit2.o)(.ARM.Collect$$libinit$$00000005))
<BR><BR>[Calls]<UL><LI><a href="#[bc]">&gt;&gt;</a>&nbsp;&nbsp;&nbsp;_init_alloc
</UL>

<P><STRONG><a name="[bd]"></a>__rt_lib_init_lc_common</STRONG> (Thumb, 0 bytes, Stack size 0 bytes, C:\Keil_v5\ARM\ARMCC\Bin\..\lib\armlib\c_w.l(libinit2.o)(.ARM.Collect$$libinit$$0000000F))
<BR><BR>[Calls]<UL><LI><a href="#[be]">&gt;&gt;</a>&nbsp;&nbsp;&nbsp;__rt_locale
</UL>

<P><STRONG><a name="[bf]"></a>__rt_lib_init_lc_ctype_2</STRONG> (Thumb, 0 bytes, Stack size 0 bytes, C:\Keil_v5\ARM\ARMCC\Bin\..\lib\armlib\c_w.l(libinit2.o)(.ARM.Collect$$libinit$$00000012))
<BR><BR>[Calls]<UL><LI><a href="#[71]">&gt;&gt;</a>&nbsp;&nbsp;&nbsp;_get_lc_ctype
</UL>

<P><STRONG><a name="[c0]"></a>__rt_lib_init_lc_numeric_2</STRONG> (Thumb, 0 bytes, Stack size 0 bytes, C:\Keil_v5\ARM\ARMCC\Bin\..\lib\armlib\c_w.l(libinit2.o)(.ARM.Collect$$libinit$$00000016))
<BR><BR>[Calls]<UL><LI><a href="#[c1]">&gt;&gt;</a>&nbsp;&nbsp;&nbsp;_get_lc_numeric
</UL>

<P><STRONG><a name="[c2]"></a>__rt_lib_init_stdio_2</STRONG> (Thumb, 0 bytes, Stack size 0 bytes, C:\Keil_v5\ARM\ARMCC\Bin\..\lib\armlib\c_w.l(libinit2.o)(.ARM.Collect$$libinit$$00000024))
<BR><BR>[Calls]<UL><LI><a href="#[c3]">&gt;&gt;</a>&nbsp;&nbsp;&nbsp;_initio
</UL>

<P><STRONG><a name="[c4]"></a>__rt_lib_init_cpp_2</STRONG> (Thumb, 0 bytes, Stack size 0 bytes, C:\Keil_v5\ARM\ARMCC\Bin\..\lib\armlib\c_w.l(libinit2.o)(.ARM.Collect$$libinit$$00000031))
<BR><BR>[Calls]<UL><LI><a href="#[92]">&gt;&gt;</a>&nbsp;&nbsp;&nbsp;__cpp_initialize__aeabi_
</UL>

<P><STRONG><a name="[94]"></a>__rt_entry</STRONG> (Thumb, 0 bytes, Stack size 0 bytes, C:\Keil_v5\ARM\ARMCC\Bin\..\lib\armlib\c_w.l(__rtentry.o)(.ARM.Collect$$rtentry$$00000000))
<BR><BR>[Called By]<UL><LI><a href="#[91]">&gt;&gt;</a>&nbsp;&nbsp;&nbsp;__main
<LI><a href="#[95]">&gt;&gt;</a>&nbsp;&nbsp;&nbsp;__scatterload_rt2
</UL>

<P><STRONG><a name="[c5]"></a>__rt_entry_sh</STRONG> (Thumb, 0 bytes, Stack size 0 bytes, C:\Keil_v5\ARM\ARMCC\Bin\..\lib\armlib\c_w.l(__rtentry4.o)(.ARM.Collect$$rtentry$$00000004))
<BR><BR>[Calls]<UL><LI><a href="#[c6]">&gt;&gt;</a>&nbsp;&nbsp;&nbsp;__user_setup_stackheap
</UL>

<P><STRONG><a name="[c7]"></a>__rt_entry_postsh_1</STRONG> (Thumb, 0 bytes, Stack size 0 bytes, C:\Keil_v5\ARM\ARMCC\Bin\..\lib\armlib\c_w.l(__rtentry2.o)(.ARM.Collect$$rtentry$$00000008))
<BR><BR>[Calls]<UL><LI><a href="#[c8]">&gt;&gt;</a>&nbsp;&nbsp;&nbsp;_platform_post_stackheap_init
</UL>

<P><STRONG><a name="[c9]"></a>__rt_entry_li</STRONG> (Thumb, 0 bytes, Stack size 0 bytes, C:\Keil_v5\ARM\ARMCC\Bin\..\lib\armlib\c_w.l(__rtentry2.o)(.ARM.Collect$$rtentry$$0000000A))
<BR><BR>[Calls]<UL><LI><a href="#[ca]">&gt;&gt;</a>&nbsp;&nbsp;&nbsp;__rt_lib_init
</UL>

<P><STRONG><a name="[cb]"></a>__rt_entry_main</STRONG> (Thumb, 0 bytes, Stack size 0 bytes, C:\Keil_v5\ARM\ARMCC\Bin\..\lib\armlib\c_w.l(__rtentry2.o)(.ARM.Collect$$rtentry$$0000000D))
<BR><BR>[Calls]<UL><LI><a href="#[cc]">&gt;&gt;</a>&nbsp;&nbsp;&nbsp;main
<LI><a href="#[cd]">&gt;&gt;</a>&nbsp;&nbsp;&nbsp;exit
</UL>

<P><STRONG><a name="[c]"></a>Reset_Handler</STRONG> (Thumb, 8 bytes, Stack size 0 bytes, mbed/TARGET_NUCLEO_F446RE/TOOLCHAIN_ARM_STD/startup_stm32f446xx.o(.text))
<BR>[Address Reference Count : 1]<UL><LI> startup_stm32f446xx.o(RESET)
</UL>
<P><STRONG><a name="[d]"></a>NMI_Handler</STRONG> (Thumb, 2 bytes, Stack size 0 bytes, mbed/TARGET_NUCLEO_F446RE/TOOLCHAIN_ARM_STD/startup_stm32f446xx.o(.text))
<BR><BR>[Calls]<UL><LI><a href="#[d]">&gt;&gt;</a>&nbsp;&nbsp;&nbsp;NMI_Handler
</UL>
<BR>[Called By]<UL><LI><a href="#[d]">&gt;&gt;</a>&nbsp;&nbsp;&nbsp;NMI_Handler
</UL>
<BR>[Address Reference Count : 1]<UL><LI> startup_stm32f446xx.o(RESET)
</UL>
<P><STRONG><a name="[e]"></a>HardFault_Handler</STRONG> (Thumb, 2 bytes, Stack size 0 bytes, mbed/TARGET_NUCLEO_F446RE/TOOLCHAIN_ARM_STD/startup_stm32f446xx.o(.text))
<BR><BR>[Calls]<UL><LI><a href="#[e]">&gt;&gt;</a>&nbsp;&nbsp;&nbsp;HardFault_Handler
</UL>
<BR>[Called By]<UL><LI><a href="#[e]">&gt;&gt;</a>&nbsp;&nbsp;&nbsp;HardFault_Handler
</UL>
<BR>[Address Reference Count : 1]<UL><LI> startup_stm32f446xx.o(RESET)
</UL>
<P><STRONG><a name="[f]"></a>MemManage_Handler</STRONG> (Thumb, 2 bytes, Stack size 0 bytes, mbed/TARGET_NUCLEO_F446RE/TOOLCHAIN_ARM_STD/startup_stm32f446xx.o(.text))
<BR><BR>[Calls]<UL><LI><a href="#[f]">&gt;&gt;</a>&nbsp;&nbsp;&nbsp;MemManage_Handler
</UL>
<BR>[Called By]<UL><LI><a href="#[f]">&gt;&gt;</a>&nbsp;&nbsp;&nbsp;MemManage_Handler
</UL>
<BR>[Address Reference Count : 1]<UL><LI> startup_stm32f446xx.o(RESET)
</UL>
<P><STRONG><a name="[10]"></a>BusFault_Handler</STRONG> (Thumb, 2 bytes, Stack size 0 bytes, mbed/TARGET_NUCLEO_F446RE/TOOLCHAIN_ARM_STD/startup_stm32f446xx.o(.text))
<BR><BR>[Calls]<UL><LI><a href="#[10]">&gt;&gt;</a>&nbsp;&nbsp;&nbsp;BusFault_Handler
</UL>
<BR>[Called By]<UL><LI><a href="#[10]">&gt;&gt;</a>&nbsp;&nbsp;&nbsp;BusFault_Handler
</UL>
<BR>[Address Reference Count : 1]<UL><LI> startup_stm32f446xx.o(RESET)
</UL>
<P><STRONG><a name="[11]"></a>UsageFault_Handler</STRONG> (Thumb, 2 bytes, Stack size 0 bytes, mbed/TARGET_NUCLEO_F446RE/TOOLCHAIN_ARM_STD/startup_stm32f446xx.o(.text))
<BR><BR>[Calls]<UL><LI><a href="#[11]">&gt;&gt;</a>&nbsp;&nbsp;&nbsp;UsageFault_Handler
</UL>
<BR>[Called By]<UL><LI><a href="#[11]">&gt;&gt;</a>&nbsp;&nbsp;&nbsp;UsageFault_Handler
</UL>
<BR>[Address Reference Count : 1]<UL><LI> startup_stm32f446xx.o(RESET)
</UL>
<P><STRONG><a name="[12]"></a>SVC_Handler</STRONG> (Thumb, 2 bytes, Stack size 0 bytes, mbed/TARGET_NUCLEO_F446RE/TOOLCHAIN_ARM_STD/startup_stm32f446xx.o(.text))
<BR><BR>[Calls]<UL><LI><a href="#[12]">&gt;&gt;</a>&nbsp;&nbsp;&nbsp;SVC_Handler
</UL>
<BR>[Called By]<UL><LI><a href="#[12]">&gt;&gt;</a>&nbsp;&nbsp;&nbsp;SVC_Handler
</UL>
<BR>[Address Reference Count : 1]<UL><LI> startup_stm32f446xx.o(RESET)
</UL>
<P><STRONG><a name="[13]"></a>DebugMon_Handler</STRONG> (Thumb, 2 bytes, Stack size 0 bytes, mbed/TARGET_NUCLEO_F446RE/TOOLCHAIN_ARM_STD/startup_stm32f446xx.o(.text))
<BR><BR>[Calls]<UL><LI><a href="#[13]">&gt;&gt;</a>&nbsp;&nbsp;&nbsp;DebugMon_Handler
</UL>
<BR>[Called By]<UL><LI><a href="#[13]">&gt;&gt;</a>&nbsp;&nbsp;&nbsp;DebugMon_Handler
</UL>
<BR>[Address Reference Count : 1]<UL><LI> startup_stm32f446xx.o(RESET)
</UL>
<P><STRONG><a name="[14]"></a>PendSV_Handler</STRONG> (Thumb, 2 bytes, Stack size 0 bytes, mbed/TARGET_NUCLEO_F446RE/TOOLCHAIN_ARM_STD/startup_stm32f446xx.o(.text))
<BR><BR>[Calls]<UL><LI><a href="#[14]">&gt;&gt;</a>&nbsp;&nbsp;&nbsp;PendSV_Handler
</UL>
<BR>[Called By]<UL><LI><a href="#[14]">&gt;&gt;</a>&nbsp;&nbsp;&nbsp;PendSV_Handler
</UL>
<BR>[Address Reference Count : 1]<UL><LI> startup_stm32f446xx.o(RESET)
</UL>
<P><STRONG><a name="[15]"></a>SysTick_Handler</STRONG> (Thumb, 2 bytes, Stack size 0 bytes, mbed/TARGET_NUCLEO_F446RE/TOOLCHAIN_ARM_STD/startup_stm32f446xx.o(.text))
<BR><BR>[Calls]<UL><LI><a href="#[15]">&gt;&gt;</a>&nbsp;&nbsp;&nbsp;SysTick_Handler
</UL>
<BR>[Called By]<UL><LI><a href="#[15]">&gt;&gt;</a>&nbsp;&nbsp;&nbsp;SysTick_Handler
</UL>
<BR>[Address Reference Count : 1]<UL><LI> startup_stm32f446xx.o(RESET)
</UL>
<P><STRONG><a name="[28]"></a>ADC_IRQHandler</STRONG> (Thumb, 0 bytes, Stack size 0 bytes, mbed/TARGET_NUCLEO_F446RE/TOOLCHAIN_ARM_STD/startup_stm32f446xx.o(.text))
<BR><BR>[Calls]<UL><LI><a href="#[28]">&gt;&gt;</a>&nbsp;&nbsp;&nbsp;ADC_IRQHandler
</UL>
<BR>[Called By]<UL><LI><a href="#[28]">&gt;&gt;</a>&nbsp;&nbsp;&nbsp;ADC_IRQHandler
</UL>
<BR>[Address Reference Count : 1]<UL><LI> startup_stm32f446xx.o(RESET)
</UL>
<P><STRONG><a name="[2b]"></a>CAN1_RX1_IRQHandler</STRONG> (Thumb, 0 bytes, Stack size 0 bytes, mbed/TARGET_NUCLEO_F446RE/TOOLCHAIN_ARM_STD/startup_stm32f446xx.o(.text))
<BR>[Address Reference Count : 1]<UL><LI> startup_stm32f446xx.o(RESET)
</UL>
<P><STRONG><a name="[55]"></a>CAN2_RX1_IRQHandler</STRONG> (Thumb, 0 bytes, Stack size 0 bytes, mbed/TARGET_NUCLEO_F446RE/TOOLCHAIN_ARM_STD/startup_stm32f446xx.o(.text))
<BR>[Address Reference Count : 1]<UL><LI> startup_stm32f446xx.o(RESET)
</UL>
<P><STRONG><a name="[68]"></a>CEC_IRQHandler</STRONG> (Thumb, 0 bytes, Stack size 0 bytes, mbed/TARGET_NUCLEO_F446RE/TOOLCHAIN_ARM_STD/startup_stm32f446xx.o(.text))
<BR>[Address Reference Count : 1]<UL><LI> startup_stm32f446xx.o(RESET)
</UL>
<P><STRONG><a name="[62]"></a>DCMI_IRQHandler</STRONG> (Thumb, 0 bytes, Stack size 0 bytes, mbed/TARGET_NUCLEO_F446RE/TOOLCHAIN_ARM_STD/startup_stm32f446xx.o(.text))
<BR>[Address Reference Count : 1]<UL><LI> startup_stm32f446xx.o(RESET)
</UL>
<P><STRONG><a name="[21]"></a>DMA1_Stream0_IRQHandler</STRONG> (Thumb, 0 bytes, Stack size 0 bytes, mbed/TARGET_NUCLEO_F446RE/TOOLCHAIN_ARM_STD/startup_stm32f446xx.o(.text))
<BR>[Address Reference Count : 1]<UL><LI> startup_stm32f446xx.o(RESET)
</UL>
<P><STRONG><a name="[22]"></a>DMA1_Stream1_IRQHandler</STRONG> (Thumb, 0 bytes, Stack size 0 bytes, mbed/TARGET_NUCLEO_F446RE/TOOLCHAIN_ARM_STD/startup_stm32f446xx.o(.text))
<BR>[Address Reference Count : 1]<UL><LI> startup_stm32f446xx.o(RESET)
</UL>
<P><STRONG><a name="[23]"></a>DMA1_Stream2_IRQHandler</STRONG> (Thumb, 0 bytes, Stack size 0 bytes, mbed/TARGET_NUCLEO_F446RE/TOOLCHAIN_ARM_STD/startup_stm32f446xx.o(.text))
<BR>[Address Reference Count : 1]<UL><LI> startup_stm32f446xx.o(RESET)
</UL>
<P><STRONG><a name="[24]"></a>DMA1_Stream3_IRQHandler</STRONG> (Thumb, 0 bytes, Stack size 0 bytes, mbed/TARGET_NUCLEO_F446RE/TOOLCHAIN_ARM_STD/startup_stm32f446xx.o(.text))
<BR>[Address Reference Count : 1]<UL><LI> startup_stm32f446xx.o(RESET)
</UL>
<P><STRONG><a name="[25]"></a>DMA1_Stream4_IRQHandler</STRONG> (Thumb, 0 bytes, Stack size 0 bytes, mbed/TARGET_NUCLEO_F446RE/TOOLCHAIN_ARM_STD/startup_stm32f446xx.o(.text))
<BR>[Address Reference Count : 1]<UL><LI> startup_stm32f446xx.o(RESET)
</UL>
<P><STRONG><a name="[26]"></a>DMA1_Stream5_IRQHandler</STRONG> (Thumb, 0 bytes, Stack size 0 bytes, mbed/TARGET_NUCLEO_F446RE/TOOLCHAIN_ARM_STD/startup_stm32f446xx.o(.text))
<BR>[Address Reference Count : 1]<UL><LI> startup_stm32f446xx.o(RESET)
</UL>
<P><STRONG><a name="[27]"></a>DMA1_Stream6_IRQHandler</STRONG> (Thumb, 0 bytes, Stack size 0 bytes, mbed/TARGET_NUCLEO_F446RE/TOOLCHAIN_ARM_STD/startup_stm32f446xx.o(.text))
<BR>[Address Reference Count : 1]<UL><LI> startup_stm32f446xx.o(RESET)
</UL>
<P><STRONG><a name="[45]"></a>DMA1_Stream7_IRQHandler</STRONG> (Thumb, 0 bytes, Stack size 0 bytes, mbed/TARGET_NUCLEO_F446RE/TOOLCHAIN_ARM_STD/startup_stm32f446xx.o(.text))
<BR>[Address Reference Count : 1]<UL><LI> startup_stm32f446xx.o(RESET)
</UL>
<P><STRONG><a name="[4e]"></a>DMA2_Stream0_IRQHandler</STRONG> (Thumb, 0 bytes, Stack size 0 bytes, mbed/TARGET_NUCLEO_F446RE/TOOLCHAIN_ARM_STD/startup_stm32f446xx.o(.text))
<BR>[Address Reference Count : 1]<UL><LI> startup_stm32f446xx.o(RESET)
</UL>
<P><STRONG><a name="[4f]"></a>DMA2_Stream1_IRQHandler</STRONG> (Thumb, 0 bytes, Stack size 0 bytes, mbed/TARGET_NUCLEO_F446RE/TOOLCHAIN_ARM_STD/startup_stm32f446xx.o(.text))
<BR>[Address Reference Count : 1]<UL><LI> startup_stm32f446xx.o(RESET)
</UL>
<P><STRONG><a name="[50]"></a>DMA2_Stream2_IRQHandler</STRONG> (Thumb, 0 bytes, Stack size 0 bytes, mbed/TARGET_NUCLEO_F446RE/TOOLCHAIN_ARM_STD/startup_stm32f446xx.o(.text))
<BR>[Address Reference Count : 1]<UL><LI> startup_stm32f446xx.o(RESET)
</UL>
<P><STRONG><a name="[51]"></a>DMA2_Stream3_IRQHandler</STRONG> (Thumb, 0 bytes, Stack size 0 bytes, mbed/TARGET_NUCLEO_F446RE/TOOLCHAIN_ARM_STD/startup_stm32f446xx.o(.text))
<BR>[Address Reference Count : 1]<UL><LI> startup_stm32f446xx.o(RESET)
</UL>
<P><STRONG><a name="[52]"></a>DMA2_Stream4_IRQHandler</STRONG> (Thumb, 0 bytes, Stack size 0 bytes, mbed/TARGET_NUCLEO_F446RE/TOOLCHAIN_ARM_STD/startup_stm32f446xx.o(.text))
<BR>[Address Reference Count : 1]<UL><LI> startup_stm32f446xx.o(RESET)
</UL>
<P><STRONG><a name="[58]"></a>DMA2_Stream5_IRQHandler</STRONG> (Thumb, 0 bytes, Stack size 0 bytes, mbed/TARGET_NUCLEO_F446RE/TOOLCHAIN_ARM_STD/startup_stm32f446xx.o(.text))
<BR>[Address Reference Count : 1]<UL><LI> startup_stm32f446xx.o(RESET)
</UL>
<P><STRONG><a name="[59]"></a>DMA2_Stream6_IRQHandler</STRONG> (Thumb, 0 bytes, Stack size 0 bytes, mbed/TARGET_NUCLEO_F446RE/TOOLCHAIN_ARM_STD/startup_stm32f446xx.o(.text))
<BR>[Address Reference Count : 1]<UL><LI> startup_stm32f446xx.o(RESET)
</UL>
<P><STRONG><a name="[5a]"></a>DMA2_Stream7_IRQHandler</STRONG> (Thumb, 0 bytes, Stack size 0 bytes, mbed/TARGET_NUCLEO_F446RE/TOOLCHAIN_ARM_STD/startup_stm32f446xx.o(.text))
<BR>[Address Reference Count : 1]<UL><LI> startup_stm32f446xx.o(RESET)
</UL>
<P><STRONG><a name="[1c]"></a>EXTI0_IRQHandler</STRONG> (Thumb, 0 bytes, Stack size 0 bytes, mbed/TARGET_NUCLEO_F446RE/TOOLCHAIN_ARM_STD/startup_stm32f446xx.o(.text))
<BR>[Address Reference Count : 1]<UL><LI> startup_stm32f446xx.o(RESET)
</UL>
<P><STRONG><a name="[3e]"></a>EXTI15_10_IRQHandler</STRONG> (Thumb, 0 bytes, Stack size 0 bytes, mbed/TARGET_NUCLEO_F446RE/TOOLCHAIN_ARM_STD/startup_stm32f446xx.o(.text))
<BR>[Address Reference Count : 1]<UL><LI> startup_stm32f446xx.o(RESET)
</UL>
<P><STRONG><a name="[1d]"></a>EXTI1_IRQHandler</STRONG> (Thumb, 0 bytes, Stack size 0 bytes, mbed/TARGET_NUCLEO_F446RE/TOOLCHAIN_ARM_STD/startup_stm32f446xx.o(.text))
<BR>[Address Reference Count : 1]<UL><LI> startup_stm32f446xx.o(RESET)
</UL>
<P><STRONG><a name="[1e]"></a>EXTI2_IRQHandler</STRONG> (Thumb, 0 bytes, Stack size 0 bytes, mbed/TARGET_NUCLEO_F446RE/TOOLCHAIN_ARM_STD/startup_stm32f446xx.o(.text))
<BR>[Address Reference Count : 1]<UL><LI> startup_stm32f446xx.o(RESET)
</UL>
<P><STRONG><a name="[1f]"></a>EXTI3_IRQHandler</STRONG> (Thumb, 0 bytes, Stack size 0 bytes, mbed/TARGET_NUCLEO_F446RE/TOOLCHAIN_ARM_STD/startup_stm32f446xx.o(.text))
<BR>[Address Reference Count : 1]<UL><LI> startup_stm32f446xx.o(RESET)
</UL>
<P><STRONG><a name="[20]"></a>EXTI4_IRQHandler</STRONG> (Thumb, 0 bytes, Stack size 0 bytes, mbed/TARGET_NUCLEO_F446RE/TOOLCHAIN_ARM_STD/startup_stm32f446xx.o(.text))
<BR>[Address Reference Count : 1]<UL><LI> startup_stm32f446xx.o(RESET)
</UL>
<P><STRONG><a name="[2d]"></a>EXTI9_5_IRQHandler</STRONG> (Thumb, 0 bytes, Stack size 0 bytes, mbed/TARGET_NUCLEO_F446RE/TOOLCHAIN_ARM_STD/startup_stm32f446xx.o(.text))
<BR>[Address Reference Count : 1]<UL><LI> startup_stm32f446xx.o(RESET)
</UL>
<P><STRONG><a name="[1a]"></a>FLASH_IRQHandler</STRONG> (Thumb, 0 bytes, Stack size 0 bytes, mbed/TARGET_NUCLEO_F446RE/TOOLCHAIN_ARM_STD/startup_stm32f446xx.o(.text))
<BR>[Address Reference Count : 1]<UL><LI> startup_stm32f446xx.o(RESET)
</UL>
<P><STRONG><a name="[46]"></a>FMC_IRQHandler</STRONG> (Thumb, 0 bytes, Stack size 0 bytes, mbed/TARGET_NUCLEO_F446RE/TOOLCHAIN_ARM_STD/startup_stm32f446xx.o(.text))
<BR>[Address Reference Count : 1]<UL><LI> startup_stm32f446xx.o(RESET)
</UL>
<P><STRONG><a name="[63]"></a>FPU_IRQHandler</STRONG> (Thumb, 0 bytes, Stack size 0 bytes, mbed/TARGET_NUCLEO_F446RE/TOOLCHAIN_ARM_STD/startup_stm32f446xx.o(.text))
<BR>[Address Reference Count : 1]<UL><LI> startup_stm32f446xx.o(RESET)
</UL>
<P><STRONG><a name="[36]"></a>I2C1_ER_IRQHandler</STRONG> (Thumb, 0 bytes, Stack size 0 bytes, mbed/TARGET_NUCLEO_F446RE/TOOLCHAIN_ARM_STD/startup_stm32f446xx.o(.text))
<BR>[Address Reference Count : 1]<UL><LI> startup_stm32f446xx.o(RESET)
</UL>
<P><STRONG><a name="[35]"></a>I2C1_EV_IRQHandler</STRONG> (Thumb, 0 bytes, Stack size 0 bytes, mbed/TARGET_NUCLEO_F446RE/TOOLCHAIN_ARM_STD/startup_stm32f446xx.o(.text))
<BR>[Address Reference Count : 1]<UL><LI> startup_stm32f446xx.o(RESET)
</UL>
<P><STRONG><a name="[38]"></a>I2C2_ER_IRQHandler</STRONG> (Thumb, 0 bytes, Stack size 0 bytes, mbed/TARGET_NUCLEO_F446RE/TOOLCHAIN_ARM_STD/startup_stm32f446xx.o(.text))
<BR>[Address Reference Count : 1]<UL><LI> startup_stm32f446xx.o(RESET)
</UL>
<P><STRONG><a name="[37]"></a>I2C2_EV_IRQHandler</STRONG> (Thumb, 0 bytes, Stack size 0 bytes, mbed/TARGET_NUCLEO_F446RE/TOOLCHAIN_ARM_STD/startup_stm32f446xx.o(.text))
<BR>[Address Reference Count : 1]<UL><LI> startup_stm32f446xx.o(RESET)
</UL>
<P><STRONG><a name="[5d]"></a>I2C3_ER_IRQHandler</STRONG> (Thumb, 0 bytes, Stack size 0 bytes, mbed/TARGET_NUCLEO_F446RE/TOOLCHAIN_ARM_STD/startup_stm32f446xx.o(.text))
<BR>[Address Reference Count : 1]<UL><LI> startup_stm32f446xx.o(RESET)
</UL>
<P><STRONG><a name="[5c]"></a>I2C3_EV_IRQHandler</STRONG> (Thumb, 0 bytes, Stack size 0 bytes, mbed/TARGET_NUCLEO_F446RE/TOOLCHAIN_ARM_STD/startup_stm32f446xx.o(.text))
<BR>[Address Reference Count : 1]<UL><LI> startup_stm32f446xx.o(RESET)
</UL>
<P><STRONG><a name="[6b]"></a>I2C4_Error_IRQHandler</STRONG> (Thumb, 0 bytes, Stack size 0 bytes, mbed/TARGET_NUCLEO_F446RE/TOOLCHAIN_ARM_STD/startup_stm32f446xx.o(.text))
<BR>[Address Reference Count : 1]<UL><LI> startup_stm32f446xx.o(RESET)
</UL>
<P><STRONG><a name="[6a]"></a>I2C4_Event_IRQHandler</STRONG> (Thumb, 0 bytes, Stack size 0 bytes, mbed/TARGET_NUCLEO_F446RE/TOOLCHAIN_ARM_STD/startup_stm32f446xx.o(.text))
<BR>[Address Reference Count : 1]<UL><LI> startup_stm32f446xx.o(RESET)
</UL>
<P><STRONG><a name="[57]"></a>OTG_FS_IRQHandler</STRONG> (Thumb, 0 bytes, Stack size 0 bytes, mbed/TARGET_NUCLEO_F446RE/TOOLCHAIN_ARM_STD/startup_stm32f446xx.o(.text))
<BR>[Address Reference Count : 1]<UL><LI> startup_stm32f446xx.o(RESET)
</UL>
<P><STRONG><a name="[40]"></a>OTG_FS_WKUP_IRQHandler</STRONG> (Thumb, 0 bytes, Stack size 0 bytes, mbed/TARGET_NUCLEO_F446RE/TOOLCHAIN_ARM_STD/startup_stm32f446xx.o(.text))
<BR>[Address Reference Count : 1]<UL><LI> startup_stm32f446xx.o(RESET)
</UL>
<P><STRONG><a name="[5f]"></a>OTG_HS_EP1_IN_IRQHandler</STRONG> (Thumb, 0 bytes, Stack size 0 bytes, mbed/TARGET_NUCLEO_F446RE/TOOLCHAIN_ARM_STD/startup_stm32f446xx.o(.text))
<BR>[Address Reference Count : 1]<UL><LI> startup_stm32f446xx.o(RESET)
</UL>
<P><STRONG><a name="[5e]"></a>OTG_HS_EP1_OUT_IRQHandler</STRONG> (Thumb, 0 bytes, Stack size 0 bytes, mbed/TARGET_NUCLEO_F446RE/TOOLCHAIN_ARM_STD/startup_stm32f446xx.o(.text))
<BR>[Address Reference Count : 1]<UL><LI> startup_stm32f446xx.o(RESET)
</UL>
<P><STRONG><a name="[61]"></a>OTG_HS_IRQHandler</STRONG> (Thumb, 0 bytes, Stack size 0 bytes, mbed/TARGET_NUCLEO_F446RE/TOOLCHAIN_ARM_STD/startup_stm32f446xx.o(.text))
<BR>[Address Reference Count : 1]<UL><LI> startup_stm32f446xx.o(RESET)
</UL>
<P><STRONG><a name="[60]"></a>OTG_HS_WKUP_IRQHandler</STRONG> (Thumb, 0 bytes, Stack size 0 bytes, mbed/TARGET_NUCLEO_F446RE/TOOLCHAIN_ARM_STD/startup_stm32f446xx.o(.text))
<BR>[Address Reference Count : 1]<UL><LI> startup_stm32f446xx.o(RESET)
</UL>
<P><STRONG><a name="[17]"></a>PVD_IRQHandler</STRONG> (Thumb, 0 bytes, Stack size 0 bytes, mbed/TARGET_NUCLEO_F446RE/TOOLCHAIN_ARM_STD/startup_stm32f446xx.o(.text))
<BR>[Address Reference Count : 1]<UL><LI> startup_stm32f446xx.o(RESET)
</UL>
<P><STRONG><a name="[67]"></a>QuadSPI_IRQHandler</STRONG> (Thumb, 0 bytes, Stack size 0 bytes, mbed/TARGET_NUCLEO_F446RE/TOOLCHAIN_ARM_STD/startup_stm32f446xx.o(.text))
<BR>[Address Reference Count : 1]<UL><LI> startup_stm32f446xx.o(RESET)
</UL>
<P><STRONG><a name="[1b]"></a>RCC_IRQHandler</STRONG> (Thumb, 0 bytes, Stack size 0 bytes, mbed/TARGET_NUCLEO_F446RE/TOOLCHAIN_ARM_STD/startup_stm32f446xx.o(.text))
<BR>[Address Reference Count : 1]<UL><LI> startup_stm32f446xx.o(RESET)
</UL>
<P><STRONG><a name="[3f]"></a>RTC_Alarm_IRQHandler</STRONG> (Thumb, 0 bytes, Stack size 0 bytes, mbed/TARGET_NUCLEO_F446RE/TOOLCHAIN_ARM_STD/startup_stm32f446xx.o(.text))
<BR>[Address Reference Count : 1]<UL><LI> startup_stm32f446xx.o(RESET)
</UL>
<P><STRONG><a name="[19]"></a>RTC_WKUP_IRQHandler</STRONG> (Thumb, 0 bytes, Stack size 0 bytes, mbed/TARGET_NUCLEO_F446RE/TOOLCHAIN_ARM_STD/startup_stm32f446xx.o(.text))
<BR>[Address Reference Count : 1]<UL><LI> startup_stm32f446xx.o(RESET)
</UL>
<P><STRONG><a name="[65]"></a>SAI1_IRQHandler</STRONG> (Thumb, 0 bytes, Stack size 0 bytes, mbed/TARGET_NUCLEO_F446RE/TOOLCHAIN_ARM_STD/startup_stm32f446xx.o(.text))
<BR>[Address Reference Count : 1]<UL><LI> startup_stm32f446xx.o(RESET)
</UL>
<P><STRONG><a name="[66]"></a>SAI2_IRQHandler</STRONG> (Thumb, 0 bytes, Stack size 0 bytes, mbed/TARGET_NUCLEO_F446RE/TOOLCHAIN_ARM_STD/startup_stm32f446xx.o(.text))
<BR>[Address Reference Count : 1]<UL><LI> startup_stm32f446xx.o(RESET)
</UL>
<P><STRONG><a name="[47]"></a>SDIO_IRQHandler</STRONG> (Thumb, 0 bytes, Stack size 0 bytes, mbed/TARGET_NUCLEO_F446RE/TOOLCHAIN_ARM_STD/startup_stm32f446xx.o(.text))
<BR>[Address Reference Count : 1]<UL><LI> startup_stm32f446xx.o(RESET)
</UL>
<P><STRONG><a name="[69]"></a>SPDIF_RX_IRQHandler</STRONG> (Thumb, 0 bytes, Stack size 0 bytes, mbed/TARGET_NUCLEO_F446RE/TOOLCHAIN_ARM_STD/startup_stm32f446xx.o(.text))
<BR>[Address Reference Count : 1]<UL><LI> startup_stm32f446xx.o(RESET)
</UL>
<P><STRONG><a name="[39]"></a>SPI1_IRQHandler</STRONG> (Thumb, 0 bytes, Stack size 0 bytes, mbed/TARGET_NUCLEO_F446RE/TOOLCHAIN_ARM_STD/startup_stm32f446xx.o(.text))
<BR>[Address Reference Count : 1]<UL><LI> startup_stm32f446xx.o(RESET)
</UL>
<P><STRONG><a name="[3a]"></a>SPI2_IRQHandler</STRONG> (Thumb, 0 bytes, Stack size 0 bytes, mbed/TARGET_NUCLEO_F446RE/TOOLCHAIN_ARM_STD/startup_stm32f446xx.o(.text))
<BR>[Address Reference Count : 1]<UL><LI> startup_stm32f446xx.o(RESET)
</UL>
<P><STRONG><a name="[49]"></a>SPI3_IRQHandler</STRONG> (Thumb, 0 bytes, Stack size 0 bytes, mbed/TARGET_NUCLEO_F446RE/TOOLCHAIN_ARM_STD/startup_stm32f446xx.o(.text))
<BR>[Address Reference Count : 1]<UL><LI> startup_stm32f446xx.o(RESET)
</UL>
<P><STRONG><a name="[64]"></a>SPI4_IRQHandler</STRONG> (Thumb, 0 bytes, Stack size 0 bytes, mbed/TARGET_NUCLEO_F446RE/TOOLCHAIN_ARM_STD/startup_stm32f446xx.o(.text))
<BR>[Address Reference Count : 1]<UL><LI> startup_stm32f446xx.o(RESET)
</UL>
<P><STRONG><a name="[18]"></a>TAMP_STAMP_IRQHandler</STRONG> (Thumb, 0 bytes, Stack size 0 bytes, mbed/TARGET_NUCLEO_F446RE/TOOLCHAIN_ARM_STD/startup_stm32f446xx.o(.text))
<BR>[Address Reference Count : 1]<UL><LI> startup_stm32f446xx.o(RESET)
</UL>
<P><STRONG><a name="[2e]"></a>TIM1_BRK_TIM9_IRQHandler</STRONG> (Thumb, 0 bytes, Stack size 0 bytes, mbed/TARGET_NUCLEO_F446RE/TOOLCHAIN_ARM_STD/startup_stm32f446xx.o(.text))
<BR>[Address Reference Count : 1]<UL><LI> startup_stm32f446xx.o(RESET)
</UL>
<P><STRONG><a name="[31]"></a>TIM1_CC_IRQHandler</STRONG> (Thumb, 0 bytes, Stack size 0 bytes, mbed/TARGET_NUCLEO_F446RE/TOOLCHAIN_ARM_STD/startup_stm32f446xx.o(.text))
<BR>[Address Reference Count : 1]<UL><LI> startup_stm32f446xx.o(RESET)
</UL>
<P><STRONG><a name="[30]"></a>TIM1_TRG_COM_TIM11_IRQHandler</STRONG> (Thumb, 0 bytes, Stack size 0 bytes, mbed/TARGET_NUCLEO_F446RE/TOOLCHAIN_ARM_STD/startup_stm32f446xx.o(.text))
<BR>[Address Reference Count : 1]<UL><LI> startup_stm32f446xx.o(RESET)
</UL>
<P><STRONG><a name="[2f]"></a>TIM1_UP_TIM10_IRQHandler</STRONG> (Thumb, 0 bytes, Stack size 0 bytes, mbed/TARGET_NUCLEO_F446RE/TOOLCHAIN_ARM_STD/startup_stm32f446xx.o(.text))
<BR>[Address Reference Count : 1]<UL><LI> startup_stm32f446xx.o(RESET)
</UL>
<P><STRONG><a name="[32]"></a>TIM2_IRQHandler</STRONG> (Thumb, 0 bytes, Stack size 0 bytes, mbed/TARGET_NUCLEO_F446RE/TOOLCHAIN_ARM_STD/startup_stm32f446xx.o(.text))
<BR>[Address Reference Count : 1]<UL><LI> startup_stm32f446xx.o(RESET)
</UL>
<P><STRONG><a name="[33]"></a>TIM3_IRQHandler</STRONG> (Thumb, 0 bytes, Stack size 0 bytes, mbed/TARGET_NUCLEO_F446RE/TOOLCHAIN_ARM_STD/startup_stm32f446xx.o(.text))
<BR>[Address Reference Count : 1]<UL><LI> startup_stm32f446xx.o(RESET)
</UL>
<P><STRONG><a name="[34]"></a>TIM4_IRQHandler</STRONG> (Thumb, 0 bytes, Stack size 0 bytes, mbed/TARGET_NUCLEO_F446RE/TOOLCHAIN_ARM_STD/startup_stm32f446xx.o(.text))
<BR>[Address Reference Count : 1]<UL><LI> startup_stm32f446xx.o(RESET)
</UL>
<P><STRONG><a name="[48]"></a>TIM5_IRQHandler</STRONG> (Thumb, 0 bytes, Stack size 0 bytes, mbed/TARGET_NUCLEO_F446RE/TOOLCHAIN_ARM_STD/startup_stm32f446xx.o(.text))
<BR>[Address Reference Count : 1]<UL><LI> startup_stm32f446xx.o(RESET)
</UL>
<P><STRONG><a name="[4c]"></a>TIM6_DAC_IRQHandler</STRONG> (Thumb, 0 bytes, Stack size 0 bytes, mbed/TARGET_NUCLEO_F446RE/TOOLCHAIN_ARM_STD/startup_stm32f446xx.o(.text))
<BR>[Address Reference Count : 1]<UL><LI> startup_stm32f446xx.o(RESET)
</UL>
<P><STRONG><a name="[4d]"></a>TIM7_IRQHandler</STRONG> (Thumb, 0 bytes, Stack size 0 bytes, mbed/TARGET_NUCLEO_F446RE/TOOLCHAIN_ARM_STD/startup_stm32f446xx.o(.text))
<BR>[Address Reference Count : 1]<UL><LI> startup_stm32f446xx.o(RESET)
</UL>
<P><STRONG><a name="[41]"></a>TIM8_BRK_TIM12_IRQHandler</STRONG> (Thumb, 0 bytes, Stack size 0 bytes, mbed/TARGET_NUCLEO_F446RE/TOOLCHAIN_ARM_STD/startup_stm32f446xx.o(.text))
<BR>[Address Reference Count : 1]<UL><LI> startup_stm32f446xx.o(RESET)
</UL>
<P><STRONG><a name="[44]"></a>TIM8_CC_IRQHandler</STRONG> (Thumb, 0 bytes, Stack size 0 bytes, mbed/TARGET_NUCLEO_F446RE/TOOLCHAIN_ARM_STD/startup_stm32f446xx.o(.text))
<BR>[Address Reference Count : 1]<UL><LI> startup_stm32f446xx.o(RESET)
</UL>
<P><STRONG><a name="[43]"></a>TIM8_TRG_COM_TIM14_IRQHandler</STRONG> (Thumb, 0 bytes, Stack size 0 bytes, mbed/TARGET_NUCLEO_F446RE/TOOLCHAIN_ARM_STD/startup_stm32f446xx.o(.text))
<BR>[Address Reference Count : 1]<UL><LI> startup_stm32f446xx.o(RESET)
</UL>
<P><STRONG><a name="[42]"></a>TIM8_UP_TIM13_IRQHandler</STRONG> (Thumb, 0 bytes, Stack size 0 bytes, mbed/TARGET_NUCLEO_F446RE/TOOLCHAIN_ARM_STD/startup_stm32f446xx.o(.text))
<BR>[Address Reference Count : 1]<UL><LI> startup_stm32f446xx.o(RESET)
</UL>
<P><STRONG><a name="[4a]"></a>UART4_IRQHandler</STRONG> (Thumb, 0 bytes, Stack size 0 bytes, mbed/TARGET_NUCLEO_F446RE/TOOLCHAIN_ARM_STD/startup_stm32f446xx.o(.text))
<BR>[Address Reference Count : 1]<UL><LI> startup_stm32f446xx.o(RESET)
</UL>
<P><STRONG><a name="[4b]"></a>UART5_IRQHandler</STRONG> (Thumb, 0 bytes, Stack size 0 bytes, mbed/TARGET_NUCLEO_F446RE/TOOLCHAIN_ARM_STD/startup_stm32f446xx.o(.text))
<BR>[Address Reference Count : 1]<UL><LI> startup_stm32f446xx.o(RESET)
</UL>
<P><STRONG><a name="[3b]"></a>USART1_IRQHandler</STRONG> (Thumb, 0 bytes, Stack size 0 bytes, mbed/TARGET_NUCLEO_F446RE/TOOLCHAIN_ARM_STD/startup_stm32f446xx.o(.text))
<BR>[Address Reference Count : 1]<UL><LI> startup_stm32f446xx.o(RESET)
</UL>
<P><STRONG><a name="[3c]"></a>USART2_IRQHandler</STRONG> (Thumb, 0 bytes, Stack size 0 bytes, mbed/TARGET_NUCLEO_F446RE/TOOLCHAIN_ARM_STD/startup_stm32f446xx.o(.text))
<BR>[Address Reference Count : 1]<UL><LI> startup_stm32f446xx.o(RESET)
</UL>
<P><STRONG><a name="[3d]"></a>USART3_IRQHandler</STRONG> (Thumb, 0 bytes, Stack size 0 bytes, mbed/TARGET_NUCLEO_F446RE/TOOLCHAIN_ARM_STD/startup_stm32f446xx.o(.text))
<BR>[Address Reference Count : 1]<UL><LI> startup_stm32f446xx.o(RESET)
</UL>
<P><STRONG><a name="[5b]"></a>USART6_IRQHandler</STRONG> (Thumb, 0 bytes, Stack size 0 bytes, mbed/TARGET_NUCLEO_F446RE/TOOLCHAIN_ARM_STD/startup_stm32f446xx.o(.text))
<BR>[Address Reference Count : 1]<UL><LI> startup_stm32f446xx.o(RESET)
</UL>
<P><STRONG><a name="[16]"></a>WWDG_IRQHandler</STRONG> (Thumb, 0 bytes, Stack size 0 bytes, mbed/TARGET_NUCLEO_F446RE/TOOLCHAIN_ARM_STD/startup_stm32f446xx.o(.text))
<BR>[Address Reference Count : 1]<UL><LI> startup_stm32f446xx.o(RESET)
</UL>
<P><STRONG><a name="[10f]"></a>__aeabi_errno_addr</STRONG> (Thumb, 8 bytes, Stack size 0 bytes, C:\Keil_v5\ARM\ARMCC\Bin\..\lib\armlib\c_w.l(rt_errno_addr.o)(.text))
<BR><BR>[Called By]<UL><LI><a href="#[177]">&gt;&gt;</a>&nbsp;&nbsp;&nbsp;open
<LI><a href="#[fb]">&gt;&gt;</a>&nbsp;&nbsp;&nbsp;_sys_write
<LI><a href="#[fa]">&gt;&gt;</a>&nbsp;&nbsp;&nbsp;_sys_seek
<LI><a href="#[f5]">&gt;&gt;</a>&nbsp;&nbsp;&nbsp;_sys_istty
<LI><a href="#[f7]">&gt;&gt;</a>&nbsp;&nbsp;&nbsp;_sys_flen
<LI><a href="#[100]">&gt;&gt;</a>&nbsp;&nbsp;&nbsp;_sys_close
<LI><a href="#[13b]">&gt;&gt;</a>&nbsp;&nbsp;&nbsp;reserve_filehandle()
<LI><a href="#[f6]">&gt;&gt;</a>&nbsp;&nbsp;&nbsp;_ftell_internal
</UL>

<P><STRONG><a name="[ce]"></a>malloc</STRONG> (Thumb, 94 bytes, Stack size 0 bytes, C:\Keil_v5\ARM\ARMCC\Bin\..\lib\armlib\c_w.l(h1_alloc.o)(.text), UNUSED)
<BR><BR>[Calls]<UL><LI><a href="#[d0]">&gt;&gt;</a>&nbsp;&nbsp;&nbsp;__Heap_Full
<LI><a href="#[cf]">&gt;&gt;</a>&nbsp;&nbsp;&nbsp;__rt_heap_descriptor
</UL>
<BR>[Called By]<UL><LI><a href="#[de]">&gt;&gt;</a>&nbsp;&nbsp;&nbsp;fopen
<LI><a href="#[115]">&gt;&gt;</a>&nbsp;&nbsp;&nbsp;__flsbuf
</UL>

<P><STRONG><a name="[d1]"></a>free</STRONG> (Thumb, 78 bytes, Stack size 0 bytes, C:\Keil_v5\ARM\ARMCC\Bin\..\lib\armlib\c_w.l(h1_free.o)(.text))
<BR><BR>[Calls]<UL><LI><a href="#[cf]">&gt;&gt;</a>&nbsp;&nbsp;&nbsp;__rt_heap_descriptor
</UL>
<BR>[Called By]<UL><LI><a href="#[dc]">&gt;&gt;</a>&nbsp;&nbsp;&nbsp;_fclose_internal
<LI><a href="#[ff]">&gt;&gt;</a>&nbsp;&nbsp;&nbsp;_terminateio
<LI><a href="#[e1]">&gt;&gt;</a>&nbsp;&nbsp;&nbsp;__Heap_ProvideMemory
</UL>

<P><STRONG><a name="[12c]"></a>__aeabi_uldivmod</STRONG> (Thumb, 0 bytes, Stack size 0 bytes, C:\Keil_v5\ARM\ARMCC\Bin\..\lib\armlib\c_w.l(lludivv7m.o)(.text))
<BR><BR>[Called By]<UL><LI><a href="#[12b]">&gt;&gt;</a>&nbsp;&nbsp;&nbsp;HAL_RCC_GetSysClockFreq
<LI><a href="#[188]">&gt;&gt;</a>&nbsp;&nbsp;&nbsp;update_present_time
<LI><a href="#[189]">&gt;&gt;</a>&nbsp;&nbsp;&nbsp;schedule_interrupt
<LI><a href="#[186]">&gt;&gt;</a>&nbsp;&nbsp;&nbsp;initialize
</UL>

<P><STRONG><a name="[187]"></a>__aeabi_llsl</STRONG> (Thumb, 0 bytes, Stack size 0 bytes, C:\Keil_v5\ARM\ARMCC\Bin\..\lib\armlib\c_w.l(llshl.o)(.text))
<BR><BR>[Called By]<UL><LI><a href="#[186]">&gt;&gt;</a>&nbsp;&nbsp;&nbsp;initialize
</UL>

<P><STRONG><a name="[d2]"></a>vfprintf</STRONG> (Thumb, 10 bytes, Stack size 0 bytes, C:\Keil_v5\ARM\ARMCC\Bin\..\lib\armlib\c_w.l(vfprintf.o)(.text))
<BR><BR>[Calls]<UL><LI><a href="#[d3]">&gt;&gt;</a>&nbsp;&nbsp;&nbsp;_printf_char_file
</UL>
<BR>[Called By]<UL><LI><a href="#[17c]">&gt;&gt;</a>&nbsp;&nbsp;&nbsp;debug
</UL>

<P><STRONG><a name="[d4]"></a>vsnprintf</STRONG> (Thumb, 48 bytes, Stack size 0 bytes, C:\Keil_v5\ARM\ARMCC\Bin\..\lib\armlib\c_w.l(vsnprintf.o)(.text))
<BR><BR>[Calls]<UL><LI><a href="#[d6]">&gt;&gt;</a>&nbsp;&nbsp;&nbsp;_sputc
<LI><a href="#[d5]">&gt;&gt;</a>&nbsp;&nbsp;&nbsp;_printf_char_common
</UL>
<BR>[Called By]<UL><LI><a href="#[17d]">&gt;&gt;</a>&nbsp;&nbsp;&nbsp;mbed_error_vfprintf
<LI><a href="#[18c]">&gt;&gt;</a>&nbsp;&nbsp;&nbsp;mbed_error_printf
</UL>

<P><STRONG><a name="[d7]"></a>_do_fflush</STRONG> (Thumb, 54 bytes, Stack size 0 bytes, C:\Keil_v5\ARM\ARMCC\Bin\..\lib\armlib\c_w.l(fflush.o)(.text))
<BR><BR>[Calls]<UL><LI><a href="#[d8]">&gt;&gt;</a>&nbsp;&nbsp;&nbsp;_fflush
<LI><a href="#[d9]">&gt;&gt;</a>&nbsp;&nbsp;&nbsp;_fseek
</UL>
<BR>[Called By]<UL><LI><a href="#[da]">&gt;&gt;</a>&nbsp;&nbsp;&nbsp;fflush
</UL>

<P><STRONG><a name="[da]"></a>fflush</STRONG> (Thumb, 42 bytes, Stack size 0 bytes, C:\Keil_v5\ARM\ARMCC\Bin\..\lib\armlib\c_w.l(fflush.o)(.text))
<BR><BR>[Calls]<UL><LI><a href="#[d7]">&gt;&gt;</a>&nbsp;&nbsp;&nbsp;_do_fflush
</UL>
<BR>[Called By]<UL><LI><a href="#[cd]">&gt;&gt;</a>&nbsp;&nbsp;&nbsp;exit
</UL>

<P><STRONG><a name="[db]"></a>freopen</STRONG> (Thumb, 158 bytes, Stack size 0 bytes, C:\Keil_v5\ARM\ARMCC\Bin\..\lib\armlib\c_w.l(fopen.o)(.text))
<BR><BR>[Calls]<UL><LI><a href="#[dd]">&gt;&gt;</a>&nbsp;&nbsp;&nbsp;_sys_open
<LI><a href="#[dc]">&gt;&gt;</a>&nbsp;&nbsp;&nbsp;_fclose_internal
<LI><a href="#[d9]">&gt;&gt;</a>&nbsp;&nbsp;&nbsp;_fseek
</UL>
<BR>[Called By]<UL><LI><a href="#[c3]">&gt;&gt;</a>&nbsp;&nbsp;&nbsp;_initio
<LI><a href="#[de]">&gt;&gt;</a>&nbsp;&nbsp;&nbsp;fopen
</UL>

<P><STRONG><a name="[de]"></a>fopen</STRONG> (Thumb, 74 bytes, Stack size 0 bytes, C:\Keil_v5\ARM\ARMCC\Bin\..\lib\armlib\c_w.l(fopen.o)(.text), UNUSED)
<BR><BR>[Calls]<UL><LI><a href="#[df]">&gt;&gt;</a>&nbsp;&nbsp;&nbsp;__aeabi_memclr4
<LI><a href="#[db]">&gt;&gt;</a>&nbsp;&nbsp;&nbsp;freopen
<LI><a href="#[ce]">&gt;&gt;</a>&nbsp;&nbsp;&nbsp;malloc
</UL>

<P><STRONG><a name="[167]"></a>strspn</STRONG> (Thumb, 28 bytes, Stack size 0 bytes, C:\Keil_v5\ARM\ARMCC\Bin\..\lib\armlib\c_w.l(strspn.o)(.text))
<BR><BR>[Called By]<UL><LI><a href="#[166]">&gt;&gt;</a>&nbsp;&nbsp;&nbsp;mbed::FilePath::FilePath(const char*)
</UL>

<P><STRONG><a name="[161]"></a>strlen</STRONG> (Thumb, 62 bytes, Stack size 0 bytes, C:\Keil_v5\ARM\ARMCC\Bin\..\lib\armlib\c_w.l(strlen.o)(.text))
<BR><BR>[Called By]<UL><LI><a href="#[15e]">&gt;&gt;</a>&nbsp;&nbsp;&nbsp;mbed::FileBase::lookup(const char*, unsigned)
</UL>

<P><STRONG><a name="[160]"></a>strncmp</STRONG> (Thumb, 150 bytes, Stack size 0 bytes, C:\Keil_v5\ARM\ARMCC\Bin\..\lib\armlib\c_w.l(strncmp.o)(.text))
<BR><BR>[Called By]<UL><LI><a href="#[15e]">&gt;&gt;</a>&nbsp;&nbsp;&nbsp;mbed::FileBase::lookup(const char*, unsigned)
</UL>

<P><STRONG><a name="[174]"></a>__aeabi_memcpy4</STRONG> (Thumb, 0 bytes, Stack size 0 bytes, C:\Keil_v5\ARM\ARMCC\Bin\..\lib\armlib\c_w.l(rt_memcpy_w.o)(.text))
<BR><BR>[Called By]<UL><LI><a href="#[c8]">&gt;&gt;</a>&nbsp;&nbsp;&nbsp;_platform_post_stackheap_init
<LI><a href="#[141]">&gt;&gt;</a>&nbsp;&nbsp;&nbsp;serial_init
</UL>

<P><STRONG><a name="[df]"></a>__aeabi_memclr4</STRONG> (Thumb, 0 bytes, Stack size 0 bytes, C:\Keil_v5\ARM\ARMCC\Bin\..\lib\armlib\c_w.l(rt_memclr_w.o)(.text))
<BR><BR>[Called By]<UL><LI><a href="#[149]">&gt;&gt;</a>&nbsp;&nbsp;&nbsp;mbed::DigitalOut::DigitalOut(PinName)
<LI><a href="#[16f]">&gt;&gt;</a>&nbsp;&nbsp;&nbsp;Stepper::Stepper(PinName, PinName, PinName, int)
<LI><a href="#[8f]">&gt;&gt;</a>&nbsp;&nbsp;&nbsp;__sti___8_main_cpp_button
<LI><a href="#[dc]">&gt;&gt;</a>&nbsp;&nbsp;&nbsp;_fclose_internal
<LI><a href="#[c3]">&gt;&gt;</a>&nbsp;&nbsp;&nbsp;_initio
<LI><a href="#[de]">&gt;&gt;</a>&nbsp;&nbsp;&nbsp;fopen
</UL>

<P><STRONG><a name="[176]"></a>strcmp</STRONG> (Thumb, 128 bytes, Stack size 0 bytes, C:\Keil_v5\ARM\ARMCC\Bin\..\lib\armlib\c_w.l(strcmpv7m.o)(.text))
<BR><BR>[Called By]<UL><LI><a href="#[dd]">&gt;&gt;</a>&nbsp;&nbsp;&nbsp;_sys_open
<LI><a href="#[71]">&gt;&gt;</a>&nbsp;&nbsp;&nbsp;_get_lc_ctype
<LI><a href="#[c1]">&gt;&gt;</a>&nbsp;&nbsp;&nbsp;_get_lc_numeric
</UL>

<P><STRONG><a name="[92]"></a>__cpp_initialize__aeabi_</STRONG> (Thumb, 26 bytes, Stack size 0 bytes, C:\Keil_v5\ARM\ARMCC\Bin\..\lib\armlib\c_w.l(init_aeabi.o)(.text))
<BR><BR>[Called By]<UL><LI><a href="#[c4]">&gt;&gt;</a>&nbsp;&nbsp;&nbsp;__rt_lib_init_cpp_2
</UL>

<P><STRONG><a name="[cf]"></a>__rt_heap_descriptor</STRONG> (Thumb, 8 bytes, Stack size 0 bytes, C:\Keil_v5\ARM\ARMCC\Bin\..\lib\armlib\c_w.l(rt_heap_descriptor.o)(.text))
<BR><BR>[Called By]<UL><LI><a href="#[bc]">&gt;&gt;</a>&nbsp;&nbsp;&nbsp;_init_alloc
<LI><a href="#[d1]">&gt;&gt;</a>&nbsp;&nbsp;&nbsp;free
<LI><a href="#[ce]">&gt;&gt;</a>&nbsp;&nbsp;&nbsp;malloc
</UL>

<P><STRONG><a name="[b]"></a>_terminate_user_alloc</STRONG> (Thumb, 2 bytes, Stack size 0 bytes, C:\Keil_v5\ARM\ARMCC\Bin\..\lib\armlib\c_w.l(init_alloc.o)(.text), UNUSED)

<P><STRONG><a name="[6]"></a>_init_user_alloc</STRONG> (Thumb, 2 bytes, Stack size 0 bytes, C:\Keil_v5\ARM\ARMCC\Bin\..\lib\armlib\c_w.l(init_alloc.o)(.text), UNUSED)

<P><STRONG><a name="[d0]"></a>__Heap_Full</STRONG> (Thumb, 34 bytes, Stack size 0 bytes, C:\Keil_v5\ARM\ARMCC\Bin\..\lib\armlib\c_w.l(init_alloc.o)(.text), UNUSED)
<BR><BR>[Calls]<UL><LI><a href="#[e0]">&gt;&gt;</a>&nbsp;&nbsp;&nbsp;__rt_heap_expand
<LI><a href="#[e1]">&gt;&gt;</a>&nbsp;&nbsp;&nbsp;__Heap_ProvideMemory
</UL>
<BR>[Called By]<UL><LI><a href="#[ce]">&gt;&gt;</a>&nbsp;&nbsp;&nbsp;malloc
</UL>

<P><STRONG><a name="[e2]"></a>__Heap_Broken</STRONG> (Thumb, 6 bytes, Stack size 0 bytes, C:\Keil_v5\ARM\ARMCC\Bin\..\lib\armlib\c_w.l(init_alloc.o)(.text), UNUSED)
<BR><BR>[Calls]<UL><LI><a href="#[e3]">&gt;&gt;</a>&nbsp;&nbsp;&nbsp;__rt_SIGRTMEM
</UL>

<P><STRONG><a name="[bc]"></a>_init_alloc</STRONG> (Thumb, 94 bytes, Stack size 0 bytes, C:\Keil_v5\ARM\ARMCC\Bin\..\lib\armlib\c_w.l(init_alloc.o)(.text))
<BR><BR>[Calls]<UL><LI><a href="#[e5]">&gt;&gt;</a>&nbsp;&nbsp;&nbsp;__Heap_Initialize
<LI><a href="#[cf]">&gt;&gt;</a>&nbsp;&nbsp;&nbsp;__rt_heap_descriptor
<LI><a href="#[e0]">&gt;&gt;</a>&nbsp;&nbsp;&nbsp;__rt_heap_expand
<LI><a href="#[e4]">&gt;&gt;</a>&nbsp;&nbsp;&nbsp;__rt_heap_escrow
<LI><a href="#[e3]">&gt;&gt;</a>&nbsp;&nbsp;&nbsp;__rt_SIGRTMEM
<LI><a href="#[e1]">&gt;&gt;</a>&nbsp;&nbsp;&nbsp;__Heap_ProvideMemory
</UL>
<BR>[Called By]<UL><LI><a href="#[bb]">&gt;&gt;</a>&nbsp;&nbsp;&nbsp;__rt_lib_init_heap_2
</UL>

<P><STRONG><a name="[e5]"></a>__Heap_Initialize</STRONG> (Thumb, 10 bytes, Stack size 0 bytes, C:\Keil_v5\ARM\ARMCC\Bin\..\lib\armlib\c_w.l(h1_init.o)(.text))
<BR><BR>[Called By]<UL><LI><a href="#[bc]">&gt;&gt;</a>&nbsp;&nbsp;&nbsp;_init_alloc
</UL>

<P><STRONG><a name="[5]"></a>__Heap_DescSize</STRONG> (Thumb, 4 bytes, Stack size 0 bytes, C:\Keil_v5\ARM\ARMCC\Bin\..\lib\armlib\c_w.l(h1_init.o)(.text), UNUSED)

<P><STRONG><a name="[e7]"></a>_printf_pre_padding</STRONG> (Thumb, 44 bytes, Stack size 0 bytes, C:\Keil_v5\ARM\ARMCC\Bin\..\lib\armlib\c_w.l(_printf_pad.o)(.text))
<BR><BR>[Called By]<UL><LI><a href="#[ee]">&gt;&gt;</a>&nbsp;&nbsp;&nbsp;_printf_wctomb
<LI><a href="#[e6]">&gt;&gt;</a>&nbsp;&nbsp;&nbsp;_printf_str
<LI><a href="#[10b]">&gt;&gt;</a>&nbsp;&nbsp;&nbsp;_printf_fp_infnan
<LI><a href="#[10c]">&gt;&gt;</a>&nbsp;&nbsp;&nbsp;_printf_fp_hex_real
<LI><a href="#[109]">&gt;&gt;</a>&nbsp;&nbsp;&nbsp;_printf_fp_dec_real
<LI><a href="#[eb]">&gt;&gt;</a>&nbsp;&nbsp;&nbsp;_printf_int_common
</UL>

<P><STRONG><a name="[e8]"></a>_printf_post_padding</STRONG> (Thumb, 34 bytes, Stack size 0 bytes, C:\Keil_v5\ARM\ARMCC\Bin\..\lib\armlib\c_w.l(_printf_pad.o)(.text))
<BR><BR>[Called By]<UL><LI><a href="#[ee]">&gt;&gt;</a>&nbsp;&nbsp;&nbsp;_printf_wctomb
<LI><a href="#[e6]">&gt;&gt;</a>&nbsp;&nbsp;&nbsp;_printf_str
<LI><a href="#[10b]">&gt;&gt;</a>&nbsp;&nbsp;&nbsp;_printf_fp_infnan
<LI><a href="#[10c]">&gt;&gt;</a>&nbsp;&nbsp;&nbsp;_printf_fp_hex_real
<LI><a href="#[109]">&gt;&gt;</a>&nbsp;&nbsp;&nbsp;_printf_fp_dec_real
<LI><a href="#[eb]">&gt;&gt;</a>&nbsp;&nbsp;&nbsp;_printf_int_common
</UL>

<P><STRONG><a name="[e9]"></a>_printf_truncate_signed</STRONG> (Thumb, 18 bytes, Stack size 0 bytes, C:\Keil_v5\ARM\ARMCC\Bin\..\lib\armlib\c_w.l(_printf_truncate.o)(.text))
<BR><BR>[Called By]<UL><LI><a href="#[a2]">&gt;&gt;</a>&nbsp;&nbsp;&nbsp;_printf_int_dec
</UL>

<P><STRONG><a name="[ea]"></a>_printf_truncate_unsigned</STRONG> (Thumb, 18 bytes, Stack size 0 bytes, C:\Keil_v5\ARM\ARMCC\Bin\..\lib\armlib\c_w.l(_printf_truncate.o)(.text))
<BR><BR>[Called By]<UL><LI><a href="#[a8]">&gt;&gt;</a>&nbsp;&nbsp;&nbsp;_printf_int_hex
<LI><a href="#[a6]">&gt;&gt;</a>&nbsp;&nbsp;&nbsp;_printf_int_oct
<LI><a href="#[a2]">&gt;&gt;</a>&nbsp;&nbsp;&nbsp;_printf_int_dec
</UL>

<P><STRONG><a name="[e6]"></a>_printf_str</STRONG> (Thumb, 82 bytes, Stack size 0 bytes, C:\Keil_v5\ARM\ARMCC\Bin\..\lib\armlib\c_w.l(_printf_str.o)(.text))
<BR><BR>[Calls]<UL><LI><a href="#[e8]">&gt;&gt;</a>&nbsp;&nbsp;&nbsp;_printf_post_padding
<LI><a href="#[e7]">&gt;&gt;</a>&nbsp;&nbsp;&nbsp;_printf_pre_padding
</UL>
[...]
</UL>
<BR>[Called By]<UL><LI><a href="#[14b]">&gt;&gt;</a>&nbsp;&nbsp;&nbsp;mbed::TimerEvent::insert_absolute(unsigned long long)
</UL>

<P><STRONG><a name="[90]"></a>ticker_irq_handler</STRONG> (Thumb, 78 bytes, Stack size 0 bytes, mbed/TARGET_NUCLEO_F446RE/TOOLCHAIN_ARM_STD/mbed.ar(mbed_ticker_api.o)(i.ticker_irq_handler))
<BR><BR>[Calls]<UL><LI><a href="#[155]">&gt;&gt;</a>&nbsp;&nbsp;&nbsp;core_util_critical_section_exit
<LI><a href="#[153]">&gt;&gt;</a>&nbsp;&nbsp;&nbsp;core_util_critical_section_enter
<LI><a href="#[188]">&gt;&gt;</a>&nbsp;&nbsp;&nbsp;update_present_time
<LI><a href="#[189]">&gt;&gt;</a>&nbsp;&nbsp;&nbsp;schedule_interrupt
</UL>
<BR>[Address Reference Count : 1]<UL><LI> mbed_us_ticker_api.o(.data)
</UL>
<P><STRONG><a name="[19a]"></a>ticker_read</STRONG> (Thumb, 28 bytes, Stack size 0 bytes, mbed/TARGET_NUCLEO_F446RE/TOOLCHAIN_ARM_STD/mbed.ar(mbed_ticker_api.o)(i.ticker_read))
<BR><BR>[Calls]<UL><LI><a href="#[155]">&gt;&gt;</a>&nbsp;&nbsp;&nbsp;core_util_critical_section_exit
<LI><a href="#[153]">&gt;&gt;</a>&nbsp;&nbsp;&nbsp;core_util_critical_section_enter
<LI><a href="#[188]">&gt;&gt;</a>&nbsp;&nbsp;&nbsp;update_present_time
<LI><a href="#[186]">&gt;&gt;</a>&nbsp;&nbsp;&nbsp;initialize
</UL>
<BR>[Called By]<UL><LI><a href="#[147]">&gt;&gt;</a>&nbsp;&nbsp;&nbsp;wait_ms
</UL>

<P><STRONG><a name="[158]"></a>ticker_read_us</STRONG> (Thumb, 30 bytes, Stack size 0 bytes, mbed/TARGET_NUCLEO_F446RE/TOOLCHAIN_ARM_STD/mbed.ar(mbed_ticker_api.o)(i.ticker_read_us))
<BR><BR>[Calls]<UL><LI><a href="#[155]">&gt;&gt;</a>&nbsp;&nbsp;&nbsp;core_util_critical_section_exit
<LI><a href="#[153]">&gt;&gt;</a>&nbsp;&nbsp;&nbsp;core_util_critical_section_enter
<LI><a href="#[188]">&gt;&gt;</a>&nbsp;&nbsp;&nbsp;update_present_time
<LI><a href="#[186]">&gt;&gt;</a>&nbsp;&nbsp;&nbsp;initialize
</UL>
<BR>[Called By]<UL><LI><a href="#[157]">&gt;&gt;</a>&nbsp;&nbsp;&nbsp;mbed::Ticker::setup(unsigned long long)
</UL>

<P><STRONG><a name="[14e]"></a>ticker_remove_event</STRONG> (Thumb, 56 bytes, Stack size 0 bytes, mbed/TARGET_NUCLEO_F446RE/TOOLCHAIN_ARM_STD/mbed.ar(mbed_ticker_api.o)(i.ticker_remove_event))
<BR><BR>[Calls]<UL><LI><a href="#[155]">&gt;&gt;</a>&nbsp;&nbsp;&nbsp;core_util_critical_section_exit
<LI><a href="#[153]">&gt;&gt;</a>&nbsp;&nbsp;&nbsp;core_util_critical_section_enter
<LI><a href="#[189]">&gt;&gt;</a>&nbsp;&nbsp;&nbsp;schedule_interrupt
</UL>
<BR>[Called By]<UL><LI><a href="#[14d]">&gt;&gt;</a>&nbsp;&nbsp;&nbsp;mbed::TimerEvent::remove()
<LI><a href="#[85]">&gt;&gt;</a>&nbsp;&nbsp;&nbsp;mbed::TimerEvent::~TimerEvent__sub_object()
</UL>

<P><STRONG><a name="[151]"></a>ticker_set_handler</STRONG> (Thumb, 26 bytes, Stack size 0 bytes, mbed/TARGET_NUCLEO_F446RE/TOOLCHAIN_ARM_STD/mbed.ar(mbed_ticker_api.o)(i.ticker_set_handler))
<BR><BR>[Calls]<UL><LI><a href="#[155]">&gt;&gt;</a>&nbsp;&nbsp;&nbsp;core_util_critical_section_exit
<LI><a href="#[153]">&gt;&gt;</a>&nbsp;&nbsp;&nbsp;core_util_critical_section_enter
<LI><a href="#[186]">&gt;&gt;</a>&nbsp;&nbsp;&nbsp;initialize
</UL>
<BR>[Called By]<UL><LI><a href="#[14f]">&gt;&gt;</a>&nbsp;&nbsp;&nbsp;mbed::TimerEvent::TimerEvent__sub_object()
</UL>

<P><STRONG><a name="[72]"></a>timer_irq_handler</STRONG> (Thumb, 90 bytes, Stack size 0 bytes, mbed/TARGET_NUCLEO_F446RE/TOOLCHAIN_ARM_STD/hal_tick_32b.o(i.timer_irq_handler))
<BR><BR>[Calls]<UL><LI><a href="#[19b]">&gt;&gt;</a>&nbsp;&nbsp;&nbsp;us_ticker_irq_handler
<LI><a href="#[19c]">&gt;&gt;</a>&nbsp;&nbsp;&nbsp;HAL_IncTick
</UL>
<BR>[Address Reference Count : 1]<UL><LI> hal_tick_32b.o(i.HAL_InitTick)
</UL>
<P><STRONG><a name="[7c]"></a>us_ticker_clear_interrupt</STRONG> (Thumb, 12 bytes, Stack size 0 bytes, mbed/TARGET_NUCLEO_F446RE/TOOLCHAIN_ARM_STD/us_ticker_32b.o(i.us_ticker_clear_interrupt))
<BR>[Address Reference Count : 1]<UL><LI> mbed_us_ticker_api.o(.constdata)
</UL>
<P><STRONG><a name="[7b]"></a>us_ticker_disable_interrupt</STRONG> (Thumb, 14 bytes, Stack size 0 bytes, mbed/TARGET_NUCLEO_F446RE/TOOLCHAIN_ARM_STD/us_ticker_32b.o(i.us_ticker_disable_interrupt))
<BR>[Address Reference Count : 1]<UL><LI> mbed_us_ticker_api.o(.constdata)
</UL>
<P><STRONG><a name="[7e]"></a>us_ticker_fire_interrupt</STRONG> (Thumb, 14 bytes, Stack size 0 bytes, mbed/TARGET_NUCLEO_F446RE/TOOLCHAIN_ARM_STD/us_ticker_32b.o(i.us_ticker_fire_interrupt))
<BR>[Address Reference Count : 1]<UL><LI> mbed_us_ticker_api.o(.constdata)
</UL>
<P><STRONG><a name="[7f]"></a>us_ticker_get_info</STRONG> (Thumb, 4 bytes, Stack size 0 bytes, mbed/TARGET_NUCLEO_F446RE/TOOLCHAIN_ARM_STD/mbed_retarget.o(i.us_ticker_get_info))
<BR>[Address Reference Count : 1]<UL><LI> mbed_us_ticker_api.o(.constdata)
</UL>
<P><STRONG><a name="[79]"></a>us_ticker_init</STRONG> (Thumb, 2 bytes, Stack size 0 bytes, mbed/TARGET_NUCLEO_F446RE/TOOLCHAIN_ARM_STD/us_ticker_32b.o(i.us_ticker_init))
<BR>[Address Reference Count : 1]<UL><LI> mbed_us_ticker_api.o(.constdata)
</UL>
<P><STRONG><a name="[19b]"></a>us_ticker_irq_handler</STRONG> (Thumb, 14 bytes, Stack size 0 bytes, mbed/TARGET_NUCLEO_F446RE/TOOLCHAIN_ARM_STD/mbed.ar(mbed_us_ticker_api.o)(i.us_ticker_irq_handler))
<BR><BR>[Called By]<UL><LI><a href="#[72]">&gt;&gt;</a>&nbsp;&nbsp;&nbsp;timer_irq_handler
</UL>

<P><STRONG><a name="[7a]"></a>us_ticker_read</STRONG> (Thumb, 6 bytes, Stack size 0 bytes, mbed/TARGET_NUCLEO_F446RE/TOOLCHAIN_ARM_STD/us_ticker_32b.o(i.us_ticker_read))
<BR>[Address Reference Count : 1]<UL><LI> mbed_us_ticker_api.o(.constdata)
</UL>
<P><STRONG><a name="[7d]"></a>us_ticker_set_interrupt</STRONG> (Thumb, 28 bytes, Stack size 0 bytes, mbed/TARGET_NUCLEO_F446RE/TOOLCHAIN_ARM_STD/us_ticker_32b.o(i.us_ticker_set_interrupt))
<BR>[Address Reference Count : 1]<UL><LI> mbed_us_ticker_api.o(.constdata)
</UL>
<P><STRONG><a name="[147]"></a>wait_ms</STRONG> (Thumb, 36 bytes, Stack size 0 bytes, mbed/TARGET_NUCLEO_F446RE/TOOLCHAIN_ARM_STD/mbed.ar(mbed_wait_api_no_rtos.o)(i.wait_ms))
<BR><BR>[Calls]<UL><LI><a href="#[19a]">&gt;&gt;</a>&nbsp;&nbsp;&nbsp;ticker_read
<LI><a href="#[150]">&gt;&gt;</a>&nbsp;&nbsp;&nbsp;get_us_ticker_data
</UL>
<BR>[Called By]<UL><LI><a href="#[17e]">&gt;&gt;</a>&nbsp;&nbsp;&nbsp;mbed_die
<LI><a href="#[145]">&gt;&gt;</a>&nbsp;&nbsp;&nbsp;debounce()
</UL>

<P><STRONG><a name="[c1]"></a>_get_lc_numeric</STRONG> (Thumb, 44 bytes, Stack size 0 bytes, C:\Keil_v5\ARM\ARMCC\Bin\..\lib\armlib\c_w.l(lc_numeric_c.o)(locale$$code))
<BR><BR>[Calls]<UL><LI><a href="#[176]">&gt;&gt;</a>&nbsp;&nbsp;&nbsp;strcmp
</UL>
<BR>[Called By]<UL><LI><a href="#[c0]">&gt;&gt;</a>&nbsp;&nbsp;&nbsp;__rt_lib_init_lc_numeric_2
</UL>

<P><STRONG><a name="[71]"></a>_get_lc_ctype</STRONG> (Thumb, 44 bytes, Stack size 0 bytes, C:\Keil_v5\ARM\ARMCC\Bin\..\lib\armlib\c_w.l(lc_ctype_c.o)(locale$$code))
<BR><BR>[Calls]<UL><LI><a href="#[176]">&gt;&gt;</a>&nbsp;&nbsp;&nbsp;strcmp
</UL>
<BR>[Called By]<UL><LI><a href="#[bf]">&gt;&gt;</a>&nbsp;&nbsp;&nbsp;__rt_lib_init_lc_ctype_2
</UL>
<BR>[Address Reference Count : 1]<UL><LI> rt_ctype_table.o(.text)
</UL>
<P><STRONG><a name="[15f]"></a>SingletonPtr&lang;PlatformMutex&rang;::operator -&rang;()</STRONG> (Thumb, 36 bytes, Stack size 0 bytes, mbed/TARGET_NUCLEO_F446RE/TOOLCHAIN_ARM_STD/mbed.ar(FileBase.o)(t._ZN12SingletonPtrI13PlatformMutexEptEv))
<BR><BR>[Calls]<UL><LI><a href="#[13c]">&gt;&gt;</a>&nbsp;&nbsp;&nbsp;mbed_assert_internal
</UL>
<BR>[Called By]<UL><LI><a href="#[15e]">&gt;&gt;</a>&nbsp;&nbsp;&nbsp;mbed::FileBase::lookup(const char*, unsigned)
</UL>

<P><STRONG><a name="[16e]"></a>void mbed::Ticker::attach_us&lang;Stepper, void(Stepper::*)()&rang;(T1*, T2, unsigned long long)</STRONG> (Thumb, 52 bytes, Stack size 0 bytes, .\build\stepper.o(t._ZN4mbed6Ticker9attach_usI7StepperMS2_FvvEEEvPT_T0_y))
<BR><BR>[Calls]<UL><LI><a href="#[15c]">&gt;&gt;</a>&nbsp;&nbsp;&nbsp;mbed::Callback&lang;void()&rang;::~Callback()
<LI><a href="#[19d]">&gt;&gt;</a>&nbsp;&nbsp;&nbsp;mbed::Callback&lang;void()&rang;::Callback&lang;Stepper, Stepper&rang;(T2*, void(T1::*)())
<LI><a href="#[15a]">&gt;&gt;</a>&nbsp;&nbsp;&nbsp;mbed::Ticker::attach_us(mbed::Callback&lang;void()&rang;, unsigned long long)
</UL>
<BR>[Called By]<UL><LI><a href="#[78]">&gt;&gt;</a>&nbsp;&nbsp;&nbsp;Stepper::inc_s()
<LI><a href="#[16a]">&gt;&gt;</a>&nbsp;&nbsp;&nbsp;Stepper::move_by(int, int, int)
</UL>

<P><STRONG><a name="[89]"></a>void mbed::Callback&lang;void()&rang;::function_call&lang;mbed::Callback&lang;void()&rang;::method_context&lang;Stepper, void(Stepper::*)()&rang;&rang;(const void*)</STRONG> (Thumb, 48 bytes, Stack size 0 bytes, .\build\stepper.o(t._ZN4mbed8CallbackIFvvEE13function_callINS2_14method_contextI7StepperMS5_FvvEEEEEvPKv))
<BR>[Address Reference Count : 1]<UL><LI> stepper.o(.constdata__ZZN4mbed8CallbackIFvvEE8generateINS2_14method_contextI7StepperMS5_FvvEEEEEvRKT_E3ops)
</UL>
<P><STRONG><a name="[8c]"></a>void mbed::Callback&lang;void()&rang;::function_call&lang;void(*)()&rang;(const void*)</STRONG> (Thumb, 10 bytes, Stack size 0 bytes, .\build\stepper.o(t._ZN4mbed8CallbackIFvvEE13function_callIPS1_EEvPKv))
<BR>[Address Reference Count : 1]<UL><LI> stepper.o(.constdata__ZZN4mbed8CallbackIFvvEE8generateIPS1_EEvRKT_E3ops)
</UL>
<P><STRONG><a name="[8b]"></a>void mbed::Callback&lang;void()&rang;::function_dtor&lang;mbed::Callback&lang;void()&rang;::method_context&lang;Stepper, void(Stepper::*)()&rang;&rang;(void*)</STRONG> (Thumb, 2 bytes, Stack size 0 bytes, .\build\stepper.o(t._ZN4mbed8CallbackIFvvEE13function_dtorINS2_14method_contextI7StepperMS5_FvvEEEEEvPv))
<BR>[Address Reference Count : 1]<UL><LI> stepper.o(.constdata__ZZN4mbed8CallbackIFvvEE8generateINS2_14method_contextI7StepperMS5_FvvEEEEEvRKT_E3ops)
</UL>
<P><STRONG><a name="[8e]"></a>void mbed::Callback&lang;void()&rang;::function_dtor&lang;void(*)()&rang;(void*)</STRONG> (Thumb, 2 bytes, Stack size 0 bytes, .\build\stepper.o(t._ZN4mbed8CallbackIFvvEE13function_dtorIPS1_EEvPv))
<BR>[Address Reference Count : 1]<UL><LI> stepper.o(.constdata__ZZN4mbed8CallbackIFvvEE8generateIPS1_EEvRKT_E3ops)
</UL>
<P><STRONG><a name="[8a]"></a>void mbed::Callback&lang;void()&rang;::function_move&lang;mbed::Callback&lang;void()&rang;::method_context&lang;Stepper, void(Stepper::*)()&rang;&rang;(void*, const void*)</STRONG> (Thumb, 20 bytes, Stack size 0 bytes, .\build\stepper.o(t._ZN4mbed8CallbackIFvvEE13function_moveINS2_14method_contextI7StepperMS5_FvvEEEEEvPvPKv))
<BR>[Address Reference Count : 1]<UL><LI> stepper.o(.constdata__ZZN4mbed8CallbackIFvvEE8generateINS2_14method_contextI7StepperMS5_FvvEEEEEvRKT_E3ops)
</UL>
<P><STRONG><a name="[8d]"></a>void mbed::Callback&lang;void()&rang;::function_move&lang;void(*)()&rang;(void*, const void*)</STRONG> (Thumb, 14 bytes, Stack size 0 bytes, .\build\stepper.o(t._ZN4mbed8CallbackIFvvEE13function_moveIPS1_EEvPvPKv))
<BR>[Address Reference Count : 1]<UL><LI> stepper.o(.constdata__ZZN4mbed8CallbackIFvvEE8generateIPS1_EEvRKT_E3ops)
</UL>
<P><STRONG><a name="[19d]"></a>mbed::Callback&lang;void()&rang;::Callback&lang;Stepper, Stepper&rang;(T2*, void(T1::*)())</STRONG> (Thumb, 68 bytes, Stack size 0 bytes, .\build\stepper.o(t._ZN4mbed8CallbackIFvvEEC1I7StepperS4_EEPT0_MT_FvvE))
<BR><BR>[Called By]<UL><LI><a href="#[16e]">&gt;&gt;</a>&nbsp;&nbsp;&nbsp;void mbed::Ticker::attach_us&lang;Stepper, void(Stepper::*)()&rang;(T1*, T2, unsigned long long)
</UL>

<P><STRONG><a name="[15c]"></a>mbed::Callback&lang;void()&rang;::~Callback()</STRONG> (Thumb, 20 bytes, Stack size 0 bytes, .\build\stepper.o(t._ZN4mbed8CallbackIFvvEED1Ev))
<BR><BR>[Called By]<UL><LI><a href="#[16e]">&gt;&gt;</a>&nbsp;&nbsp;&nbsp;void mbed::Ticker::attach_us&lang;Stepper, void(Stepper::*)()&rang;(T1*, T2, unsigned long long)
<LI><a href="#[15a]">&gt;&gt;</a>&nbsp;&nbsp;&nbsp;mbed::Ticker::attach_us(mbed::Callback&lang;void()&rang;, unsigned long long)
</UL>

<P><STRONG><a name="[ba]"></a>_fp_init</STRONG> (Thumb, 10 bytes, Stack size 0 bytes, C:\Keil_v5\ARM\ARMCC\Bin\..\lib\armlib\fz_wm.l(fpinit.o)(x$fpl$fpinit))
<BR><BR>[Called By]<UL><LI><a href="#[b9]">&gt;&gt;</a>&nbsp;&nbsp;&nbsp;__rt_lib_init_fp_1
</UL>

<P><STRONG><a name="[9c]"></a>_printf_fp_dec</STRONG> (Thumb, 4 bytes, Stack size 0 bytes, C:\Keil_v5\ARM\ARMCC\Bin\..\lib\armlib\fz_wm.l(printf1.o)(x$fpl$printf1))
<BR><BR>[Calls]<UL><LI><a href="#[109]">&gt;&gt;</a>&nbsp;&nbsp;&nbsp;_printf_fp_dec_real
</UL>
<BR>[Called By]<UL><LI><a href="#[9e]">&gt;&gt;</a>&nbsp;&nbsp;&nbsp;_printf_g
<LI><a href="#[9d]">&gt;&gt;</a>&nbsp;&nbsp;&nbsp;_printf_e
<LI><a href="#[9b]">&gt;&gt;</a>&nbsp;&nbsp;&nbsp;_printf_f
</UL>

<P><STRONG><a name="[a0]"></a>_printf_fp_hex</STRONG> (Thumb, 4 bytes, Stack size 0 bytes, C:\Keil_v5\ARM\ARMCC\Bin\..\lib\armlib\fz_wm.l(printf2.o)(x$fpl$printf2))
<BR><BR>[Calls]<UL><LI><a href="#[10c]">&gt;&gt;</a>&nbsp;&nbsp;&nbsp;_printf_fp_hex_real
</UL>
<BR>[Called By]<UL><LI><a href="#[9f]">&gt;&gt;</a>&nbsp;&nbsp;&nbsp;_printf_a
</UL>
<P>
<H3>
Local Symbols
</H3>
<P><STRONG><a name="[11e]"></a>can_irq</STRONG> (Thumb, 290 bytes, Stack size 0 bytes, mbed/TARGET_NUCLEO_F446RE/TOOLCHAIN_ARM_STD/can_api.o(i.can_irq))
<BR><BR>[Called By]<UL><LI><a href="#[53]">&gt;&gt;</a>&nbsp;&nbsp;&nbsp;CAN2_TX_IRQHandler
<LI><a href="#[56]">&gt;&gt;</a>&nbsp;&nbsp;&nbsp;CAN2_SCE_IRQHandler
<LI><a href="#[54]">&gt;&gt;</a>&nbsp;&nbsp;&nbsp;CAN2_RX0_IRQHandler
<LI><a href="#[29]">&gt;&gt;</a>&nbsp;&nbsp;&nbsp;CAN1_TX_IRQHandler
<LI><a href="#[2c]">&gt;&gt;</a>&nbsp;&nbsp;&nbsp;CAN1_SCE_IRQHandler
<LI><a href="#[2a]">&gt;&gt;</a>&nbsp;&nbsp;&nbsp;CAN1_RX0_IRQHandler
</UL>

<P><STRONG><a name="[13b]"></a>reserve_filehandle()</STRONG> (Thumb, 154 bytes, Stack size 0 bytes, mbed/TARGET_NUCLEO_F446RE/TOOLCHAIN_ARM_STD/mbed_retarget.o(i._Z18reserve_filehandlev))
<BR><BR>[Calls]<UL><LI><a href="#[13c]">&gt;&gt;</a>&nbsp;&nbsp;&nbsp;mbed_assert_internal
<LI><a href="#[10f]">&gt;&gt;</a>&nbsp;&nbsp;&nbsp;__aeabi_errno_addr
</UL>
<BR>[Called By]<UL><LI><a href="#[177]">&gt;&gt;</a>&nbsp;&nbsp;&nbsp;open
</UL>

<P><STRONG><a name="[13d]"></a>get_fhc(int)</STRONG> (Thumb, 138 bytes, Stack size 0 bytes, mbed/TARGET_NUCLEO_F446RE/TOOLCHAIN_ARM_STD/mbed_retarget.o(i._Z7get_fhci))
<BR><BR>[Calls]<UL><LI><a href="#[13f]">&gt;&gt;</a>&nbsp;&nbsp;&nbsp;mbed::mbed_target_override_console(int)
<LI><a href="#[13e]">&gt;&gt;</a>&nbsp;&nbsp;&nbsp;mbed::mbed_override_console(int)
<LI><a href="#[142]">&gt;&gt;</a>&nbsp;&nbsp;&nbsp;serial_baud
<LI><a href="#[144]">&gt;&gt;</a>&nbsp;&nbsp;&nbsp;__cxa_guard_release
<LI><a href="#[140]">&gt;&gt;</a>&nbsp;&nbsp;&nbsp;__cxa_guard_acquire
<LI><a href="#[143]">&gt;&gt;</a>&nbsp;&nbsp;&nbsp;__aeabi_atexit
<LI><a href="#[141]">&gt;&gt;</a>&nbsp;&nbsp;&nbsp;serial_init
</UL>
<BR>[Called By]<UL><LI><a href="#[fb]">&gt;&gt;</a>&nbsp;&nbsp;&nbsp;_sys_write
<LI><a href="#[fa]">&gt;&gt;</a>&nbsp;&nbsp;&nbsp;_sys_seek
<LI><a href="#[dd]">&gt;&gt;</a>&nbsp;&nbsp;&nbsp;_sys_open
<LI><a href="#[f5]">&gt;&gt;</a>&nbsp;&nbsp;&nbsp;_sys_istty
<LI><a href="#[f7]">&gt;&gt;</a>&nbsp;&nbsp;&nbsp;_sys_flen
<LI><a href="#[100]">&gt;&gt;</a>&nbsp;&nbsp;&nbsp;_sys_close
</UL>

<P><STRONG><a name="[17c]"></a>debug</STRONG> (Thumb, 20 bytes, Stack size 0 bytes, mbed/TARGET_NUCLEO_F446RE/TOOLCHAIN_ARM_STD/serial_api.o(i.debug))
<BR><BR>[Calls]<UL><LI><a href="#[d2]">&gt;&gt;</a>&nbsp;&nbsp;&nbsp;vfprintf
</UL>
<BR>[Called By]<UL><LI><a href="#[142]">&gt;&gt;</a>&nbsp;&nbsp;&nbsp;serial_baud
</UL>

<P><STRONG><a name="[134]"></a>UART_SetConfig</STRONG> (Thumb, 822 bytes, Stack size 0 bytes, mbed/TARGET_NUCLEO_F446RE/TOOLCHAIN_ARM_STD/stm32f4xx_hal_uart.o(i.UART_SetConfig))
<BR><BR>[Calls]<UL><LI><a href="#[13a]">&gt;&gt;</a>&nbsp;&nbsp;&nbsp;HAL_RCC_GetPCLK2Freq
<LI><a href="#[124]">&gt;&gt;</a>&nbsp;&nbsp;&nbsp;HAL_RCC_GetPCLK1Freq
</UL>
<BR>[Called By]<UL><LI><a href="#[132]">&gt;&gt;</a>&nbsp;&nbsp;&nbsp;HAL_UART_Init
</UL>

<P><STRONG><a name="[8f]"></a>__sti___8_main_cpp_button</STRONG> (Thumb, 198 bytes, Stack size 0 bytes, .\build\main.o(i.__sti___8_main_cpp_button))
<BR><BR>[Calls]<UL><LI><a href="#[172]">&gt;&gt;</a>&nbsp;&nbsp;&nbsp;pwmout_init
<LI><a href="#[143]">&gt;&gt;</a>&nbsp;&nbsp;&nbsp;__aeabi_atexit
<LI><a href="#[14a]">&gt;&gt;</a>&nbsp;&nbsp;&nbsp;gpio_init_out
<LI><a href="#[155]">&gt;&gt;</a>&nbsp;&nbsp;&nbsp;core_util_critical_section_exit
<LI><a href="#[153]">&gt;&gt;</a>&nbsp;&nbsp;&nbsp;core_util_critical_section_enter
<LI><a href="#[171]">&gt;&gt;</a>&nbsp;&nbsp;&nbsp;gpio_init_in
<LI><a href="#[16f]">&gt;&gt;</a>&nbsp;&nbsp;&nbsp;Stepper::Stepper(PinName, PinName, PinName, int)
<LI><a href="#[df]">&gt;&gt;</a>&nbsp;&nbsp;&nbsp;__aeabi_memclr4
</UL>
<BR>[Address Reference Count : 1]<UL><LI> main.o(.init_array)
</UL>
<P><STRONG><a name="[168]"></a>gpio_read(gpio_t*)</STRONG> (Thumb, 20 bytes, Stack size 0 bytes, .\build\stepper.o(i._Z9gpio_readP6gpio_t))
<BR><BR>[Called By]<UL><LI><a href="#[146]">&gt;&gt;</a>&nbsp;&nbsp;&nbsp;mbed::DigitalIn::operator int()
<LI><a href="#[77]">&gt;&gt;</a>&nbsp;&nbsp;&nbsp;Stepper::step()
</UL>

<P><STRONG><a name="[186]"></a>initialize</STRONG> (Thumb, 198 bytes, Stack size 0 bytes, mbed/TARGET_NUCLEO_F446RE/TOOLCHAIN_ARM_STD/mbed.ar(mbed_ticker_api.o)(i.initialize))
<BR><BR>[Calls]<UL><LI><a href="#[13c]">&gt;&gt;</a>&nbsp;&nbsp;&nbsp;mbed_assert_internal
<LI><a href="#[187]">&gt;&gt;</a>&nbsp;&nbsp;&nbsp;__aeabi_llsl
<LI><a href="#[12c]">&gt;&gt;</a>&nbsp;&nbsp;&nbsp;__aeabi_uldivmod
<LI><a href="#[188]">&gt;&gt;</a>&nbsp;&nbsp;&nbsp;update_present_time
<LI><a href="#[189]">&gt;&gt;</a>&nbsp;&nbsp;&nbsp;schedule_interrupt
</UL>
<BR>[Called By]<UL><LI><a href="#[19a]">&gt;&gt;</a>&nbsp;&nbsp;&nbsp;ticker_read
<LI><a href="#[151]">&gt;&gt;</a>&nbsp;&nbsp;&nbsp;ticker_set_handler
<LI><a href="#[158]">&gt;&gt;</a>&nbsp;&nbsp;&nbsp;ticker_read_us
</UL>

<P><STRONG><a name="[189]"></a>schedule_interrupt</STRONG> (Thumb, 230 bytes, Stack size 0 bytes, mbed/TARGET_NUCLEO_F446RE/TOOLCHAIN_ARM_STD/mbed.ar(mbed_ticker_api.o)(i.schedule_interrupt))
<BR><BR>[Calls]<UL><LI><a href="#[12c]">&gt;&gt;</a>&nbsp;&nbsp;&nbsp;__aeabi_uldivmod
<LI><a href="#[188]">&gt;&gt;</a>&nbsp;&nbsp;&nbsp;update_present_time
</UL>
<BR>[Called By]<UL><LI><a href="#[90]">&gt;&gt;</a>&nbsp;&nbsp;&nbsp;ticker_irq_handler
<LI><a href="#[14e]">&gt;&gt;</a>&nbsp;&nbsp;&nbsp;ticker_remove_event
<LI><a href="#[14c]">&gt;&gt;</a>&nbsp;&nbsp;&nbsp;ticker_insert_event_us
<LI><a href="#[186]">&gt;&gt;</a>&nbsp;&nbsp;&nbsp;initialize
</UL>

<P><STRONG><a name="[188]"></a>update_present_time</STRONG> (Thumb, 254 bytes, Stack size 0 bytes, mbed/TARGET_NUCLEO_F446RE/TOOLCHAIN_ARM_STD/mbed.ar(mbed_ticker_api.o)(i.update_present_time))
<BR><BR>[Calls]<UL><LI><a href="#[12c]">&gt;&gt;</a>&nbsp;&nbsp;&nbsp;__aeabi_uldivmod
</UL>
<BR>[Called By]<UL><LI><a href="#[19a]">&gt;&gt;</a>&nbsp;&nbsp;&nbsp;ticker_read
<LI><a href="#[90]">&gt;&gt;</a>&nbsp;&nbsp;&nbsp;ticker_irq_handler
<LI><a href="#[14c]">&gt;&gt;</a>&nbsp;&nbsp;&nbsp;ticker_insert_event_us
<LI><a href="#[158]">&gt;&gt;</a>&nbsp;&nbsp;&nbsp;ticker_read_us
<LI><a href="#[189]">&gt;&gt;</a>&nbsp;&nbsp;&nbsp;schedule_interrupt
<LI><a href="#[186]">&gt;&gt;</a>&nbsp;&nbsp;&nbsp;initialize
</UL>

<P><STRONG><a name="[6f]"></a>_printf_input_char</STRONG> (Thumb, 10 bytes, Stack size 0 bytes, C:\Keil_v5\ARM\ARMCC\Bin\..\lib\armlib\c_w.l(_printf_char_common.o)(.text))
<BR>[Address Reference Count : 1]<UL><LI> _printf_char_common.o(.text)
</UL>
<P><STRONG><a name="[104]"></a>_fp_digits</STRONG> (Thumb, 432 bytes, Stack size 0 bytes, C:\Keil_v5\ARM\ARMCC\Bin\..\lib\armlib\c_w.l(_printf_fp_dec.o)(.text))
<BR><BR>[Calls]<UL><LI><a href="#[108]">&gt;&gt;</a>&nbsp;&nbsp;&nbsp;_btod_emul
<LI><a href="#[107]">&gt;&gt;</a>&nbsp;&nbsp;&nbsp;_btod_ediv
<LI><a href="#[106]">&gt;&gt;</a>&nbsp;&nbsp;&nbsp;_btod_d2e
<LI><a href="#[105]">&gt;&gt;</a>&nbsp;&nbsp;&nbsp;_btod_etento
<LI><a href="#[f0]">&gt;&gt;</a>&nbsp;&nbsp;&nbsp;_ll_udiv10
</UL>
<BR>[Called By]<UL><LI><a href="#[109]">&gt;&gt;</a>&nbsp;&nbsp;&nbsp;_printf_fp_dec_real
</UL>
<P>
<H3>
Undefined Global Symbols
</H3><HR></body></html>
