<!doctype html public "-//w3c//dtd html 4.0 transitional//en">
<html><head>
<title>Static Call Graph - [.\BUILD\MMA_Project.axf]</title></head>
<body><HR>
<H1>Static Call Graph for image .\BUILD\MMA_Project.axf</H1><HR>
<BR><P>#&#060CALLGRAPH&#062# ARM Linker, 5060300: Last Updated: Mon Sep 17 20:52:05 2018
<BR><P>
<H3>Maximum Stack Usage =          0 bytes + Unknown(Cycles, Untraceable Function Pointers)</H3><H3>
Call chain for Maximum Stack Depth:</H3>

<P>
<H3>
Mutually Recursive functions
</H3> <LI><a href="#[12]">NMI_Handler</a>&nbsp;&nbsp;&nbsp;&rArr;&nbsp;&nbsp;&nbsp;<a href="#[12]">NMI_Handler</a><BR>
 <LI><a href="#[13]">HardFault_Handler</a>&nbsp;&nbsp;&nbsp;&rArr;&nbsp;&nbsp;&nbsp;<a href="#[13]">HardFault_Handler</a><BR>
 <LI><a href="#[14]">MemManage_Handler</a>&nbsp;&nbsp;&nbsp;&rArr;&nbsp;&nbsp;&nbsp;<a href="#[14]">MemManage_Handler</a><BR>
 <LI><a href="#[15]">BusFault_Handler</a>&nbsp;&nbsp;&nbsp;&rArr;&nbsp;&nbsp;&nbsp;<a href="#[15]">BusFault_Handler</a><BR>
 <LI><a href="#[16]">UsageFault_Handler</a>&nbsp;&nbsp;&nbsp;&rArr;&nbsp;&nbsp;&nbsp;<a href="#[16]">UsageFault_Handler</a><BR>
 <LI><a href="#[17]">SVC_Handler</a>&nbsp;&nbsp;&nbsp;&rArr;&nbsp;&nbsp;&nbsp;<a href="#[17]">SVC_Handler</a><BR>
 <LI><a href="#[18]">DebugMon_Handler</a>&nbsp;&nbsp;&nbsp;&rArr;&nbsp;&nbsp;&nbsp;<a href="#[18]">DebugMon_Handler</a><BR>
 <LI><a href="#[19]">PendSV_Handler</a>&nbsp;&nbsp;&nbsp;&rArr;&nbsp;&nbsp;&nbsp;<a href="#[19]">PendSV_Handler</a><BR>
 <LI><a href="#[1a]">SysTick_Handler</a>&nbsp;&nbsp;&nbsp;&rArr;&nbsp;&nbsp;&nbsp;<a href="#[1a]">SysTick_Handler</a><BR>
 <LI><a href="#[2d]">ADC_IRQHandler</a>&nbsp;&nbsp;&nbsp;&rArr;&nbsp;&nbsp;&nbsp;<a href="#[2d]">ADC_IRQHandler</a><BR>
 <LI><a href="#[204]">ticker_read</a>&nbsp;&nbsp;&nbsp;&rArr;&nbsp;&nbsp;&nbsp;<a href="#[1a6]">core_util_critical_section_exit</a><BR>
 <LI><a href="#[1a3]">core_util_critical_section_enter</a>&nbsp;&nbsp;&nbsp;&rArr;&nbsp;&nbsp;&nbsp;<a href="#[184]">mbed_assert_internal</a><BR>
 <LI><a href="#[1f0]">initialize</a>&nbsp;&nbsp;&nbsp;&rArr;&nbsp;&nbsp;&nbsp;<a href="#[184]">mbed_assert_internal</a><BR>
 <LI><a href="#[102]">exit</a>&nbsp;&nbsp;&nbsp;&rArr;&nbsp;&nbsp;&nbsp;<a href="#[1e6]">mbed_die</a><BR>
 <LI><a href="#[18c]">__cxa_guard_release</a>&nbsp;&nbsp;&nbsp;&rArr;&nbsp;&nbsp;&nbsp;<a href="#[184]">mbed_assert_internal</a><BR>
 <LI><a href="#[188]">__cxa_guard_acquire</a>&nbsp;&nbsp;&nbsp;&rArr;&nbsp;&nbsp;&nbsp;<a href="#[184]">mbed_assert_internal</a><BR>
 <LI><a href="#[1fc]">pinmap_merge</a>&nbsp;&nbsp;&nbsp;&rArr;&nbsp;&nbsp;&nbsp;<a href="#[17a]">error</a><BR>
 <LI><a href="#[189]">serial_init</a>&nbsp;&nbsp;&nbsp;&rArr;&nbsp;&nbsp;&nbsp;<a href="#[1ee]">pin_mode</a><BR>
 <LI><a href="#[1ea]">pin_function</a>&nbsp;&nbsp;&nbsp;&rArr;&nbsp;&nbsp;&nbsp;<a href="#[179]">Set_GPIO_Clock</a><BR>
 <LI><a href="#[1fe]">pinmap_pinout</a>&nbsp;&nbsp;&nbsp;&rArr;&nbsp;&nbsp;&nbsp;<a href="#[1ee]">pin_mode</a><BR>
 <LI><a href="#[1fd]">pinmap_peripheral</a>&nbsp;&nbsp;&nbsp;&rArr;&nbsp;&nbsp;&nbsp;<a href="#[17a]">error</a><BR>
 <LI><a href="#[1e5]">mbed_error_vfprintf</a>&nbsp;&nbsp;&nbsp;&rArr;&nbsp;&nbsp;&nbsp;<a href="#[1a6]">core_util_critical_section_exit</a><BR>
 <LI><a href="#[1ee]">pin_mode</a>&nbsp;&nbsp;&nbsp;&rArr;&nbsp;&nbsp;&nbsp;<a href="#[184]">mbed_assert_internal</a><BR>
 <LI><a href="#[1f7]">mbed_error_printf</a>&nbsp;&nbsp;&nbsp;&rArr;&nbsp;&nbsp;&nbsp;<a href="#[1a6]">core_util_critical_section_exit</a><BR>
 <LI><a href="#[1e0]">core_util_atomic_decr_u16</a>&nbsp;&nbsp;&nbsp;&rArr;&nbsp;&nbsp;&nbsp;<a href="#[1e0]">core_util_atomic_decr_u16</a><BR>
 <LI><a href="#[1e1]">core_util_atomic_incr_u16</a>&nbsp;&nbsp;&nbsp;&rArr;&nbsp;&nbsp;&nbsp;<a href="#[1e1]">core_util_atomic_incr_u16</a><BR>
</UL>
<P>
<H3>
Function Pointers
</H3><UL>
 <LI><a href="#[7b]">&lang;Func3&rang;</a> from mbed/TARGET_NUCLEO_F446RE/TOOLCHAIN_ARM_STD/mbed.ar(SerialBase.o)(i.<Func3>) referenced from mbed/TARGET_NUCLEO_F446RE/TOOLCHAIN_ARM_STD/mbed.ar(SerialBase.o)(i._ZN4mbed10SerialBaseC1E7PinNameS1_i)
 <LI><a href="#[2d]">ADC_IRQHandler</a> from mbed/TARGET_NUCLEO_F446RE/TOOLCHAIN_ARM_STD/startup_stm32f446xx.o(.text) referenced from mbed/TARGET_NUCLEO_F446RE/TOOLCHAIN_ARM_STD/startup_stm32f446xx.o(RESET)
 <LI><a href="#[15]">BusFault_Handler</a> from mbed/TARGET_NUCLEO_F446RE/TOOLCHAIN_ARM_STD/startup_stm32f446xx.o(.text) referenced from mbed/TARGET_NUCLEO_F446RE/TOOLCHAIN_ARM_STD/startup_stm32f446xx.o(RESET)
 <LI><a href="#[2f]">CAN1_RX0_IRQHandler</a> from mbed/TARGET_NUCLEO_F446RE/TOOLCHAIN_ARM_STD/can_api.o(i.CAN1_RX0_IRQHandler) referenced from mbed/TARGET_NUCLEO_F446RE/TOOLCHAIN_ARM_STD/startup_stm32f446xx.o(RESET)
 <LI><a href="#[30]">CAN1_RX1_IRQHandler</a> from mbed/TARGET_NUCLEO_F446RE/TOOLCHAIN_ARM_STD/startup_stm32f446xx.o(.text) referenced from mbed/TARGET_NUCLEO_F446RE/TOOLCHAIN_ARM_STD/startup_stm32f446xx.o(RESET)
 <LI><a href="#[31]">CAN1_SCE_IRQHandler</a> from mbed/TARGET_NUCLEO_F446RE/TOOLCHAIN_ARM_STD/can_api.o(i.CAN1_SCE_IRQHandler) referenced from mbed/TARGET_NUCLEO_F446RE/TOOLCHAIN_ARM_STD/startup_stm32f446xx.o(RESET)
 <LI><a href="#[2e]">CAN1_TX_IRQHandler</a> from mbed/TARGET_NUCLEO_F446RE/TOOLCHAIN_ARM_STD/can_api.o(i.CAN1_TX_IRQHandler) referenced from mbed/TARGET_NUCLEO_F446RE/TOOLCHAIN_ARM_STD/startup_stm32f446xx.o(RESET)
 <LI><a href="#[59]">CAN2_RX0_IRQHandler</a> from mbed/TARGET_NUCLEO_F446RE/TOOLCHAIN_ARM_STD/can_api.o(i.CAN2_RX0_IRQHandler) referenced from mbed/TARGET_NUCLEO_F446RE/TOOLCHAIN_ARM_STD/startup_stm32f446xx.o(RESET)
 <LI><a href="#[5a]">CAN2_RX1_IRQHandler</a> from mbed/TARGET_NUCLEO_F446RE/TOOLCHAIN_ARM_STD/startup_stm32f446xx.o(.text) referenced from mbed/TARGET_NUCLEO_F446RE/TOOLCHAIN_ARM_STD/startup_stm32f446xx.o(RESET)
 <LI><a href="#[5b]">CAN2_SCE_IRQHandler</a> from mbed/TARGET_NUCLEO_F446RE/TOOLCHAIN_ARM_STD/can_api.o(i.CAN2_SCE_IRQHandler) referenced from mbed/TARGET_NUCLEO_F446RE/TOOLCHAIN_ARM_STD/startup_stm32f446xx.o(RESET)
 <LI><a href="#[58]">CAN2_TX_IRQHandler</a> from mbed/TARGET_NUCLEO_F446RE/TOOLCHAIN_ARM_STD/can_api.o(i.CAN2_TX_IRQHandler) referenced from mbed/TARGET_NUCLEO_F446RE/TOOLCHAIN_ARM_STD/startup_stm32f446xx.o(RESET)
 <LI><a href="#[6d]">CEC_IRQHandler</a> from mbed/TARGET_NUCLEO_F446RE/TOOLCHAIN_ARM_STD/startup_stm32f446xx.o(.text) referenced from mbed/TARGET_NUCLEO_F446RE/TOOLCHAIN_ARM_STD/startup_stm32f446xx.o(RESET)
 <LI><a href="#[67]">DCMI_IRQHandler</a> from mbed/TARGET_NUCLEO_F446RE/TOOLCHAIN_ARM_STD/startup_stm32f446xx.o(.text) referenced from mbed/TARGET_NUCLEO_F446RE/TOOLCHAIN_ARM_STD/startup_stm32f446xx.o(RESET)
 <LI><a href="#[26]">DMA1_Stream0_IRQHandler</a> from mbed/TARGET_NUCLEO_F446RE/TOOLCHAIN_ARM_STD/startup_stm32f446xx.o(.text) referenced from mbed/TARGET_NUCLEO_F446RE/TOOLCHAIN_ARM_STD/startup_stm32f446xx.o(RESET)
 <LI><a href="#[27]">DMA1_Stream1_IRQHandler</a> from mbed/TARGET_NUCLEO_F446RE/TOOLCHAIN_ARM_STD/startup_stm32f446xx.o(.text) referenced from mbed/TARGET_NUCLEO_F446RE/TOOLCHAIN_ARM_STD/startup_stm32f446xx.o(RESET)
 <LI><a href="#[28]">DMA1_Stream2_IRQHandler</a> from mbed/TARGET_NUCLEO_F446RE/TOOLCHAIN_ARM_STD/startup_stm32f446xx.o(.text) referenced from mbed/TARGET_NUCLEO_F446RE/TOOLCHAIN_ARM_STD/startup_stm32f446xx.o(RESET)
 <LI><a href="#[29]">DMA1_Stream3_IRQHandler</a> from mbed/TARGET_NUCLEO_F446RE/TOOLCHAIN_ARM_STD/startup_stm32f446xx.o(.text) referenced from mbed/TARGET_NUCLEO_F446RE/TOOLCHAIN_ARM_STD/startup_stm32f446xx.o(RESET)
 <LI><a href="#[2a]">DMA1_Stream4_IRQHandler</a> from mbed/TARGET_NUCLEO_F446RE/TOOLCHAIN_ARM_STD/startup_stm32f446xx.o(.text) referenced from mbed/TARGET_NUCLEO_F446RE/TOOLCHAIN_ARM_STD/startup_stm32f446xx.o(RESET)
 <LI><a href="#[2b]">DMA1_Stream5_IRQHandler</a> from mbed/TARGET_NUCLEO_F446RE/TOOLCHAIN_ARM_STD/startup_stm32f446xx.o(.text) referenced from mbed/TARGET_NUCLEO_F446RE/TOOLCHAIN_ARM_STD/startup_stm32f446xx.o(RESET)
 <LI><a href="#[2c]">DMA1_Stream6_IRQHandler</a> from mbed/TARGET_NUCLEO_F446RE/TOOLCHAIN_ARM_STD/startup_stm32f446xx.o(.text) referenced from mbed/TARGET_NUCLEO_F446RE/TOOLCHAIN_ARM_STD/startup_stm32f446xx.o(RESET)
 <LI><a href="#[4a]">DMA1_Stream7_IRQHandler</a> from mbed/TARGET_NUCLEO_F446RE/TOOLCHAIN_ARM_STD/startup_stm32f446xx.o(.text) referenced from mbed/TARGET_NUCLEO_F446RE/TOOLCHAIN_ARM_STD/startup_stm32f446xx.o(RESET)
 <LI><a href="#[53]">DMA2_Stream0_IRQHandler</a> from mbed/TARGET_NUCLEO_F446RE/TOOLCHAIN_ARM_STD/startup_stm32f446xx.o(.text) referenced from mbed/TARGET_NUCLEO_F446RE/TOOLCHAIN_ARM_STD/startup_stm32f446xx.o(RESET)
 <LI><a href="#[54]">DMA2_Stream1_IRQHandler</a> from mbed/TARGET_NUCLEO_F446RE/TOOLCHAIN_ARM_STD/startup_stm32f446xx.o(.text) referenced from mbed/TARGET_NUCLEO_F446RE/TOOLCHAIN_ARM_STD/startup_stm32f446xx.o(RESET)
 <LI><a href="#[55]">DMA2_Stream2_IRQHandler</a> from mbed/TARGET_NUCLEO_F446RE/TOOLCHAIN_ARM_STD/startup_stm32f446xx.o(.text) referenced from mbed/TARGET_NUCLEO_F446RE/TOOLCHAIN_ARM_STD/startup_stm32f446xx.o(RESET)
 <LI><a href="#[56]">DMA2_Stream3_IRQHandler</a> from mbed/TARGET_NUCLEO_F446RE/TOOLCHAIN_ARM_STD/startup_stm32f446xx.o(.text) referenced from mbed/TARGET_NUCLEO_F446RE/TOOLCHAIN_ARM_STD/startup_stm32f446xx.o(RESET)
 <LI><a href="#[57]">DMA2_Stream4_IRQHandler</a> from mbed/TARGET_NUCLEO_F446RE/TOOLCHAIN_ARM_STD/startup_stm32f446xx.o(.text) referenced from mbed/TARGET_NUCLEO_F446RE/TOOLCHAIN_ARM_STD/startup_stm32f446xx.o(RESET)
 <LI><a href="#[5d]">DMA2_Stream5_IRQHandler</a> from mbed/TARGET_NUCLEO_F446RE/TOOLCHAIN_ARM_STD/startup_stm32f446xx.o(.text) referenced from mbed/TARGET_NUCLEO_F446RE/TOOLCHAIN_ARM_STD/startup_stm32f446xx.o(RESET)
 <LI><a href="#[5e]">DMA2_Stream6_IRQHandler</a> from mbed/TARGET_NUCLEO_F446RE/TOOLCHAIN_ARM_STD/startup_stm32f446xx.o(.text) referenced from mbed/TARGET_NUCLEO_F446RE/TOOLCHAIN_ARM_STD/startup_stm32f446xx.o(RESET)
 <LI><a href="#[5f]">DMA2_Stream7_IRQHandler</a> from mbed/TARGET_NUCLEO_F446RE/TOOLCHAIN_ARM_STD/startup_stm32f446xx.o(.text) referenced from mbed/TARGET_NUCLEO_F446RE/TOOLCHAIN_ARM_STD/startup_stm32f446xx.o(RESET)
 <LI><a href="#[18]">DebugMon_Handler</a> from mbed/TARGET_NUCLEO_F446RE/TOOLCHAIN_ARM_STD/startup_stm32f446xx.o(.text) referenced from mbed/TARGET_NUCLEO_F446RE/TOOLCHAIN_ARM_STD/startup_stm32f446xx.o(RESET)
 <LI><a href="#[21]">EXTI0_IRQHandler</a> from mbed/TARGET_NUCLEO_F446RE/TOOLCHAIN_ARM_STD/startup_stm32f446xx.o(.text) referenced from mbed/TARGET_NUCLEO_F446RE/TOOLCHAIN_ARM_STD/startup_stm32f446xx.o(RESET)
 <LI><a href="#[43]">EXTI15_10_IRQHandler</a> from mbed/TARGET_NUCLEO_F446RE/TOOLCHAIN_ARM_STD/startup_stm32f446xx.o(.text) referenced from mbed/TARGET_NUCLEO_F446RE/TOOLCHAIN_ARM_STD/startup_stm32f446xx.o(RESET)
 <LI><a href="#[22]">EXTI1_IRQHandler</a> from mbed/TARGET_NUCLEO_F446RE/TOOLCHAIN_ARM_STD/startup_stm32f446xx.o(.text) referenced from mbed/TARGET_NUCLEO_F446RE/TOOLCHAIN_ARM_STD/startup_stm32f446xx.o(RESET)
 <LI><a href="#[23]">EXTI2_IRQHandler</a> from mbed/TARGET_NUCLEO_F446RE/TOOLCHAIN_ARM_STD/startup_stm32f446xx.o(.text) referenced from mbed/TARGET_NUCLEO_F446RE/TOOLCHAIN_ARM_STD/startup_stm32f446xx.o(RESET)
 <LI><a href="#[24]">EXTI3_IRQHandler</a> from mbed/TARGET_NUCLEO_F446RE/TOOLCHAIN_ARM_STD/startup_stm32f446xx.o(.text) referenced from mbed/TARGET_NUCLEO_F446RE/TOOLCHAIN_ARM_STD/startup_stm32f446xx.o(RESET)
 <LI><a href="#[25]">EXTI4_IRQHandler</a> from mbed/TARGET_NUCLEO_F446RE/TOOLCHAIN_ARM_STD/startup_stm32f446xx.o(.text) referenced from mbed/TARGET_NUCLEO_F446RE/TOOLCHAIN_ARM_STD/startup_stm32f446xx.o(RESET)
 <LI><a href="#[32]">EXTI9_5_IRQHandler</a> from mbed/TARGET_NUCLEO_F446RE/TOOLCHAIN_ARM_STD/startup_stm32f446xx.o(.text) referenced from mbed/TARGET_NUCLEO_F446RE/TOOLCHAIN_ARM_STD/startup_stm32f446xx.o(RESET)
 <LI><a href="#[1f]">FLASH_IRQHandler</a> from mbed/TARGET_NUCLEO_F446RE/TOOLCHAIN_ARM_STD/startup_stm32f446xx.o(.text) referenced from mbed/TARGET_NUCLEO_F446RE/TOOLCHAIN_ARM_STD/startup_stm32f446xx.o(RESET)
 <LI><a href="#[4b]">FMC_IRQHandler</a> from mbed/TARGET_NUCLEO_F446RE/TOOLCHAIN_ARM_STD/startup_stm32f446xx.o(.text) referenced from mbed/TARGET_NUCLEO_F446RE/TOOLCHAIN_ARM_STD/startup_stm32f446xx.o(RESET)
 <LI><a href="#[68]">FPU_IRQHandler</a> from mbed/TARGET_NUCLEO_F446RE/TOOLCHAIN_ARM_STD/startup_stm32f446xx.o(.text) referenced from mbed/TARGET_NUCLEO_F446RE/TOOLCHAIN_ARM_STD/startup_stm32f446xx.o(RESET)
 <LI><a href="#[13]">HardFault_Handler</a> from mbed/TARGET_NUCLEO_F446RE/TOOLCHAIN_ARM_STD/startup_stm32f446xx.o(.text) referenced from mbed/TARGET_NUCLEO_F446RE/TOOLCHAIN_ARM_STD/startup_stm32f446xx.o(RESET)
 <LI><a href="#[3b]">I2C1_ER_IRQHandler</a> from mbed/TARGET_NUCLEO_F446RE/TOOLCHAIN_ARM_STD/startup_stm32f446xx.o(.text) referenced from mbed/TARGET_NUCLEO_F446RE/TOOLCHAIN_ARM_STD/startup_stm32f446xx.o(RESET)
 <LI><a href="#[3a]">I2C1_EV_IRQHandler</a> from mbed/TARGET_NUCLEO_F446RE/TOOLCHAIN_ARM_STD/startup_stm32f446xx.o(.text) referenced from mbed/TARGET_NUCLEO_F446RE/TOOLCHAIN_ARM_STD/startup_stm32f446xx.o(RESET)
 <LI><a href="#[3d]">I2C2_ER_IRQHandler</a> from mbed/TARGET_NUCLEO_F446RE/TOOLCHAIN_ARM_STD/startup_stm32f446xx.o(.text) referenced from mbed/TARGET_NUCLEO_F446RE/TOOLCHAIN_ARM_STD/startup_stm32f446xx.o(RESET)
 <LI><a href="#[3c]">I2C2_EV_IRQHandler</a> from mbed/TARGET_NUCLEO_F446RE/TOOLCHAIN_ARM_STD/startup_stm32f446xx.o(.text) referenced from mbed/TARGET_NUCLEO_F446RE/TOOLCHAIN_ARM_STD/startup_stm32f446xx.o(RESET)
 <LI><a href="#[62]">I2C3_ER_IRQHandler</a> from mbed/TARGET_NUCLEO_F446RE/TOOLCHAIN_ARM_STD/startup_stm32f446xx.o(.text) referenced from mbed/TARGET_NUCLEO_F446RE/TOOLCHAIN_ARM_STD/startup_stm32f446xx.o(RESET)
 <LI><a href="#[61]">I2C3_EV_IRQHandler</a> from mbed/TARGET_NUCLEO_F446RE/TOOLCHAIN_ARM_STD/startup_stm32f446xx.o(.text) referenced from mbed/TARGET_NUCLEO_F446RE/TOOLCHAIN_ARM_STD/startup_stm32f446xx.o(RESET)
 <LI><a href="#[70]">I2C4_Error_IRQHandler</a> from mbed/TARGET_NUCLEO_F446RE/TOOLCHAIN_ARM_STD/startup_stm32f446xx.o(.text) referenced from mbed/TARGET_NUCLEO_F446RE/TOOLCHAIN_ARM_STD/startup_stm32f446xx.o(RESET)
 <LI><a href="#[6f]">I2C4_Event_IRQHandler</a> from mbed/TARGET_NUCLEO_F446RE/TOOLCHAIN_ARM_STD/startup_stm32f446xx.o(.text) referenced from mbed/TARGET_NUCLEO_F446RE/TOOLCHAIN_ARM_STD/startup_stm32f446xx.o(RESET)
 <LI><a href="#[14]">MemManage_Handler</a> from mbed/TARGET_NUCLEO_F446RE/TOOLCHAIN_ARM_STD/startup_stm32f446xx.o(.text) referenced from mbed/TARGET_NUCLEO_F446RE/TOOLCHAIN_ARM_STD/startup_stm32f446xx.o(RESET)
 <LI><a href="#[12]">NMI_Handler</a> from mbed/TARGET_NUCLEO_F446RE/TOOLCHAIN_ARM_STD/startup_stm32f446xx.o(.text) referenced from mbed/TARGET_NUCLEO_F446RE/TOOLCHAIN_ARM_STD/startup_stm32f446xx.o(RESET)
 <LI><a href="#[5c]">OTG_FS_IRQHandler</a> from mbed/TARGET_NUCLEO_F446RE/TOOLCHAIN_ARM_STD/startup_stm32f446xx.o(.text) referenced from mbed/TARGET_NUCLEO_F446RE/TOOLCHAIN_ARM_STD/startup_stm32f446xx.o(RESET)
 <LI><a href="#[45]">OTG_FS_WKUP_IRQHandler</a> from mbed/TARGET_NUCLEO_F446RE/TOOLCHAIN_ARM_STD/startup_stm32f446xx.o(.text) referenced from mbed/TARGET_NUCLEO_F446RE/TOOLCHAIN_ARM_STD/startup_stm32f446xx.o(RESET)
 <LI><a href="#[64]">OTG_HS_EP1_IN_IRQHandler</a> from mbed/TARGET_NUCLEO_F446RE/TOOLCHAIN_ARM_STD/startup_stm32f446xx.o(.text) referenced from mbed/TARGET_NUCLEO_F446RE/TOOLCHAIN_ARM_STD/startup_stm32f446xx.o(RESET)
 <LI><a href="#[63]">OTG_HS_EP1_OUT_IRQHandler</a> from mbed/TARGET_NUCLEO_F446RE/TOOLCHAIN_ARM_STD/startup_stm32f446xx.o(.text) referenced from mbed/TARGET_NUCLEO_F446RE/TOOLCHAIN_ARM_STD/startup_stm32f446xx.o(RESET)
 <LI><a href="#[66]">OTG_HS_IRQHandler</a> from mbed/TARGET_NUCLEO_F446RE/TOOLCHAIN_ARM_STD/startup_stm32f446xx.o(.text) referenced from mbed/TARGET_NUCLEO_F446RE/TOOLCHAIN_ARM_STD/startup_stm32f446xx.o(RESET)
 <LI><a href="#[65]">OTG_HS_WKUP_IRQHandler</a> from mbed/TARGET_NUCLEO_F446RE/TOOLCHAIN_ARM_STD/startup_stm32f446xx.o(.text) referenced from mbed/TARGET_NUCLEO_F446RE/TOOLCHAIN_ARM_STD/startup_stm32f446xx.o(RESET)
 <LI><a href="#[1c]">PVD_IRQHandler</a> from mbed/TARGET_NUCLEO_F446RE/TOOLCHAIN_ARM_STD/startup_stm32f446xx.o(.text) referenced from mbed/TARGET_NUCLEO_F446RE/TOOLCHAIN_ARM_STD/startup_stm32f446xx.o(RESET)
 <LI><a href="#[19]">PendSV_Handler</a> from mbed/TARGET_NUCLEO_F446RE/TOOLCHAIN_ARM_STD/startup_stm32f446xx.o(.text) referenced from mbed/TARGET_NUCLEO_F446RE/TOOLCHAIN_ARM_STD/startup_stm32f446xx.o(RESET)
 <LI><a href="#[6c]">QuadSPI_IRQHandler</a> from mbed/TARGET_NUCLEO_F446RE/TOOLCHAIN_ARM_STD/startup_stm32f446xx.o(.text) referenced from mbed/TARGET_NUCLEO_F446RE/TOOLCHAIN_ARM_STD/startup_stm32f446xx.o(RESET)
 <LI><a href="#[20]">RCC_IRQHandler</a> from mbed/TARGET_NUCLEO_F446RE/TOOLCHAIN_ARM_STD/startup_stm32f446xx.o(.text) referenced from mbed/TARGET_NUCLEO_F446RE/TOOLCHAIN_ARM_STD/startup_stm32f446xx.o(RESET)
 <LI><a href="#[44]">RTC_Alarm_IRQHandler</a> from mbed/TARGET_NUCLEO_F446RE/TOOLCHAIN_ARM_STD/startup_stm32f446xx.o(.text) referenced from mbed/TARGET_NUCLEO_F446RE/TOOLCHAIN_ARM_STD/startup_stm32f446xx.o(RESET)
 <LI><a href="#[1e]">RTC_WKUP_IRQHandler</a> from mbed/TARGET_NUCLEO_F446RE/TOOLCHAIN_ARM_STD/startup_stm32f446xx.o(.text) referenced from mbed/TARGET_NUCLEO_F446RE/TOOLCHAIN_ARM_STD/startup_stm32f446xx.o(RESET)
 <LI><a href="#[11]">Reset_Handler</a> from mbed/TARGET_NUCLEO_F446RE/TOOLCHAIN_ARM_STD/startup_stm32f446xx.o(.text) referenced from mbed/TARGET_NUCLEO_F446RE/TOOLCHAIN_ARM_STD/startup_stm32f446xx.o(RESET)
 <LI><a href="#[6a]">SAI1_IRQHandler</a> from mbed/TARGET_NUCLEO_F446RE/TOOLCHAIN_ARM_STD/startup_stm32f446xx.o(.text) referenced from mbed/TARGET_NUCLEO_F446RE/TOOLCHAIN_ARM_STD/startup_stm32f446xx.o(RESET)
 <LI><a href="#[6b]">SAI2_IRQHandler</a> from mbed/TARGET_NUCLEO_F446RE/TOOLCHAIN_ARM_STD/startup_stm32f446xx.o(.text) referenced from mbed/TARGET_NUCLEO_F446RE/TOOLCHAIN_ARM_STD/startup_stm32f446xx.o(RESET)
 <LI><a href="#[4c]">SDIO_IRQHandler</a> from mbed/TARGET_NUCLEO_F446RE/TOOLCHAIN_ARM_STD/startup_stm32f446xx.o(.text) referenced from mbed/TARGET_NUCLEO_F446RE/TOOLCHAIN_ARM_STD/startup_stm32f446xx.o(RESET)
 <LI><a href="#[6e]">SPDIF_RX_IRQHandler</a> from mbed/TARGET_NUCLEO_F446RE/TOOLCHAIN_ARM_STD/startup_stm32f446xx.o(.text) referenced from mbed/TARGET_NUCLEO_F446RE/TOOLCHAIN_ARM_STD/startup_stm32f446xx.o(RESET)
 <LI><a href="#[3e]">SPI1_IRQHandler</a> from mbed/TARGET_NUCLEO_F446RE/TOOLCHAIN_ARM_STD/startup_stm32f446xx.o(.text) referenced from mbed/TARGET_NUCLEO_F446RE/TOOLCHAIN_ARM_STD/startup_stm32f446xx.o(RESET)
 <LI><a href="#[3f]">SPI2_IRQHandler</a> from mbed/TARGET_NUCLEO_F446RE/TOOLCHAIN_ARM_STD/startup_stm32f446xx.o(.text) referenced from mbed/TARGET_NUCLEO_F446RE/TOOLCHAIN_ARM_STD/startup_stm32f446xx.o(RESET)
 <LI><a href="#[4e]">SPI3_IRQHandler</a> from mbed/TARGET_NUCLEO_F446RE/TOOLCHAIN_ARM_STD/startup_stm32f446xx.o(.text) referenced from mbed/TARGET_NUCLEO_F446RE/TOOLCHAIN_ARM_STD/startup_stm32f446xx.o(RESET)
 <LI><a href="#[69]">SPI4_IRQHandler</a> from mbed/TARGET_NUCLEO_F446RE/TOOLCHAIN_ARM_STD/startup_stm32f446xx.o(.text) referenced from mbed/TARGET_NUCLEO_F446RE/TOOLCHAIN_ARM_STD/startup_stm32f446xx.o(RESET)
 <LI><a href="#[17]">SVC_Handler</a> from mbed/TARGET_NUCLEO_F446RE/TOOLCHAIN_ARM_STD/startup_stm32f446xx.o(.text) referenced from mbed/TARGET_NUCLEO_F446RE/TOOLCHAIN_ARM_STD/startup_stm32f446xx.o(RESET)
 <LI><a href="#[1a]">SysTick_Handler</a> from mbed/TARGET_NUCLEO_F446RE/TOOLCHAIN_ARM_STD/startup_stm32f446xx.o(.text) referenced from mbed/TARGET_NUCLEO_F446RE/TOOLCHAIN_ARM_STD/startup_stm32f446xx.o(RESET)
 <LI><a href="#[71]">SystemInit</a> from mbed/TARGET_NUCLEO_F446RE/TOOLCHAIN_ARM_STD/system_clock.o(i.SystemInit) referenced from mbed/TARGET_NUCLEO_F446RE/TOOLCHAIN_ARM_STD/startup_stm32f446xx.o(.text)
 <LI><a href="#[1d]">TAMP_STAMP_IRQHandler</a> from mbed/TARGET_NUCLEO_F446RE/TOOLCHAIN_ARM_STD/startup_stm32f446xx.o(.text) referenced from mbed/TARGET_NUCLEO_F446RE/TOOLCHAIN_ARM_STD/startup_stm32f446xx.o(RESET)
 <LI><a href="#[33]">TIM1_BRK_TIM9_IRQHandler</a> from mbed/TARGET_NUCLEO_F446RE/TOOLCHAIN_ARM_STD/startup_stm32f446xx.o(.text) referenced from mbed/TARGET_NUCLEO_F446RE/TOOLCHAIN_ARM_STD/startup_stm32f446xx.o(RESET)
 <LI><a href="#[36]">TIM1_CC_IRQHandler</a> from mbed/TARGET_NUCLEO_F446RE/TOOLCHAIN_ARM_STD/startup_stm32f446xx.o(.text) referenced from mbed/TARGET_NUCLEO_F446RE/TOOLCHAIN_ARM_STD/startup_stm32f446xx.o(RESET)
 <LI><a href="#[35]">TIM1_TRG_COM_TIM11_IRQHandler</a> from mbed/TARGET_NUCLEO_F446RE/TOOLCHAIN_ARM_STD/startup_stm32f446xx.o(.text) referenced from mbed/TARGET_NUCLEO_F446RE/TOOLCHAIN_ARM_STD/startup_stm32f446xx.o(RESET)
 <LI><a href="#[34]">TIM1_UP_TIM10_IRQHandler</a> from mbed/TARGET_NUCLEO_F446RE/TOOLCHAIN_ARM_STD/startup_stm32f446xx.o(.text) referenced from mbed/TARGET_NUCLEO_F446RE/TOOLCHAIN_ARM_STD/startup_stm32f446xx.o(RESET)
 <LI><a href="#[37]">TIM2_IRQHandler</a> from mbed/TARGET_NUCLEO_F446RE/TOOLCHAIN_ARM_STD/startup_stm32f446xx.o(.text) referenced from mbed/TARGET_NUCLEO_F446RE/TOOLCHAIN_ARM_STD/startup_stm32f446xx.o(RESET)
 <LI><a href="#[38]">TIM3_IRQHandler</a> from mbed/TARGET_NUCLEO_F446RE/TOOLCHAIN_ARM_STD/startup_stm32f446xx.o(.text) referenced from mbed/TARGET_NUCLEO_F446RE/TOOLCHAIN_ARM_STD/startup_stm32f446xx.o(RESET)
 <LI><a href="#[39]">TIM4_IRQHandler</a> from mbed/TARGET_NUCLEO_F446RE/TOOLCHAIN_ARM_STD/startup_stm32f446xx.o(.text) referenced from mbed/TARGET_NUCLEO_F446RE/TOOLCHAIN_ARM_STD/startup_stm32f446xx.o(RESET)
 <LI><a href="#[4d]">TIM5_IRQHandler</a> from mbed/TARGET_NUCLEO_F446RE/TOOLCHAIN_ARM_STD/startup_stm32f446xx.o(.text) referenced from mbed/TARGET_NUCLEO_F446RE/TOOLCHAIN_ARM_STD/startup_stm32f446xx.o(RESET)
 <LI><a href="#[51]">TIM6_DAC_IRQHandler</a> from mbed/TARGET_NUCLEO_F446RE/TOOLCHAIN_ARM_STD/startup_stm32f446xx.o(.text) referenced from mbed/TARGET_NUCLEO_F446RE/TOOLCHAIN_ARM_STD/startup_stm32f446xx.o(RESET)
 <LI><a href="#[52]">TIM7_IRQHandler</a> from mbed/TARGET_NUCLEO_F446RE/TOOLCHAIN_ARM_STD/startup_stm32f446xx.o(.text) referenced from mbed/TARGET_NUCLEO_F446RE/TOOLCHAIN_ARM_STD/startup_stm32f446xx.o(RESET)
 <LI><a href="#[46]">TIM8_BRK_TIM12_IRQHandler</a> from mbed/TARGET_NUCLEO_F446RE/TOOLCHAIN_ARM_STD/startup_stm32f446xx.o(.text) referenced from mbed/TARGET_NUCLEO_F446RE/TOOLCHAIN_ARM_STD/startup_stm32f446xx.o(RESET)
 <LI><a href="#[49]">TIM8_CC_IRQHandler</a> from mbed/TARGET_NUCLEO_F446RE/TOOLCHAIN_ARM_STD/startup_stm32f446xx.o(.text) referenced from mbed/TARGET_NUCLEO_F446RE/TOOLCHAIN_ARM_STD/startup_stm32f446xx.o(RESET)
 <LI><a href="#[48]">TIM8_TRG_COM_TIM14_IRQHandler</a> from mbed/TARGET_NUCLEO_F446RE/TOOLCHAIN_ARM_STD/startup_stm32f446xx.o(.text) referenced from mbed/TARGET_NUCLEO_F446RE/TOOLCHAIN_ARM_STD/startup_stm32f446xx.o(RESET)
 <LI><a href="#[47]">TIM8_UP_TIM13_IRQHandler</a> from mbed/TARGET_NUCLEO_F446RE/TOOLCHAIN_ARM_STD/startup_stm32f446xx.o(.text) referenced from mbed/TARGET_NUCLEO_F446RE/TOOLCHAIN_ARM_STD/startup_stm32f446xx.o(RESET)
 <LI><a href="#[4f]">UART4_IRQHandler</a> from mbed/TARGET_NUCLEO_F446RE/TOOLCHAIN_ARM_STD/startup_stm32f446xx.o(.text) referenced from mbed/TARGET_NUCLEO_F446RE/TOOLCHAIN_ARM_STD/startup_stm32f446xx.o(RESET)
 <LI><a href="#[50]">UART5_IRQHandler</a> from mbed/TARGET_NUCLEO_F446RE/TOOLCHAIN_ARM_STD/startup_stm32f446xx.o(.text) referenced from mbed/TARGET_NUCLEO_F446RE/TOOLCHAIN_ARM_STD/startup_stm32f446xx.o(RESET)
 <LI><a href="#[78]">UART_DMAAbortOnError</a> from mbed/TARGET_NUCLEO_F446RE/TOOLCHAIN_ARM_STD/stm32f4xx_hal_uart.o(i.UART_DMAAbortOnError) referenced from mbed/TARGET_NUCLEO_F446RE/TOOLCHAIN_ARM_STD/stm32f4xx_hal_uart.o(i.HAL_UART_IRQHandler)
 <LI><a href="#[40]">USART1_IRQHandler</a> from mbed/TARGET_NUCLEO_F446RE/TOOLCHAIN_ARM_STD/startup_stm32f446xx.o(.text) referenced from mbed/TARGET_NUCLEO_F446RE/TOOLCHAIN_ARM_STD/startup_stm32f446xx.o(RESET)
 <LI><a href="#[41]">USART2_IRQHandler</a> from mbed/TARGET_NUCLEO_F446RE/TOOLCHAIN_ARM_STD/startup_stm32f446xx.o(.text) referenced from mbed/TARGET_NUCLEO_F446RE/TOOLCHAIN_ARM_STD/startup_stm32f446xx.o(RESET)
 <LI><a href="#[42]">USART3_IRQHandler</a> from mbed/TARGET_NUCLEO_F446RE/TOOLCHAIN_ARM_STD/startup_stm32f446xx.o(.text) referenced from mbed/TARGET_NUCLEO_F446RE/TOOLCHAIN_ARM_STD/startup_stm32f446xx.o(RESET)
 <LI><a href="#[60]">USART6_IRQHandler</a> from mbed/TARGET_NUCLEO_F446RE/TOOLCHAIN_ARM_STD/startup_stm32f446xx.o(.text) referenced from mbed/TARGET_NUCLEO_F446RE/TOOLCHAIN_ARM_STD/startup_stm32f446xx.o(RESET)
 <LI><a href="#[16]">UsageFault_Handler</a> from mbed/TARGET_NUCLEO_F446RE/TOOLCHAIN_ARM_STD/startup_stm32f446xx.o(.text) referenced from mbed/TARGET_NUCLEO_F446RE/TOOLCHAIN_ARM_STD/startup_stm32f446xx.o(RESET)
 <LI><a href="#[1b]">WWDG_IRQHandler</a> from mbed/TARGET_NUCLEO_F446RE/TOOLCHAIN_ARM_STD/startup_stm32f446xx.o(.text) referenced from mbed/TARGET_NUCLEO_F446RE/TOOLCHAIN_ARM_STD/startup_stm32f446xx.o(RESET)
 <LI><a href="#[8b]">update_pos()</a> from .\build\main.o(i._Z10update_posv) referenced from .\build\main.o(i.main)
 <LI><a href="#[9e]">DirectSerial::read(void*, unsigned)</a> from mbed/TARGET_NUCLEO_F446RE/TOOLCHAIN_ARM_STD/mbed_retarget.o(i._ZN12DirectSerial4readEPvj) referenced from mbed/TARGET_NUCLEO_F446RE/TOOLCHAIN_ARM_STD/mbed_retarget.o(.constdata__ZTV12DirectSerial)
 <LI><a href="#[a0]">DirectSerial::seek(long, int)</a> from mbed/TARGET_NUCLEO_F446RE/TOOLCHAIN_ARM_STD/mbed_retarget.o(i._ZN12DirectSerial4seekEli) referenced from mbed/TARGET_NUCLEO_F446RE/TOOLCHAIN_ARM_STD/mbed_retarget.o(.constdata__ZTV12DirectSerial)
 <LI><a href="#[a3]">DirectSerial::size()</a> from mbed/TARGET_NUCLEO_F446RE/TOOLCHAIN_ARM_STD/mbed_retarget.o(i._ZN12DirectSerial4sizeEv) referenced from mbed/TARGET_NUCLEO_F446RE/TOOLCHAIN_ARM_STD/mbed_retarget.o(.constdata__ZTV12DirectSerial)
 <LI><a href="#[a1]">DirectSerial::close()</a> from mbed/TARGET_NUCLEO_F446RE/TOOLCHAIN_ARM_STD/mbed_retarget.o(i._ZN12DirectSerial5closeEv) referenced from mbed/TARGET_NUCLEO_F446RE/TOOLCHAIN_ARM_STD/mbed_retarget.o(.constdata__ZTV12DirectSerial)
 <LI><a href="#[9f]">DirectSerial::write(const void*, unsigned)</a> from mbed/TARGET_NUCLEO_F446RE/TOOLCHAIN_ARM_STD/mbed_retarget.o(i._ZN12DirectSerial5writeEPKvj) referenced from mbed/TARGET_NUCLEO_F446RE/TOOLCHAIN_ARM_STD/mbed_retarget.o(.constdata__ZTV12DirectSerial)
 <LI><a href="#[a2]">DirectSerial::isatty()</a> from mbed/TARGET_NUCLEO_F446RE/TOOLCHAIN_ARM_STD/mbed_retarget.o(i._ZN12DirectSerial6isattyEv) referenced from mbed/TARGET_NUCLEO_F446RE/TOOLCHAIN_ARM_STD/mbed_retarget.o(.constdata__ZTV12DirectSerial)
 <LI><a href="#[79]">DirectSerial::~DirectSerial()</a> from mbed/TARGET_NUCLEO_F446RE/TOOLCHAIN_ARM_STD/mbed_retarget.o(i._ZN12DirectSerialD1Ev) referenced from mbed/TARGET_NUCLEO_F446RE/TOOLCHAIN_ARM_STD/mbed_retarget.o(.constdata__ZTV12DirectSerial)
 <LI><a href="#[79]">DirectSerial::~DirectSerial()</a> from mbed/TARGET_NUCLEO_F446RE/TOOLCHAIN_ARM_STD/mbed_retarget.o(i._ZN12DirectSerialD1Ev) referenced from mbed/TARGET_NUCLEO_F446RE/TOOLCHAIN_ARM_STD/mbed_retarget.o(i._Z7get_fhci)
 <LI><a href="#[a6]">mbed::FileHandle::size()</a> from mbed/TARGET_NUCLEO_F446RE/TOOLCHAIN_ARM_STD/mbed.ar(FileHandle.o)(i._ZN4mbed10FileHandle4sizeEv) referenced from mbed/TARGET_NUCLEO_F446RE/TOOLCHAIN_ARM_STD/mbed.ar(FileHandle.o)(.constdata__ZTVN4mbed10FileHandleE)
 <LI><a href="#[a5]">mbed::FileHandle::isatty()</a> from mbed/TARGET_NUCLEO_F446RE/TOOLCHAIN_ARM_STD/mbed.ar(FileHandle.o)(i._ZN4mbed10FileHandle6isattyEv) referenced from mbed/TARGET_NUCLEO_F446RE/TOOLCHAIN_ARM_STD/mbed.ar(FileHandle.o)(.constdata__ZTVN4mbed10FileHandleE)
 <LI><a href="#[7c]">mbed::SerialBase::_irq_handler(unsigned, SerialIrq)</a> from mbed/TARGET_NUCLEO_F446RE/TOOLCHAIN_ARM_STD/mbed.ar(SerialBase.o)(i._ZN4mbed10SerialBase12_irq_handlerEj9SerialIrq) referenced from mbed/TARGET_NUCLEO_F446RE/TOOLCHAIN_ARM_STD/mbed.ar(SerialBase.o)(i._ZN4mbed10SerialBaseC1E7PinNameS1_i)
 <LI><a href="#[96]">mbed::SerialBase::interrupt_handler_asynch()</a> from mbed/TARGET_NUCLEO_F446RE/TOOLCHAIN_ARM_STD/mbed.ar(SerialBase.o)(i._ZN4mbed10SerialBase24interrupt_handler_asynchEv) referenced from mbed/TARGET_NUCLEO_F446RE/TOOLCHAIN_ARM_STD/mbed.ar(SerialBase.o)(.constdata)
 <LI><a href="#[a7]">mbed::SerialBase::lock()</a> from mbed/TARGET_NUCLEO_F446RE/TOOLCHAIN_ARM_STD/mbed.ar(SerialBase.o)(i._ZN4mbed10SerialBase4lockEv) referenced from mbed/TARGET_NUCLEO_F446RE/TOOLCHAIN_ARM_STD/mbed.ar(SerialBase.o)(.constdata__ZTVN4mbed10SerialBaseE)
 <LI><a href="#[a8]">mbed::SerialBase::unlock()</a> from mbed/TARGET_NUCLEO_F446RE/TOOLCHAIN_ARM_STD/mbed.ar(SerialBase.o)(i._ZN4mbed10SerialBase6unlockEv) referenced from mbed/TARGET_NUCLEO_F446RE/TOOLCHAIN_ARM_STD/mbed.ar(SerialBase.o)(.constdata__ZTVN4mbed10SerialBaseE)
 <LI><a href="#[a9]">mbed::SerialBase::~SerialBase()</a> from mbed/TARGET_NUCLEO_F446RE/TOOLCHAIN_ARM_STD/mbed.ar(SerialBase.o)(i._ZN4mbed10SerialBaseD1Ev) referenced from mbed/TARGET_NUCLEO_F446RE/TOOLCHAIN_ARM_STD/mbed.ar(SerialBase.o)(.constdata__ZTVN4mbed10SerialBaseE)
 <LI><a href="#[7e]">mbed::TimerEvent::irq(unsigned)</a> from mbed/TARGET_NUCLEO_F446RE/TOOLCHAIN_ARM_STD/mbed.ar(TimerEvent.o)(i._ZN4mbed10TimerEvent3irqEj) referenced from mbed/TARGET_NUCLEO_F446RE/TOOLCHAIN_ARM_STD/mbed.ar(TimerEvent.o)(i._ZN4mbed10TimerEventC2Ev)
 <LI><a href="#[aa]">mbed::TimerEvent::~TimerEvent__sub_object()</a> from mbed/TARGET_NUCLEO_F446RE/TOOLCHAIN_ARM_STD/mbed.ar(TimerEvent.o)(i._ZN4mbed10TimerEventD2Ev) referenced from mbed/TARGET_NUCLEO_F446RE/TOOLCHAIN_ARM_STD/mbed.ar(TimerEvent.o)(.constdata__ZTVN4mbed10TimerEventE)
 <LI><a href="#[7f]">mbed::InterruptIn::_irq_handler(unsigned, gpio_irq_event)</a> from mbed/TARGET_NUCLEO_F446RE/TOOLCHAIN_ARM_STD/mbed.ar(InterruptIn.o)(i._ZN4mbed11InterruptIn12_irq_handlerEj14gpio_irq_event) referenced from mbed/TARGET_NUCLEO_F446RE/TOOLCHAIN_ARM_STD/mbed.ar(InterruptIn.o)(i._ZN4mbed11InterruptInC1E7PinName)
 <LI><a href="#[ab]">mbed::InterruptIn::~InterruptIn()</a> from mbed/TARGET_NUCLEO_F446RE/TOOLCHAIN_ARM_STD/mbed.ar(InterruptIn.o)(i._ZN4mbed11InterruptInD1Ev) referenced from mbed/TARGET_NUCLEO_F446RE/TOOLCHAIN_ARM_STD/mbed.ar(InterruptIn.o)(.constdata__ZTVN4mbed11InterruptInE)
 <LI><a href="#[83]">mbed::PwmOut::~PwmOut()</a> from .\build\main.o(i._ZN4mbed6PwmOutD1Ev) referenced from .\build\main.o(i.__sti___8_main_cpp_button)
 <LI><a href="#[ac]">mbed::Serial::lock()</a> from mbed/TARGET_NUCLEO_F446RE/TOOLCHAIN_ARM_STD/mbed.ar(Serial.o)(i._ZN4mbed6Serial4lockEv) referenced from mbed/TARGET_NUCLEO_F446RE/TOOLCHAIN_ARM_STD/mbed.ar(Serial.o)(.constdata__ZTVN4mbed6SerialE)
 <LI><a href="#[ad]">mbed::Serial::unlock()</a> from mbed/TARGET_NUCLEO_F446RE/TOOLCHAIN_ARM_STD/mbed.ar(Serial.o)(i._ZN4mbed6Serial6unlockEv) referenced from mbed/TARGET_NUCLEO_F446RE/TOOLCHAIN_ARM_STD/mbed.ar(Serial.o)(.constdata__ZTVN4mbed6SerialE)
 <LI><a href="#[81]">mbed::Serial::~Serial()</a> from mbed/TARGET_NUCLEO_F446RE/TOOLCHAIN_ARM_STD/mbed.ar(Serial.o)(i._ZN4mbed6SerialD1Ev) referenced from mbed/TARGET_NUCLEO_F446RE/TOOLCHAIN_ARM_STD/mbed.ar(Serial.o)(.constdata__ZTVN4mbed6SerialE)
 <LI><a href="#[81]">mbed::Serial::~Serial()</a> from mbed/TARGET_NUCLEO_F446RE/TOOLCHAIN_ARM_STD/mbed.ar(Serial.o)(i._ZN4mbed6SerialD1Ev) referenced from .\build\main.o(i.__sti___8_main_cpp_button)
 <LI><a href="#[b9]">mbed::Stream::lock()</a> from mbed/TARGET_NUCLEO_F446RE/TOOLCHAIN_ARM_STD/mbed.ar(Stream.o)(i._ZN4mbed6Stream4lockEv) referenced from mbed/TARGET_NUCLEO_F446RE/TOOLCHAIN_ARM_STD/mbed.ar(Stream.o)(.constdata__ZTVN4mbed6StreamE)
 <LI><a href="#[ae]">mbed::Stream::read(void*, unsigned)</a> from mbed/TARGET_NUCLEO_F446RE/TOOLCHAIN_ARM_STD/mbed.ar(Stream.o)(i._ZN4mbed6Stream4readEPvj) referenced from mbed/TARGET_NUCLEO_F446RE/TOOLCHAIN_ARM_STD/mbed.ar(Serial.o)(.constdata__ZTVN4mbed6SerialE)
 <LI><a href="#[ae]">mbed::Stream::read(void*, unsigned)</a> from mbed/TARGET_NUCLEO_F446RE/TOOLCHAIN_ARM_STD/mbed.ar(Stream.o)(i._ZN4mbed6Stream4readEPvj) referenced from mbed/TARGET_NUCLEO_F446RE/TOOLCHAIN_ARM_STD/mbed.ar(Stream.o)(.constdata__ZTVN4mbed6StreamE)
 <LI><a href="#[b0]">mbed::Stream::seek(long, int)</a> from mbed/TARGET_NUCLEO_F446RE/TOOLCHAIN_ARM_STD/mbed.ar(Stream.o)(i._ZN4mbed6Stream4seekEli) referenced from mbed/TARGET_NUCLEO_F446RE/TOOLCHAIN_ARM_STD/mbed.ar(Serial.o)(.constdata__ZTVN4mbed6SerialE)
 <LI><a href="#[b0]">mbed::Stream::seek(long, int)</a> from mbed/TARGET_NUCLEO_F446RE/TOOLCHAIN_ARM_STD/mbed.ar(Stream.o)(i._ZN4mbed6Stream4seekEli) referenced from mbed/TARGET_NUCLEO_F446RE/TOOLCHAIN_ARM_STD/mbed.ar(Stream.o)(.constdata__ZTVN4mbed6StreamE)
 <LI><a href="#[b3]">mbed::Stream::size()</a> from mbed/TARGET_NUCLEO_F446RE/TOOLCHAIN_ARM_STD/mbed.ar(Stream.o)(i._ZN4mbed6Stream4sizeEv) referenced from mbed/TARGET_NUCLEO_F446RE/TOOLCHAIN_ARM_STD/mbed.ar(Serial.o)(.constdata__ZTVN4mbed6SerialE)
 <LI><a href="#[b3]">mbed::Stream::size()</a> from mbed/TARGET_NUCLEO_F446RE/TOOLCHAIN_ARM_STD/mbed.ar(Stream.o)(i._ZN4mbed6Stream4sizeEv) referenced from mbed/TARGET_NUCLEO_F446RE/TOOLCHAIN_ARM_STD/mbed.ar(Stream.o)(.constdata__ZTVN4mbed6StreamE)
 <LI><a href="#[b1]">mbed::Stream::close()</a> from mbed/TARGET_NUCLEO_F446RE/TOOLCHAIN_ARM_STD/mbed.ar(Stream.o)(i._ZN4mbed6Stream5closeEv) referenced from mbed/TARGET_NUCLEO_F446RE/TOOLCHAIN_ARM_STD/mbed.ar(Serial.o)(.constdata__ZTVN4mbed6SerialE)
 <LI><a href="#[b1]">mbed::Stream::close()</a> from mbed/TARGET_NUCLEO_F446RE/TOOLCHAIN_ARM_STD/mbed.ar(Stream.o)(i._ZN4mbed6Stream5closeEv) referenced from mbed/TARGET_NUCLEO_F446RE/TOOLCHAIN_ARM_STD/mbed.ar(Stream.o)(.constdata__ZTVN4mbed6StreamE)
 <LI><a href="#[af]">mbed::Stream::write(const void*, unsigned)</a> from mbed/TARGET_NUCLEO_F446RE/TOOLCHAIN_ARM_STD/mbed.ar(Stream.o)(i._ZN4mbed6Stream5writeEPKvj) referenced from mbed/TARGET_NUCLEO_F446RE/TOOLCHAIN_ARM_STD/mbed.ar(Serial.o)(.constdata__ZTVN4mbed6SerialE)
 <LI><a href="#[af]">mbed::Stream::write(const void*, unsigned)</a> from mbed/TARGET_NUCLEO_F446RE/TOOLCHAIN_ARM_STD/mbed.ar(Stream.o)(i._ZN4mbed6Stream5writeEPKvj) referenced from mbed/TARGET_NUCLEO_F446RE/TOOLCHAIN_ARM_STD/mbed.ar(Stream.o)(.constdata__ZTVN4mbed6StreamE)
 <LI><a href="#[b2]">mbed::Stream::isatty()</a> from mbed/TARGET_NUCLEO_F446RE/TOOLCHAIN_ARM_STD/mbed.ar(Stream.o)(i._ZN4mbed6Stream6isattyEv) referenced from mbed/TARGET_NUCLEO_F446RE/TOOLCHAIN_ARM_STD/mbed.ar(Serial.o)(.constdata__ZTVN4mbed6SerialE)
 <LI><a href="#[b2]">mbed::Stream::isatty()</a> from mbed/TARGET_NUCLEO_F446RE/TOOLCHAIN_ARM_STD/mbed.ar(Stream.o)(i._ZN4mbed6Stream6isattyEv) referenced from mbed/TARGET_NUCLEO_F446RE/TOOLCHAIN_ARM_STD/mbed.ar(Stream.o)(.constdata__ZTVN4mbed6StreamE)
 <LI><a href="#[ba]">mbed::Stream::unlock()</a> from mbed/TARGET_NUCLEO_F446RE/TOOLCHAIN_ARM_STD/mbed.ar(Stream.o)(i._ZN4mbed6Stream6unlockEv) referenced from mbed/TARGET_NUCLEO_F446RE/TOOLCHAIN_ARM_STD/mbed.ar(Stream.o)(.constdata__ZTVN4mbed6StreamE)
 <LI><a href="#[b8]">mbed::Stream::~Stream__sub_object()</a> from mbed/TARGET_NUCLEO_F446RE/TOOLCHAIN_ARM_STD/mbed.ar(Stream.o)(i._ZN4mbed6StreamD2Ev) referenced from mbed/TARGET_NUCLEO_F446RE/TOOLCHAIN_ARM_STD/mbed.ar(Stream.o)(.constdata__ZTVN4mbed6StreamE)
 <LI><a href="#[bb]">mbed::Ticker::handler()</a> from mbed/TARGET_NUCLEO_F446RE/TOOLCHAIN_ARM_STD/mbed.ar(Ticker.o)(i._ZN4mbed6Ticker7handlerEv) referenced from mbed/TARGET_NUCLEO_F446RE/TOOLCHAIN_ARM_STD/mbed.ar(Ticker.o)(.constdata__ZTVN4mbed6TickerE)
 <LI><a href="#[82]">mbed::Ticker::~Ticker()</a> from mbed/TARGET_NUCLEO_F446RE/TOOLCHAIN_ARM_STD/mbed.ar(Ticker.o)(i._ZN4mbed6TickerD1Ev) referenced from mbed/TARGET_NUCLEO_F446RE/TOOLCHAIN_ARM_STD/mbed.ar(Ticker.o)(.constdata__ZTVN4mbed6TickerE)
 <LI><a href="#[82]">mbed::Ticker::~Ticker()</a> from mbed/TARGET_NUCLEO_F446RE/TOOLCHAIN_ARM_STD/mbed.ar(Ticker.o)(i._ZN4mbed6TickerD1Ev) referenced from .\build\main.o(i.__sti___8_main_cpp_button)
 <LI><a href="#[bd]">void mbed::Callback&lang;void()&rang;::function_call&lang;mbed::Callback&lang;void()&rang;::method_context&lang;Stepper, void(Stepper::*)()&rang;&rang;(const void*)</a> from .\build\stepper.o(t._ZN4mbed8CallbackIFvvEE13function_callINS2_14method_contextI7StepperMS5_FvvEEEEEvPKv) referenced from .\build\stepper.o(.constdata__ZZN4mbed8CallbackIFvvEE8generateINS2_14method_contextI7StepperMS5_FvvEEEEEvRKT_E3ops)
 <LI><a href="#[c0]">void mbed::Callback&lang;void()&rang;::function_call&lang;void(*)()&rang;(const void*)</a> from .\build\main.o(t._ZN4mbed8CallbackIFvvEE13function_callIPS1_EEvPKv) referenced from .\build\main.o(.constdata__ZZN4mbed8CallbackIFvvEE8generateIPS1_EEvRKT_E3ops)
 <LI><a href="#[bf]">void mbed::Callback&lang;void()&rang;::function_dtor&lang;mbed::Callback&lang;void()&rang;::method_context&lang;Stepper, void(Stepper::*)()&rang;&rang;(void*)</a> from .\build\stepper.o(t._ZN4mbed8CallbackIFvvEE13function_dtorINS2_14method_contextI7StepperMS5_FvvEEEEEvPv) referenced from .\build\stepper.o(.constdata__ZZN4mbed8CallbackIFvvEE8generateINS2_14method_contextI7StepperMS5_FvvEEEEEvRKT_E3ops)
 <LI><a href="#[c2]">void mbed::Callback&lang;void()&rang;::function_dtor&lang;void(*)()&rang;(void*)</a> from .\build\main.o(t._ZN4mbed8CallbackIFvvEE13function_dtorIPS1_EEvPv) referenced from .\build\main.o(.constdata__ZZN4mbed8CallbackIFvvEE8generateIPS1_EEvRKT_E3ops)
 <LI><a href="#[be]">void mbed::Callback&lang;void()&rang;::function_move&lang;mbed::Callback&lang;void()&rang;::method_context&lang;Stepper, void(Stepper::*)()&rang;&rang;(void*, const void*)</a> from .\build\stepper.o(t._ZN4mbed8CallbackIFvvEE13function_moveINS2_14method_contextI7StepperMS5_FvvEEEEEvPvPKv) referenced from .\build\stepper.o(.constdata__ZZN4mbed8CallbackIFvvEE8generateINS2_14method_contextI7StepperMS5_FvvEEEEEvRKT_E3ops)
 <LI><a href="#[c1]">void mbed::Callback&lang;void()&rang;::function_move&lang;void(*)()&rang;(void*, const void*)</a> from .\build\main.o(t._ZN4mbed8CallbackIFvvEE13function_moveIPS1_EEvPvPKv) referenced from .\build\main.o(.constdata__ZZN4mbed8CallbackIFvvEE8generateIPS1_EEvRKT_E3ops)
 <LI><a href="#[7d]">mbed::Callback&lang;void()&rang;::~Callback()</a> from mbed/TARGET_NUCLEO_F446RE/TOOLCHAIN_ARM_STD/mbed.ar(SerialBase.o)(t._ZN4mbed8CallbackIFvvEED1Ev) referenced from mbed/TARGET_NUCLEO_F446RE/TOOLCHAIN_ARM_STD/mbed.ar(SerialBase.o)(i._ZN4mbed10SerialBaseD1Ev)
 <LI><a href="#[bc]">mbed::FileBase::~FileBase()</a> from mbed/TARGET_NUCLEO_F446RE/TOOLCHAIN_ARM_STD/mbed.ar(FileBase.o)(i._ZN4mbed8FileBaseD1Ev) referenced from mbed/TARGET_NUCLEO_F446RE/TOOLCHAIN_ARM_STD/mbed.ar(FileBase.o)(.constdata__ZTVN4mbed8FileBaseE)
 <LI><a href="#[7a]">CThunk&lang;mbed::SerialBase&rang;::trampoline(mbed::SerialBase*, void*, void(mbed::SerialBase::**)(void*))</a> from mbed/TARGET_NUCLEO_F446RE/TOOLCHAIN_ARM_STD/mbed.ar(SerialBase.o)(t._ZN6CThunkIN4mbed10SerialBaseEE10trampolineEPS1_PvPMS1_FvS4_E) referenced from mbed/TARGET_NUCLEO_F446RE/TOOLCHAIN_ARM_STD/mbed.ar(SerialBase.o)(i._ZN4mbed10SerialBaseC1E7PinNameS1_i)
 <LI><a href="#[92]">Stepper::switch_triggered()</a> from .\build\stepper.o(i._ZN7Stepper16switch_triggeredEv) referenced from .\build\stepper.o(.constdata)
 <LI><a href="#[94]">Stepper::step()</a> from .\build\stepper.o(i._ZN7Stepper4stepEv) referenced from .\build\stepper.o(.constdata)
 <LI><a href="#[95]">Stepper::inc_s()</a> from .\build\stepper.o(i._ZN7Stepper5inc_sEv) referenced from .\build\stepper.o(.constdata)
 <LI><a href="#[93]">Stepper::retract()</a> from .\build\stepper.o(i._ZN7Stepper7retractEv) referenced from .\build\stepper.o(.constdata)
 <LI><a href="#[80]">Stepper::~Stepper()</a> from .\build\main.o(i._ZN7StepperD1Ev) referenced from .\build\main.o(i.__sti___8_main_cpp_button)
 <LI><a href="#[b6]">thunk{-188} to mbed::Serial::lock()</a> from mbed/TARGET_NUCLEO_F446RE/TOOLCHAIN_ARM_STD/mbed.ar(Serial.o)(i._ZThn188_N4mbed6Serial4lockEv) referenced from mbed/TARGET_NUCLEO_F446RE/TOOLCHAIN_ARM_STD/mbed.ar(Serial.o)(.constdata__ZTVN4mbed6SerialE)
 <LI><a href="#[b5]">thunk{-188} to mbed::Serial::_getc()</a> from mbed/TARGET_NUCLEO_F446RE/TOOLCHAIN_ARM_STD/mbed.ar(Serial.o)(i._ZThn188_N4mbed6Serial5_getcEv) referenced from mbed/TARGET_NUCLEO_F446RE/TOOLCHAIN_ARM_STD/mbed.ar(Serial.o)(.constdata__ZTVN4mbed6SerialE)
 <LI><a href="#[b4]">thunk{-188} to mbed::Serial::_putc(int)</a> from mbed/TARGET_NUCLEO_F446RE/TOOLCHAIN_ARM_STD/mbed.ar(Serial.o)(i._ZThn188_N4mbed6Serial5_putcEi) referenced from mbed/TARGET_NUCLEO_F446RE/TOOLCHAIN_ARM_STD/mbed.ar(Serial.o)(.constdata__ZTVN4mbed6SerialE)
 <LI><a href="#[b7]">thunk{-188} to mbed::Serial::unlock()</a> from mbed/TARGET_NUCLEO_F446RE/TOOLCHAIN_ARM_STD/mbed.ar(Serial.o)(i._ZThn188_N4mbed6Serial6unlockEv) referenced from mbed/TARGET_NUCLEO_F446RE/TOOLCHAIN_ARM_STD/mbed.ar(Serial.o)(.constdata__ZTVN4mbed6SerialE)
 <LI><a href="#[a4]">__cxa_pure_virtual</a> from D:\Program Files\Keil_v5\ARM\ARMCC\Bin\..\lib\cpplib\cpprt_w.l(pure_virt.o)(i.__cxa_pure_virtual) referenced 4 times from mbed/TARGET_NUCLEO_F446RE/TOOLCHAIN_ARM_STD/mbed.ar(FileHandle.o)(.constdata__ZTVN4mbed10FileHandleE)
 <LI><a href="#[a4]">__cxa_pure_virtual</a> from D:\Program Files\Keil_v5\ARM\ARMCC\Bin\..\lib\cpplib\cpprt_w.l(pure_virt.o)(i.__cxa_pure_virtual) referenced from mbed/TARGET_NUCLEO_F446RE/TOOLCHAIN_ARM_STD/mbed.ar(TimerEvent.o)(.constdata__ZTVN4mbed10TimerEventE)
 <LI><a href="#[a4]">__cxa_pure_virtual</a> from D:\Program Files\Keil_v5\ARM\ARMCC\Bin\..\lib\cpplib\cpprt_w.l(pure_virt.o)(i.__cxa_pure_virtual) referenced 2 times from mbed/TARGET_NUCLEO_F446RE/TOOLCHAIN_ARM_STD/mbed.ar(Stream.o)(.constdata__ZTVN4mbed6StreamE)
 <LI><a href="#[c6]">__main</a> from D:\Program Files\Keil_v5\ARM\ARMCC\Bin\..\lib\armlib\c_w.l(__main.o)(!!!main) referenced from mbed/TARGET_NUCLEO_F446RE/TOOLCHAIN_ARM_STD/startup_stm32f446xx.o(.text)
 <LI><a href="#[c4]">__sti___11_stepper_cpp_LED_</a> from .\build\stepper.o(i.__sti___11_stepper_cpp_LED_) referenced from .\build\stepper.o(.init_array)
 <LI><a href="#[c3]">__sti___8_main_cpp_button</a> from .\build\main.o(i.__sti___8_main_cpp_button) referenced from .\build\main.o(.init_array)
 <LI><a href="#[76]">_get_lc_ctype</a> from D:\Program Files\Keil_v5\ARM\ARMCC\Bin\..\lib\armlib\c_w.l(lc_ctype_c.o)(locale$$code) referenced from D:\Program Files\Keil_v5\ARM\ARMCC\Bin\..\lib\armlib\c_w.l(rt_ctype_table.o)(.text)
 <LI><a href="#[74]">_printf_input_char</a> from D:\Program Files\Keil_v5\ARM\ARMCC\Bin\..\lib\armlib\c_w.l(_printf_char_common.o)(.text) referenced from D:\Program Files\Keil_v5\ARM\ARMCC\Bin\..\lib\armlib\c_w.l(_printf_char_common.o)(.text)
 <LI><a href="#[73]">_snputc</a> from D:\Program Files\Keil_v5\ARM\ARMCC\Bin\..\lib\armlib\c_w.l(_snputc.o)(.text) referenced from D:\Program Files\Keil_v5\ARM\ARMCC\Bin\..\lib\armlib\c_w.l(vsnprintf.o)(.text)
 <LI><a href="#[75]">fputc</a> from D:\Program Files\Keil_v5\ARM\ARMCC\Bin\..\lib\armlib\c_w.l(fputc.o)(i.fputc) referenced from D:\Program Files\Keil_v5\ARM\ARMCC\Bin\..\lib\armlib\c_w.l(_printf_char_file.o)(.text)
 <LI><a href="#[84]">gpio_irq0</a> from mbed/TARGET_NUCLEO_F446RE/TOOLCHAIN_ARM_STD/gpio_irq_api.o(i.gpio_irq0) referenced from mbed/TARGET_NUCLEO_F446RE/TOOLCHAIN_ARM_STD/gpio_irq_api.o(i.gpio_irq_init)
 <LI><a href="#[85]">gpio_irq1</a> from mbed/TARGET_NUCLEO_F446RE/TOOLCHAIN_ARM_STD/gpio_irq_api.o(i.gpio_irq1) referenced from mbed/TARGET_NUCLEO_F446RE/TOOLCHAIN_ARM_STD/gpio_irq_api.o(i.gpio_irq_init)
 <LI><a href="#[86]">gpio_irq2</a> from mbed/TARGET_NUCLEO_F446RE/TOOLCHAIN_ARM_STD/gpio_irq_api.o(i.gpio_irq2) referenced from mbed/TARGET_NUCLEO_F446RE/TOOLCHAIN_ARM_STD/gpio_irq_api.o(i.gpio_irq_init)
 <LI><a href="#[87]">gpio_irq3</a> from mbed/TARGET_NUCLEO_F446RE/TOOLCHAIN_ARM_STD/gpio_irq_api.o(i.gpio_irq3) referenced from mbed/TARGET_NUCLEO_F446RE/TOOLCHAIN_ARM_STD/gpio_irq_api.o(i.gpio_irq_init)
 <LI><a href="#[88]">gpio_irq4</a> from mbed/TARGET_NUCLEO_F446RE/TOOLCHAIN_ARM_STD/gpio_irq_api.o(i.gpio_irq4) referenced from mbed/TARGET_NUCLEO_F446RE/TOOLCHAIN_ARM_STD/gpio_irq_api.o(i.gpio_irq_init)
 <LI><a href="#[89]">gpio_irq5</a> from mbed/TARGET_NUCLEO_F446RE/TOOLCHAIN_ARM_STD/gpio_irq_api.o(i.gpio_irq5) referenced from mbed/TARGET_NUCLEO_F446RE/TOOLCHAIN_ARM_STD/gpio_irq_api.o(i.gpio_irq_init)
 <LI><a href="#[8a]">gpio_irq6</a> from mbed/TARGET_NUCLEO_F446RE/TOOLCHAIN_ARM_STD/gpio_irq_api.o(i.gpio_irq6) referenced from mbed/TARGET_NUCLEO_F446RE/TOOLCHAIN_ARM_STD/gpio_irq_api.o(i.gpio_irq_init)
 <LI><a href="#[c5]">ticker_irq_handler</a> from mbed/TARGET_NUCLEO_F446RE/TOOLCHAIN_ARM_STD/mbed.ar(mbed_ticker_api.o)(i.ticker_irq_handler) referenced from mbed/TARGET_NUCLEO_F446RE/TOOLCHAIN_ARM_STD/mbed.ar(mbed_us_ticker_api.o)(.data)
 <LI><a href="#[77]">timer_irq_handler</a> from mbed/TARGET_NUCLEO_F446RE/TOOLCHAIN_ARM_STD/hal_tick_32b.o(i.timer_irq_handler) referenced from mbed/TARGET_NUCLEO_F446RE/TOOLCHAIN_ARM_STD/hal_tick_32b.o(i.HAL_InitTick)
 <LI><a href="#[90]">uart1_irq</a> from mbed/TARGET_NUCLEO_F446RE/TOOLCHAIN_ARM_STD/serial_device.o(i.uart1_irq) referenced from mbed/TARGET_NUCLEO_F446RE/TOOLCHAIN_ARM_STD/serial_device.o(i.serial_irq_set)
 <LI><a href="#[8d]">uart2_irq</a> from mbed/TARGET_NUCLEO_F446RE/TOOLCHAIN_ARM_STD/serial_device.o(i.uart2_irq) referenced from mbed/TARGET_NUCLEO_F446RE/TOOLCHAIN_ARM_STD/serial_device.o(i.serial_irq_set)
 <LI><a href="#[8e]">uart3_irq</a> from mbed/TARGET_NUCLEO_F446RE/TOOLCHAIN_ARM_STD/serial_device.o(i.uart3_irq) referenced from mbed/TARGET_NUCLEO_F446RE/TOOLCHAIN_ARM_STD/serial_device.o(i.serial_irq_set)
 <LI><a href="#[8f]">uart4_irq</a> from mbed/TARGET_NUCLEO_F446RE/TOOLCHAIN_ARM_STD/serial_device.o(i.uart4_irq) referenced from mbed/TARGET_NUCLEO_F446RE/TOOLCHAIN_ARM_STD/serial_device.o(i.serial_irq_set)
 <LI><a href="#[8c]">uart5_irq</a> from mbed/TARGET_NUCLEO_F446RE/TOOLCHAIN_ARM_STD/serial_device.o(i.uart5_irq) referenced from mbed/TARGET_NUCLEO_F446RE/TOOLCHAIN_ARM_STD/serial_device.o(i.serial_irq_set)
 <LI><a href="#[91]">uart6_irq</a> from mbed/TARGET_NUCLEO_F446RE/TOOLCHAIN_ARM_STD/serial_device.o(i.uart6_irq) referenced from mbed/TARGET_NUCLEO_F446RE/TOOLCHAIN_ARM_STD/serial_device.o(i.serial_irq_set)
 <LI><a href="#[9a]">us_ticker_clear_interrupt</a> from mbed/TARGET_NUCLEO_F446RE/TOOLCHAIN_ARM_STD/us_ticker_32b.o(i.us_ticker_clear_interrupt) referenced from mbed/TARGET_NUCLEO_F446RE/TOOLCHAIN_ARM_STD/mbed.ar(mbed_us_ticker_api.o)(.constdata)
 <LI><a href="#[99]">us_ticker_disable_interrupt</a> from mbed/TARGET_NUCLEO_F446RE/TOOLCHAIN_ARM_STD/us_ticker_32b.o(i.us_ticker_disable_interrupt) referenced from mbed/TARGET_NUCLEO_F446RE/TOOLCHAIN_ARM_STD/mbed.ar(mbed_us_ticker_api.o)(.constdata)
 <LI><a href="#[9c]">us_ticker_fire_interrupt</a> from mbed/TARGET_NUCLEO_F446RE/TOOLCHAIN_ARM_STD/us_ticker_32b.o(i.us_ticker_fire_interrupt) referenced from mbed/TARGET_NUCLEO_F446RE/TOOLCHAIN_ARM_STD/mbed.ar(mbed_us_ticker_api.o)(.constdata)
 <LI><a href="#[9d]">us_ticker_get_info</a> from mbed/TARGET_NUCLEO_F446RE/TOOLCHAIN_ARM_STD/mbed_retarget.o(i.us_ticker_get_info) referenced from mbed/TARGET_NUCLEO_F446RE/TOOLCHAIN_ARM_STD/mbed.ar(mbed_us_ticker_api.o)(.constdata)
 <LI><a href="#[97]">us_ticker_init</a> from mbed/TARGET_NUCLEO_F446RE/TOOLCHAIN_ARM_STD/us_ticker_32b.o(i.us_ticker_init) referenced from mbed/TARGET_NUCLEO_F446RE/TOOLCHAIN_ARM_STD/mbed.ar(mbed_us_ticker_api.o)(.constdata)
 <LI><a href="#[98]">us_ticker_read</a> from mbed/TARGET_NUCLEO_F446RE/TOOLCHAIN_ARM_STD/us_ticker_32b.o(i.us_ticker_read) referenced from mbed/TARGET_NUCLEO_F446RE/TOOLCHAIN_ARM_STD/mbed.ar(mbed_us_ticker_api.o)(.constdata)
 <LI><a href="#[9b]">us_ticker_set_interrupt</a> from mbed/TARGET_NUCLEO_F446RE/TOOLCHAIN_ARM_STD/us_ticker_32b.o(i.us_ticker_set_interrupt) referenced from mbed/TARGET_NUCLEO_F446RE/TOOLCHAIN_ARM_STD/mbed.ar(mbed_us_ticker_api.o)(.constdata)
</UL>
<P>
<H3>
Global Symbols
</H3>
<P><STRONG><a name="[c6]"></a>__main</STRONG> (Thumb, 8 bytes, Stack size 0 bytes, D:\Program Files\Keil_v5\ARM\ARMCC\Bin\..\lib\armlib\c_w.l(__main.o)(!!!main))
<BR><BR>[Calls]<UL><LI><a href="#[c9]">&gt;&gt;</a>&nbsp;&nbsp;&nbsp;__rt_entry
<LI><a href="#[c8]">&gt;&gt;</a>&nbsp;&nbsp;&nbsp;__scatterload
</UL>

<P><STRONG><a name="[c8]"></a>__scatterload</STRONG> (Thumb, 0 bytes, Stack size 0 bytes, D:\Program Files\Keil_v5\ARM\ARMCC\Bin\..\lib\armlib\c_w.l(__scatter.o)(!!!scatter))
<BR><BR>[Called By]<UL><LI><a href="#[c6]">&gt;&gt;</a>&nbsp;&nbsp;&nbsp;__main
</UL>

<P><STRONG><a name="[ca]"></a>__scatterload_rt2</STRONG> (Thumb, 44 bytes, Stack size 0 bytes, D:\Program Files\Keil_v5\ARM\ARMCC\Bin\..\lib\armlib\c_w.l(__scatter.o)(!!!scatter), UNUSED)
<BR><BR>[Calls]<UL><LI><a href="#[c9]">&gt;&gt;</a>&nbsp;&nbsp;&nbsp;__rt_entry
</UL>

<P><STRONG><a name="[cb]"></a>__scatterload_copy</STRONG> (Thumb, 26 bytes, Stack size 0 bytes, D:\Program Files\Keil_v5\ARM\ARMCC\Bin\..\lib\armlib\c_w.l(__scatter_copy.o)(!!handler_copy), UNUSED)
<BR><BR>[Calls]<UL><LI><a href="#[cb]">&gt;&gt;</a>&nbsp;&nbsp;&nbsp;__scatterload_copy
</UL>
<BR>[Called By]<UL><LI><a href="#[cb]">&gt;&gt;</a>&nbsp;&nbsp;&nbsp;__scatterload_copy
</UL>

<P><STRONG><a name="[cc]"></a>_printf_n</STRONG> (Thumb, 0 bytes, Stack size 0 bytes, D:\Program Files\Keil_v5\ARM\ARMCC\Bin\..\lib\armlib\c_w.l(_printf_n.o)(.ARM.Collect$$_printf_percent$$00000001))
<BR><BR>[Calls]<UL><LI><a href="#[cd]">&gt;&gt;</a>&nbsp;&nbsp;&nbsp;_printf_charcount
</UL>

<P><STRONG><a name="[12d]"></a>_printf_percent</STRONG> (Thumb, 0 bytes, Stack size 0 bytes, D:\Program Files\Keil_v5\ARM\ARMCC\Bin\..\lib\armlib\c_w.l(_printf_percent.o)(.ARM.Collect$$_printf_percent$$00000000))
<BR><BR>[Called By]<UL><LI><a href="#[125]">&gt;&gt;</a>&nbsp;&nbsp;&nbsp;__printf
</UL>

<P><STRONG><a name="[ce]"></a>_printf_p</STRONG> (Thumb, 0 bytes, Stack size 0 bytes, D:\Program Files\Keil_v5\ARM\ARMCC\Bin\..\lib\armlib\c_w.l(_printf_p.o)(.ARM.Collect$$_printf_percent$$00000002))
<BR><BR>[Calls]<UL><LI><a href="#[cf]">&gt;&gt;</a>&nbsp;&nbsp;&nbsp;_printf_hex_ptr
</UL>

<P><STRONG><a name="[d0]"></a>_printf_f</STRONG> (Thumb, 0 bytes, Stack size 0 bytes, D:\Program Files\Keil_v5\ARM\ARMCC\Bin\..\lib\armlib\c_w.l(_printf_f.o)(.ARM.Collect$$_printf_percent$$00000003))
<BR><BR>[Calls]<UL><LI><a href="#[d1]">&gt;&gt;</a>&nbsp;&nbsp;&nbsp;_printf_fp_dec
</UL>

<P><STRONG><a name="[d2]"></a>_printf_e</STRONG> (Thumb, 0 bytes, Stack size 0 bytes, D:\Program Files\Keil_v5\ARM\ARMCC\Bin\..\lib\armlib\c_w.l(_printf_e.o)(.ARM.Collect$$_printf_percent$$00000004))
<BR><BR>[Calls]<UL><LI><a href="#[d1]">&gt;&gt;</a>&nbsp;&nbsp;&nbsp;_printf_fp_dec
</UL>

<P><STRONG><a name="[d3]"></a>_printf_g</STRONG> (Thumb, 0 bytes, Stack size 0 bytes, D:\Program Files\Keil_v5\ARM\ARMCC\Bin\..\lib\armlib\c_w.l(_printf_g.o)(.ARM.Collect$$_printf_percent$$00000005))
<BR><BR>[Calls]<UL><LI><a href="#[d1]">&gt;&gt;</a>&nbsp;&nbsp;&nbsp;_printf_fp_dec
</UL>

<P><STRONG><a name="[d4]"></a>_printf_a</STRONG> (Thumb, 0 bytes, Stack size 0 bytes, D:\Program Files\Keil_v5\ARM\ARMCC\Bin\..\lib\armlib\c_w.l(_printf_a.o)(.ARM.Collect$$_printf_percent$$00000006))
<BR><BR>[Calls]<UL><LI><a href="#[d5]">&gt;&gt;</a>&nbsp;&nbsp;&nbsp;_printf_fp_hex
</UL>

<P><STRONG><a name="[d6]"></a>_printf_i</STRONG> (Thumb, 0 bytes, Stack size 0 bytes, D:\Program Files\Keil_v5\ARM\ARMCC\Bin\..\lib\armlib\c_w.l(_printf_i.o)(.ARM.Collect$$_printf_percent$$00000008))
<BR><BR>[Calls]<UL><LI><a href="#[d7]">&gt;&gt;</a>&nbsp;&nbsp;&nbsp;_printf_int_dec
</UL>

<P><STRONG><a name="[d8]"></a>_printf_d</STRONG> (Thumb, 0 bytes, Stack size 0 bytes, D:\Program Files\Keil_v5\ARM\ARMCC\Bin\..\lib\armlib\c_w.l(_printf_d.o)(.ARM.Collect$$_printf_percent$$00000009))
<BR><BR>[Calls]<UL><LI><a href="#[d7]">&gt;&gt;</a>&nbsp;&nbsp;&nbsp;_printf_int_dec
</UL>

<P><STRONG><a name="[d9]"></a>_printf_u</STRONG> (Thumb, 0 bytes, Stack size 0 bytes, D:\Program Files\Keil_v5\ARM\ARMCC\Bin\..\lib\armlib\c_w.l(_printf_u.o)(.ARM.Collect$$_printf_percent$$0000000A))
<BR><BR>[Calls]<UL><LI><a href="#[d7]">&gt;&gt;</a>&nbsp;&nbsp;&nbsp;_printf_int_dec
</UL>

<P><STRONG><a name="[da]"></a>_printf_o</STRONG> (Thumb, 0 bytes, Stack size 0 bytes, D:\Program Files\Keil_v5\ARM\ARMCC\Bin\..\lib\armlib\c_w.l(_printf_o.o)(.ARM.Collect$$_printf_percent$$0000000B))
<BR><BR>[Calls]<UL><LI><a href="#[db]">&gt;&gt;</a>&nbsp;&nbsp;&nbsp;_printf_int_oct
</UL>

<P><STRONG><a name="[dc]"></a>_printf_x</STRONG> (Thumb, 0 bytes, Stack size 0 bytes, D:\Program Files\Keil_v5\ARM\ARMCC\Bin\..\lib\armlib\c_w.l(_printf_x.o)(.ARM.Collect$$_printf_percent$$0000000C))
<BR><BR>[Calls]<UL><LI><a href="#[dd]">&gt;&gt;</a>&nbsp;&nbsp;&nbsp;_printf_int_hex
</UL>

<P><STRONG><a name="[de]"></a>_printf_lli</STRONG> (Thumb, 0 bytes, Stack size 0 bytes, D:\Program Files\Keil_v5\ARM\ARMCC\Bin\..\lib\armlib\c_w.l(_printf_lli.o)(.ARM.Collect$$_printf_percent$$0000000D))
<BR><BR>[Calls]<UL><LI><a href="#[df]">&gt;&gt;</a>&nbsp;&nbsp;&nbsp;_printf_longlong_dec
</UL>

<P><STRONG><a name="[e0]"></a>_printf_lld</STRONG> (Thumb, 0 bytes, Stack size 0 bytes, D:\Program Files\Keil_v5\ARM\ARMCC\Bin\..\lib\armlib\c_w.l(_printf_lld.o)(.ARM.Collect$$_printf_percent$$0000000E))
<BR><BR>[Calls]<UL><LI><a href="#[df]">&gt;&gt;</a>&nbsp;&nbsp;&nbsp;_printf_longlong_dec
</UL>

<P><STRONG><a name="[e1]"></a>_printf_llu</STRONG> (Thumb, 0 bytes, Stack size 0 bytes, D:\Program Files\Keil_v5\ARM\ARMCC\Bin\..\lib\armlib\c_w.l(_printf_llu.o)(.ARM.Collect$$_printf_percent$$0000000F))
<BR><BR>[Calls]<UL><LI><a href="#[df]">&gt;&gt;</a>&nbsp;&nbsp;&nbsp;_printf_longlong_dec
</UL>

<P><STRONG><a name="[e2]"></a>_printf_llo</STRONG> (Thumb, 0 bytes, Stack size 0 bytes, D:\Program Files\Keil_v5\ARM\ARMCC\Bin\..\lib\armlib\c_w.l(_printf_llo.o)(.ARM.Collect$$_printf_percent$$00000010))
<BR><BR>[Calls]<UL><LI><a href="#[e3]">&gt;&gt;</a>&nbsp;&nbsp;&nbsp;_printf_ll_oct
</UL>

<P><STRONG><a name="[e4]"></a>_printf_llx</STRONG> (Thumb, 0 bytes, Stack size 0 bytes, D:\Program Files\Keil_v5\ARM\ARMCC\Bin\..\lib\armlib\c_w.l(_printf_llx.o)(.ARM.Collect$$_printf_percent$$00000011))
<BR><BR>[Calls]<UL><LI><a href="#[e5]">&gt;&gt;</a>&nbsp;&nbsp;&nbsp;_printf_ll_hex
</UL>

<P><STRONG><a name="[e6]"></a>_printf_c</STRONG> (Thumb, 0 bytes, Stack size 0 bytes, D:\Program Files\Keil_v5\ARM\ARMCC\Bin\..\lib\armlib\c_w.l(_printf_c.o)(.ARM.Collect$$_printf_percent$$00000013))
<BR><BR>[Calls]<UL><LI><a href="#[e7]">&gt;&gt;</a>&nbsp;&nbsp;&nbsp;_printf_char
</UL>

<P><STRONG><a name="[e8]"></a>_printf_s</STRONG> (Thumb, 0 bytes, Stack size 0 bytes, D:\Program Files\Keil_v5\ARM\ARMCC\Bin\..\lib\armlib\c_w.l(_printf_s.o)(.ARM.Collect$$_printf_percent$$00000014))
<BR><BR>[Calls]<UL><LI><a href="#[e9]">&gt;&gt;</a>&nbsp;&nbsp;&nbsp;_printf_string
</UL>

<P><STRONG><a name="[ea]"></a>_printf_lc</STRONG> (Thumb, 0 bytes, Stack size 0 bytes, D:\Program Files\Keil_v5\ARM\ARMCC\Bin\..\lib\armlib\c_w.l(_printf_lc.o)(.ARM.Collect$$_printf_percent$$00000015))
<BR><BR>[Calls]<UL><LI><a href="#[eb]">&gt;&gt;</a>&nbsp;&nbsp;&nbsp;_printf_wchar
</UL>

<P><STRONG><a name="[ec]"></a>_printf_ls</STRONG> (Thumb, 0 bytes, Stack size 0 bytes, D:\Program Files\Keil_v5\ARM\ARMCC\Bin\..\lib\armlib\c_w.l(_printf_ls.o)(.ARM.Collect$$_printf_percent$$00000016))
<BR><BR>[Calls]<UL><LI><a href="#[ed]">&gt;&gt;</a>&nbsp;&nbsp;&nbsp;_printf_wstring
</UL>

<P><STRONG><a name="[ff]"></a>__rt_lib_init</STRONG> (Thumb, 0 bytes, Stack size 0 bytes, D:\Program Files\Keil_v5\ARM\ARMCC\Bin\..\lib\armlib\c_w.l(libinit.o)(.ARM.Collect$$libinit$$00000000))
<BR><BR>[Called By]<UL><LI><a href="#[fe]">&gt;&gt;</a>&nbsp;&nbsp;&nbsp;__rt_entry_li
</UL>

<P><STRONG><a name="[ee]"></a>__rt_lib_init_fp_1</STRONG> (Thumb, 0 bytes, Stack size 0 bytes, D:\Program Files\Keil_v5\ARM\ARMCC\Bin\..\lib\armlib\c_w.l(libinit2.o)(.ARM.Collect$$libinit$$00000001))
<BR><BR>[Calls]<UL><LI><a href="#[ef]">&gt;&gt;</a>&nbsp;&nbsp;&nbsp;_fp_init
</UL>

<P><STRONG><a name="[f0]"></a>__rt_lib_init_heap_2</STRONG> (Thumb, 0 bytes, Stack size 0 bytes, D:\Program Files\Keil_v5\ARM\ARMCC\Bin\..\lib\armlib\c_w.l(libinit2.o)(.ARM.Collect$$libinit$$00000005))
<BR><BR>[Calls]<UL><LI><a href="#[f1]">&gt;&gt;</a>&nbsp;&nbsp;&nbsp;_init_alloc
</UL>

<P><STRONG><a name="[f2]"></a>__rt_lib_init_lc_common</STRONG> (Thumb, 0 bytes, Stack size 0 bytes, D:\Program Files\Keil_v5\ARM\ARMCC\Bin\..\lib\armlib\c_w.l(libinit2.o)(.ARM.Collect$$libinit$$0000000F))
<BR><BR>[Calls]<UL><LI><a href="#[f3]">&gt;&gt;</a>&nbsp;&nbsp;&nbsp;__rt_locale
</UL>

<P><STRONG><a name="[f4]"></a>__rt_lib_init_lc_ctype_2</STRONG> (Thumb, 0 bytes, Stack size 0 bytes, D:\Program Files\Keil_v5\ARM\ARMCC\Bin\..\lib\armlib\c_w.l(libinit2.o)(.ARM.Collect$$libinit$$00000012))
<BR><BR>[Calls]<UL><LI><a href="#[76]">&gt;&gt;</a>&nbsp;&nbsp;&nbsp;_get_lc_ctype
</UL>

<P><STRONG><a name="[f5]"></a>__rt_lib_init_lc_numeric_2</STRONG> (Thumb, 0 bytes, Stack size 0 bytes, D:\Program Files\Keil_v5\ARM\ARMCC\Bin\..\lib\armlib\c_w.l(libinit2.o)(.ARM.Collect$$libinit$$00000016))
<BR><BR>[Calls]<UL><LI><a href="#[f6]">&gt;&gt;</a>&nbsp;&nbsp;&nbsp;_get_lc_numeric
</UL>

<P><STRONG><a name="[f7]"></a>__rt_lib_init_stdio_2</STRONG> (Thumb, 0 bytes, Stack size 0 bytes, D:\Program Files\Keil_v5\ARM\ARMCC\Bin\..\lib\armlib\c_w.l(libinit2.o)(.ARM.Collect$$libinit$$00000024))
<BR><BR>[Calls]<UL><LI><a href="#[f8]">&gt;&gt;</a>&nbsp;&nbsp;&nbsp;_initio
</UL>

<P><STRONG><a name="[f9]"></a>__rt_lib_init_cpp_2</STRONG> (Thumb, 0 bytes, Stack size 0 bytes, D:\Program Files\Keil_v5\ARM\ARMCC\Bin\..\lib\armlib\c_w.l(libinit2.o)(.ARM.Collect$$libinit$$00000031))
<BR><BR>[Calls]<UL><LI><a href="#[c7]">&gt;&gt;</a>&nbsp;&nbsp;&nbsp;__cpp_initialize__aeabi_
</UL>

<P><STRONG><a name="[c9]"></a>__rt_entry</STRONG> (Thumb, 0 bytes, Stack size 0 bytes, D:\Program Files\Keil_v5\ARM\ARMCC\Bin\..\lib\armlib\c_w.l(__rtentry.o)(.ARM.Collect$$rtentry$$00000000))
<BR><BR>[Called By]<UL><LI><a href="#[c6]">&gt;&gt;</a>&nbsp;&nbsp;&nbsp;__main
<LI><a href="#[ca]">&gt;&gt;</a>&nbsp;&nbsp;&nbsp;__scatterload_rt2
</UL>

<P><STRONG><a name="[fa]"></a>__rt_entry_sh</STRONG> (Thumb, 0 bytes, Stack size 0 bytes, D:\Program Files\Keil_v5\ARM\ARMCC\Bin\..\lib\armlib\c_w.l(__rtentry4.o)(.ARM.Collect$$rtentry$$00000004))
<BR><BR>[Calls]<UL><LI><a href="#[fb]">&gt;&gt;</a>&nbsp;&nbsp;&nbsp;__user_setup_stackheap
</UL>

<P><STRONG><a name="[fc]"></a>__rt_entry_postsh_1</STRONG> (Thumb, 0 bytes, Stack size 0 bytes, D:\Program Files\Keil_v5\ARM\ARMCC\Bin\..\lib\armlib\c_w.l(__rtentry2.o)(.ARM.Collect$$rtentry$$00000008))
<BR><BR>[Calls]<UL><LI><a href="#[fd]">&gt;&gt;</a>&nbsp;&nbsp;&nbsp;_platform_post_stackheap_init
</UL>

<P><STRONG><a name="[fe]"></a>__rt_entry_li</STRONG> (Thumb, 0 bytes, Stack size 0 bytes, D:\Program Files\Keil_v5\ARM\ARMCC\Bin\..\lib\armlib\c_w.l(__rtentry2.o)(.ARM.Collect$$rtentry$$0000000A))
<BR><BR>[Calls]<UL><LI><a href="#[ff]">&gt;&gt;</a>&nbsp;&nbsp;&nbsp;__rt_lib_init
</UL>

<P><STRONG><a name="[100]"></a>__rt_entry_main</STRONG> (Thumb, 0 bytes, Stack size 0 bytes, D:\Program Files\Keil_v5\ARM\ARMCC\Bin\..\lib\armlib\c_w.l(__rtentry2.o)(.ARM.Collect$$rtentry$$0000000D))
<BR><BR>[Calls]<UL><LI><a href="#[101]">&gt;&gt;</a>&nbsp;&nbsp;&nbsp;main
<LI><a href="#[102]">&gt;&gt;</a>&nbsp;&nbsp;&nbsp;exit
</UL>

<P><STRONG><a name="[11]"></a>Reset_Handler</STRONG> (Thumb, 8 bytes, Stack size 0 bytes, mbed/TARGET_NUCLEO_F446RE/TOOLCHAIN_ARM_STD/startup_stm32f446xx.o(.text))
<BR>[Address Reference Count : 1]<UL><LI> startup_stm32f446xx.o(RESET)
</UL>
<P><STRONG><a name="[12]"></a>NMI_Handler</STRONG> (Thumb, 2 bytes, Stack size 0 bytes, mbed/TARGET_NUCLEO_F446RE/TOOLCHAIN_ARM_STD/startup_stm32f446xx.o(.text))
<BR><BR>[Calls]<UL><LI><a href="#[12]">&gt;&gt;</a>&nbsp;&nbsp;&nbsp;NMI_Handler
</UL>
<BR>[Called By]<UL><LI><a href="#[12]">&gt;&gt;</a>&nbsp;&nbsp;&nbsp;NMI_Handler
</UL>
<BR>[Address Reference Count : 1]<UL><LI> startup_stm32f446xx.o(RESET)
</UL>
<P><STRONG><a name="[13]"></a>HardFault_Handler</STRONG> (Thumb, 2 bytes, Stack size 0 bytes, mbed/TARGET_NUCLEO_F446RE/TOOLCHAIN_ARM_STD/startup_stm32f446xx.o(.text))
<BR><BR>[Calls]<UL><LI><a href="#[13]">&gt;&gt;</a>&nbsp;&nbsp;&nbsp;HardFault_Handler
</UL>
<BR>[Called By]<UL><LI><a href="#[13]">&gt;&gt;</a>&nbsp;&nbsp;&nbsp;HardFault_Handler
</UL>
<BR>[Address Reference Count : 1]<UL><LI> startup_stm32f446xx.o(RESET)
</UL>
<P><STRONG><a name="[14]"></a>MemManage_Handler</STRONG> (Thumb, 2 bytes, Stack size 0 bytes, mbed/TARGET_NUCLEO_F446RE/TOOLCHAIN_ARM_STD/startup_stm32f446xx.o(.text))
<BR><BR>[Calls]<UL><LI><a href="#[14]">&gt;&gt;</a>&nbsp;&nbsp;&nbsp;MemManage_Handler
</UL>
<BR>[Called By]<UL><LI><a href="#[14]">&gt;&gt;</a>&nbsp;&nbsp;&nbsp;MemManage_Handler
</UL>
<BR>[Address Reference Count : 1]<UL><LI> startup_stm32f446xx.o(RESET)
</UL>
<P><STRONG><a name="[15]"></a>BusFault_Handler</STRONG> (Thumb, 2 bytes, Stack size 0 bytes, mbed/TARGET_NUCLEO_F446RE/TOOLCHAIN_ARM_STD/startup_stm32f446xx.o(.text))
<BR><BR>[Calls]<UL><LI><a href="#[15]">&gt;&gt;</a>&nbsp;&nbsp;&nbsp;BusFault_Handler
</UL>
<BR>[Called By]<UL><LI><a href="#[15]">&gt;&gt;</a>&nbsp;&nbsp;&nbsp;BusFault_Handler
</UL>
<BR>[Address Reference Count : 1]<UL><LI> startup_stm32f446xx.o(RESET)
</UL>
<P><STRONG><a name="[16]"></a>UsageFault_Handler</STRONG> (Thumb, 2 bytes, Stack size 0 bytes, mbed/TARGET_NUCLEO_F446RE/TOOLCHAIN_ARM_STD/startup_stm32f446xx.o(.text))
<BR><BR>[Calls]<UL><LI><a href="#[16]">&gt;&gt;</a>&nbsp;&nbsp;&nbsp;UsageFault_Handler
</UL>
<BR>[Called By]<UL><LI><a href="#[16]">&gt;&gt;</a>&nbsp;&nbsp;&nbsp;UsageFault_Handler
</UL>
<BR>[Address Reference Count : 1]<UL><LI> startup_stm32f446xx.o(RESET)
</UL>
<P><STRONG><a name="[17]"></a>SVC_Handler</STRONG> (Thumb, 2 bytes, Stack size 0 bytes, mbed/TARGET_NUCLEO_F446RE/TOOLCHAIN_ARM_STD/startup_stm32f446xx.o(.text))
<BR><BR>[Calls]<UL><LI><a href="#[17]">&gt;&gt;</a>&nbsp;&nbsp;&nbsp;SVC_Handler
</UL>
<BR>[Called By]<UL><LI><a href="#[17]">&gt;&gt;</a>&nbsp;&nbsp;&nbsp;SVC_Handler
</UL>
<BR>[Address Reference Count : 1]<UL><LI> startup_stm32f446xx.o(RESET)
</UL>
<P><STRONG><a name="[18]"></a>DebugMon_Handler</STRONG> (Thumb, 2 bytes, Stack size 0 bytes, mbed/TARGET_NUCLEO_F446RE/TOOLCHAIN_ARM_STD/startup_stm32f446xx.o(.text))
<BR><BR>[Calls]<UL><LI><a href="#[18]">&gt;&gt;</a>&nbsp;&nbsp;&nbsp;DebugMon_Handler
</UL>
<BR>[Called By]<UL><LI><a href="#[18]">&gt;&gt;</a>&nbsp;&nbsp;&nbsp;DebugMon_Handler
</UL>
<BR>[Address Reference Count : 1]<UL><LI> startup_stm32f446xx.o(RESET)
</UL>
<P><STRONG><a name="[19]"></a>PendSV_Handler</STRONG> (Thumb, 2 bytes, Stack size 0 bytes, mbed/TARGET_NUCLEO_F446RE/TOOLCHAIN_ARM_STD/startup_stm32f446xx.o(.text))
<BR><BR>[Calls]<UL><LI><a href="#[19]">&gt;&gt;</a>&nbsp;&nbsp;&nbsp;PendSV_Handler
</UL>
<BR>[Called By]<UL><LI><a href="#[19]">&gt;&gt;</a>&nbsp;&nbsp;&nbsp;PendSV_Handler
</UL>
<BR>[Address Reference Count : 1]<UL><LI> startup_stm32f446xx.o(RESET)
</UL>
<P><STRONG><a name="[1a]"></a>SysTick_Handler</STRONG> (Thumb, 2 bytes, Stack size 0 bytes, mbed/TARGET_NUCLEO_F446RE/TOOLCHAIN_ARM_STD/startup_stm32f446xx.o(.text))
<BR><BR>[Calls]<UL><LI><a href="#[1a]">&gt;&gt;</a>&nbsp;&nbsp;&nbsp;SysTick_Handler
</UL>
<BR>[Called By]<UL><LI><a href="#[1a]">&gt;&gt;</a>&nbsp;&nbsp;&nbsp;SysTick_Handler
</UL>
<BR>[Address Reference Count : 1]<UL><LI> startup_stm32f446xx.o(RESET)
</UL>
<P><STRONG><a name="[2d]"></a>ADC_IRQHandler</STRONG> (Thumb, 0 bytes, Stack size 0 bytes, mbed/TARGET_NUCLEO_F446RE/TOOLCHAIN_ARM_STD/startup_stm32f446xx.o(.text))
<BR><BR>[Calls]<UL><LI><a href="#[2d]">&gt;&gt;</a>&nbsp;&nbsp;&nbsp;ADC_IRQHandler
</UL>
<BR>[Called By]<UL><LI><a href="#[2d]">&gt;&gt;</a>&nbsp;&nbsp;&nbsp;ADC_IRQHandler
</UL>
<BR>[Address Reference Count : 1]<UL><LI> startup_stm32f446xx.o(RESET)
</UL>
<P><STRONG><a name="[30]"></a>CAN1_RX1_IRQHandler</STRONG> (Thumb, 0 bytes, Stack size 0 bytes, mbed/TARGET_NUCLEO_F446RE/TOOLCHAIN_ARM_STD/startup_stm32f446xx.o(.text))
<BR>[Address Reference Count : 1]<UL><LI> startup_stm32f446xx.o(RESET)
</UL>
<P><STRONG><a name="[5a]"></a>CAN2_RX1_IRQHandler</STRONG> (Thumb, 0 bytes, Stack size 0 bytes, mbed/TARGET_NUCLEO_F446RE/TOOLCHAIN_ARM_STD/startup_stm32f446xx.o(.text))
<BR>[Address Reference Count : 1]<UL><LI> startup_stm32f446xx.o(RESET)
</UL>
<P><STRONG><a name="[6d]"></a>CEC_IRQHandler</STRONG> (Thumb, 0 bytes, Stack size 0 bytes, mbed/TARGET_NUCLEO_F446RE/TOOLCHAIN_ARM_STD/startup_stm32f446xx.o(.text))
<BR>[Address Reference Count : 1]<UL><LI> startup_stm32f446xx.o(RESET)
</UL>
<P><STRONG><a name="[67]"></a>DCMI_IRQHandler</STRONG> (Thumb, 0 bytes, Stack size 0 bytes, mbed/TARGET_NUCLEO_F446RE/TOOLCHAIN_ARM_STD/startup_stm32f446xx.o(.text))
<BR>[Address Reference Count : 1]<UL><LI> startup_stm32f446xx.o(RESET)
</UL>
<P><STRONG><a name="[26]"></a>DMA1_Stream0_IRQHandler</STRONG> (Thumb, 0 bytes, Stack size 0 bytes, mbed/TARGET_NUCLEO_F446RE/TOOLCHAIN_ARM_STD/startup_stm32f446xx.o(.text))
<BR>[Address Reference Count : 1]<UL><LI> startup_stm32f446xx.o(RESET)
</UL>
<P><STRONG><a name="[27]"></a>DMA1_Stream1_IRQHandler</STRONG> (Thumb, 0 bytes, Stack size 0 bytes, mbed/TARGET_NUCLEO_F446RE/TOOLCHAIN_ARM_STD/startup_stm32f446xx.o(.text))
<BR>[Address Reference Count : 1]<UL><LI> startup_stm32f446xx.o(RESET)
</UL>
<P><STRONG><a name="[28]"></a>DMA1_Stream2_IRQHandler</STRONG> (Thumb, 0 bytes, Stack size 0 bytes, mbed/TARGET_NUCLEO_F446RE/TOOLCHAIN_ARM_STD/startup_stm32f446xx.o(.text))
<BR>[Address Reference Count : 1]<UL><LI> startup_stm32f446xx.o(RESET)
</UL>
<P><STRONG><a name="[29]"></a>DMA1_Stream3_IRQHandler</STRONG> (Thumb, 0 bytes, Stack size 0 bytes, mbed/TARGET_NUCLEO_F446RE/TOOLCHAIN_ARM_STD/startup_stm32f446xx.o(.text))
<BR>[Address Reference Count : 1]<UL><LI> startup_stm32f446xx.o(RESET)
</UL>
<P><STRONG><a name="[2a]"></a>DMA1_Stream4_IRQHandler</STRONG> (Thumb, 0 bytes, Stack size 0 bytes, mbed/TARGET_NUCLEO_F446RE/TOOLCHAIN_ARM_STD/startup_stm32f446xx.o(.text))
<BR>[Address Reference Count : 1]<UL><LI> startup_stm32f446xx.o(RESET)
</UL>
<P><STRONG><a name="[2b]"></a>DMA1_Stream5_IRQHandler</STRONG> (Thumb, 0 bytes, Stack size 0 bytes, mbed/TARGET_NUCLEO_F446RE/TOOLCHAIN_ARM_STD/startup_stm32f446xx.o(.text))
<BR>[Address Reference Count : 1]<UL><LI> startup_stm32f446xx.o(RESET)
</UL>
<P><STRONG><a name="[2c]"></a>DMA1_Stream6_IRQHandler</STRONG> (Thumb, 0 bytes, Stack size 0 bytes, mbed/TARGET_NUCLEO_F446RE/TOOLCHAIN_ARM_STD/startup_stm32f446xx.o(.text))
<BR>[Address Reference Count : 1]<UL><LI> startup_stm32f446xx.o(RESET)
</UL>
<P><STRONG><a name="[4a]"></a>DMA1_Stream7_IRQHandler</STRONG> (Thumb, 0 bytes, Stack size 0 bytes, mbed/TARGET_NUCLEO_F446RE/TOOLCHAIN_ARM_STD/startup_stm32f446xx.o(.text))
<BR>[Address Reference Count : 1]<UL><LI> startup_stm32f446xx.o(RESET)
</UL>
<P><STRONG><a name="[53]"></a>DMA2_Stream0_IRQHandler</STRONG> (Thumb, 0 bytes, Stack size 0 bytes, mbed/TARGET_NUCLEO_F446RE/TOOLCHAIN_ARM_STD/startup_stm32f446xx.o(.text))
<BR>[Address Reference Count : 1]<UL><LI> startup_stm32f446xx.o(RESET)
</UL>
<P><STRONG><a name="[54]"></a>DMA2_Stream1_IRQHandler</STRONG> (Thumb, 0 bytes, Stack size 0 bytes, mbed/TARGET_NUCLEO_F446RE/TOOLCHAIN_ARM_STD/startup_stm32f446xx.o(.text))
<BR>[Address Reference Count : 1]<UL><LI> startup_stm32f446xx.o(RESET)
</UL>
<P><STRONG><a name="[55]"></a>DMA2_Stream2_IRQHandler</STRONG> (Thumb, 0 bytes, Stack size 0 bytes, mbed/TARGET_NUCLEO_F446RE/TOOLCHAIN_ARM_STD/startup_stm32f446xx.o(.text))
<BR>[Address Reference Count : 1]<UL><LI> startup_stm32f446xx.o(RESET)
</UL>
<P><STRONG><a name="[56]"></a>DMA2_Stream3_IRQHandler</STRONG> (Thumb, 0 bytes, Stack size 0 bytes, mbed/TARGET_NUCLEO_F446RE/TOOLCHAIN_ARM_STD/startup_stm32f446xx.o(.text))
<BR>[Address Reference Count : 1]<UL><LI> startup_stm32f446xx.o(RESET)
</UL>
<P><STRONG><a name="[57]"></a>DMA2_Stream4_IRQHandler</STRONG> (Thumb, 0 bytes, Stack size 0 bytes, mbed/TARGET_NUCLEO_F446RE/TOOLCHAIN_ARM_STD/startup_stm32f446xx.o(.text))
<BR>[Address Reference Count : 1]<UL><LI> startup_stm32f446xx.o(RESET)
</UL>
<P><STRONG><a name="[5d]"></a>DMA2_Stream5_IRQHandler</STRONG> (Thumb, 0 bytes, Stack size 0 bytes, mbed/TARGET_NUCLEO_F446RE/TOOLCHAIN_ARM_STD/startup_stm32f446xx.o(.text))
<BR>[Address Reference Count : 1]<UL><LI> startup_stm32f446xx.o(RESET)
</UL>
<P><STRONG><a name="[5e]"></a>DMA2_Stream6_IRQHandler</STRONG> (Thumb, 0 bytes, Stack size 0 bytes, mbed/TARGET_NUCLEO_F446RE/TOOLCHAIN_ARM_STD/startup_stm32f446xx.o(.text))
<BR>[Address Reference Count : 1]<UL><LI> startup_stm32f446xx.o(RESET)
</UL>
<P><STRONG><a name="[5f]"></a>DMA2_Stream7_IRQHandler</STRONG> (Thumb, 0 bytes, Stack size 0 bytes, mbed/TARGET_NUCLEO_F446RE/TOOLCHAIN_ARM_STD/startup_stm32f446xx.o(.text))
<BR>[Address Reference Count : 1]<UL><LI> startup_stm32f446xx.o(RESET)
</UL>
<P><STRONG><a name="[21]"></a>EXTI0_IRQHandler</STRONG> (Thumb, 0 bytes, Stack size 0 bytes, mbed/TARGET_NUCLEO_F446RE/TOOLCHAIN_ARM_STD/startup_stm32f446xx.o(.text))
<BR>[Address Reference Count : 1]<UL><LI> startup_stm32f446xx.o(RESET)
</UL>
<P><STRONG><a name="[43]"></a>EXTI15_10_IRQHandler</STRONG> (Thumb, 0 bytes, Stack size 0 bytes, mbed/TARGET_NUCLEO_F446RE/TOOLCHAIN_ARM_STD/startup_stm32f446xx.o(.text))
<BR>[Address Reference Count : 1]<UL><LI> startup_stm32f446xx.o(RESET)
</UL>
<P><STRONG><a name="[22]"></a>EXTI1_IRQHandler</STRONG> (Thumb, 0 bytes, Stack size 0 bytes, mbed/TARGET_NUCLEO_F446RE/TOOLCHAIN_ARM_STD/startup_stm32f446xx.o(.text))
<BR>[Address Reference Count : 1]<UL><LI> startup_stm32f446xx.o(RESET)
</UL>
<P><STRONG><a name="[23]"></a>EXTI2_IRQHandler</STRONG> (Thumb, 0 bytes, Stack size 0 bytes, mbed/TARGET_NUCLEO_F446RE/TOOLCHAIN_ARM_STD/startup_stm32f446xx.o(.text))
<BR>[Address Reference Count : 1]<UL><LI> startup_stm32f446xx.o(RESET)
</UL>
<P><STRONG><a name="[24]"></a>EXTI3_IRQHandler</STRONG> (Thumb, 0 bytes, Stack size 0 bytes, mbed/TARGET_NUCLEO_F446RE/TOOLCHAIN_ARM_STD/startup_stm32f446xx.o(.text))
<BR>[Address Reference Count : 1]<UL><LI> startup_stm32f446xx.o(RESET)
</UL>
<P><STRONG><a name="[25]"></a>EXTI4_IRQHandler</STRONG> (Thumb, 0 bytes, Stack size 0 bytes, mbed/TARGET_NUCLEO_F446RE/TOOLCHAIN_ARM_STD/startup_stm32f446xx.o(.text))
<BR>[Address Reference Count : 1]<UL><LI> startup_stm32f446xx.o(RESET)
</UL>
<P><STRONG><a name="[32]"></a>EXTI9_5_IRQHandler</STRONG> (Thumb, 0 bytes, Stack size 0 bytes, mbed/TARGET_NUCLEO_F446RE/TOOLCHAIN_ARM_STD/startup_stm32f446xx.o(.text))
<BR>[Address Reference Count : 1]<UL><LI> startup_stm32f446xx.o(RESET)
</UL>
<P><STRONG><a name="[1f]"></a>FLASH_IRQHandler</STRONG> (Thumb, 0 bytes, Stack size 0 bytes, mbed/TARGET_NUCLEO_F446RE/TOOLCHAIN_ARM_STD/startup_stm32f446xx.o(.text))
<BR>[Address Reference Count : 1]<UL><LI> startup_stm32f446xx.o(RESET)
</UL>
<P><STRONG><a name="[4b]"></a>FMC_IRQHandler</STRONG> (Thumb, 0 bytes, Stack size 0 bytes, mbed/TARGET_NUCLEO_F446RE/TOOLCHAIN_ARM_STD/startup_stm32f446xx.o(.text))
<BR>[Address Reference Count : 1]<UL><LI> startup_stm32f446xx.o(RESET)
</UL>
<P><STRONG><a name="[68]"></a>FPU_IRQHandler</STRONG> (Thumb, 0 bytes, Stack size 0 bytes, mbed/TARGET_NUCLEO_F446RE/TOOLCHAIN_ARM_STD/startup_stm32f446xx.o(.text))
<BR>[Address Reference Count : 1]<UL><LI> startup_stm32f446xx.o(RESET)
</UL>
<P><STRONG><a name="[3b]"></a>I2C1_ER_IRQHandler</STRONG> (Thumb, 0 bytes, Stack size 0 bytes, mbed/TARGET_NUCLEO_F446RE/TOOLCHAIN_ARM_STD/startup_stm32f446xx.o(.text))
<BR>[Address Reference Count : 1]<UL><LI> startup_stm32f446xx.o(RESET)
</UL>
<P><STRONG><a name="[3a]"></a>I2C1_EV_IRQHandler</STRONG> (Thumb, 0 bytes, Stack size 0 bytes, mbed/TARGET_NUCLEO_F446RE/TOOLCHAIN_ARM_STD/startup_stm32f446xx.o(.text))
<BR>[Address Reference Count : 1]<UL><LI> startup_stm32f446xx.o(RESET)
</UL>
<P><STRONG><a name="[3d]"></a>I2C2_ER_IRQHandler</STRONG> (Thumb, 0 bytes, Stack size 0 bytes, mbed/TARGET_NUCLEO_F446RE/TOOLCHAIN_ARM_STD/startup_stm32f446xx.o(.text))
<BR>[Address Reference Count : 1]<UL><LI> startup_stm32f446xx.o(RESET)
</UL>
<P><STRONG><a name="[3c]"></a>I2C2_EV_IRQHandler</STRONG> (Thumb, 0 bytes, Stack size 0 bytes, mbed/TARGET_NUCLEO_F446RE/TOOLCHAIN_ARM_STD/startup_stm32f446xx.o(.text))
<BR>[Address Reference Count : 1]<UL><LI> startup_stm32f446xx.o(RESET)
</UL>
<P><STRONG><a name="[62]"></a>I2C3_ER_IRQHandler</STRONG> (Thumb, 0 bytes, Stack size 0 bytes, mbed/TARGET_NUCLEO_F446RE/TOOLCHAIN_ARM_STD/startup_stm32f446xx.o(.text))
<BR>[Address Reference Count : 1]<UL><LI> startup_stm32f446xx.o(RESET)
</UL>
<P><STRONG><a name="[61]"></a>I2C3_EV_IRQHandler</STRONG> (Thumb, 0 bytes, Stack size 0 bytes, mbed/TARGET_NUCLEO_F446RE/TOOLCHAIN_ARM_STD/startup_stm32f446xx.o(.text))
<BR>[Address Reference Count : 1]<UL><LI> startup_stm32f446xx.o(RESET)
</UL>
<P><STRONG><a name="[70]"></a>I2C4_Error_IRQHandler</STRONG> (Thumb, 0 bytes, Stack size 0 bytes, mbed/TARGET_NUCLEO_F446RE/TOOLCHAIN_ARM_STD/startup_stm32f446xx.o(.text))
<BR>[Address Reference Count : 1]<UL><LI> startup_stm32f446xx.o(RESET)
</UL>
<P><STRONG><a name="[6f]"></a>I2C4_Event_IRQHandler</STRONG> (Thumb, 0 bytes, Stack size 0 bytes, mbed/TARGET_NUCLEO_F446RE/TOOLCHAIN_ARM_STD/startup_stm32f446xx.o(.text))
<BR>[Address Reference Count : 1]<UL><LI> startup_stm32f446xx.o(RESET)
</UL>
<P><STRONG><a name="[5c]"></a>OTG_FS_IRQHandler</STRONG> (Thumb, 0 bytes, Stack size 0 bytes, mbed/TARGET_NUCLEO_F446RE/TOOLCHAIN_ARM_STD/startup_stm32f446xx.o(.text))
<BR>[Address Reference Count : 1]<UL><LI> startup_stm32f446xx.o(RESET)
</UL>
<P><STRONG><a name="[45]"></a>OTG_FS_WKUP_IRQHandler</STRONG> (Thumb, 0 bytes, Stack size 0 bytes, mbed/TARGET_NUCLEO_F446RE/TOOLCHAIN_ARM_STD/startup_stm32f446xx.o(.text))
<BR>[Address Reference Count : 1]<UL><LI> startup_stm32f446xx.o(RESET)
</UL>
<P><STRONG><a name="[64]"></a>OTG_HS_EP1_IN_IRQHandler</STRONG> (Thumb, 0 bytes, Stack size 0 bytes, mbed/TARGET_NUCLEO_F446RE/TOOLCHAIN_ARM_STD/startup_stm32f446xx.o(.text))
<BR>[Address Reference Count : 1]<UL><LI> startup_stm32f446xx.o(RESET)
</UL>
<P><STRONG><a name="[63]"></a>OTG_HS_EP1_OUT_IRQHandler</STRONG> (Thumb, 0 bytes, Stack size 0 bytes, mbed/TARGET_NUCLEO_F446RE/TOOLCHAIN_ARM_STD/startup_stm32f446xx.o(.text))
<BR>[Address Reference Count : 1]<UL><LI> startup_stm32f446xx.o(RESET)
</UL>
<P><STRONG><a name="[66]"></a>OTG_HS_IRQHandler</STRONG> (Thumb, 0 bytes, Stack size 0 bytes, mbed/TARGET_NUCLEO_F446RE/TOOLCHAIN_ARM_STD/startup_stm32f446xx.o(.text))
<BR>[Address Reference Count : 1]<UL><LI> startup_stm32f446xx.o(RESET)
</UL>
<P><STRONG><a name="[65]"></a>OTG_HS_WKUP_IRQHandler</STRONG> (Thumb, 0 bytes, Stack size 0 bytes, mbed/TARGET_NUCLEO_F446RE/TOOLCHAIN_ARM_STD/startup_stm32f446xx.o(.text))
<BR>[Address Reference Count : 1]<UL><LI> startup_stm32f446xx.o(RESET)
</UL>
<P><STRONG><a name="[1c]"></a>PVD_IRQHandler</STRONG> (Thumb, 0 bytes, Stack size 0 bytes, mbed/TARGET_NUCLEO_F446RE/TOOLCHAIN_ARM_STD/startup_stm32f446xx.o(.text))
<BR>[Address Reference Count : 1]<UL><LI> startup_stm32f446xx.o(RESET)
</UL>
<P><STRONG><a name="[6c]"></a>QuadSPI_IRQHandler</STRONG> (Thumb, 0 bytes, Stack size 0 bytes, mbed/TARGET_NUCLEO_F446RE/TOOLCHAIN_ARM_STD/startup_stm32f446xx.o(.text))
<BR>[Address Reference Count : 1]<UL><LI> startup_stm32f446xx.o(RESET)
</UL>
<P><STRONG><a name="[20]"></a>RCC_IRQHandler</STRONG> (Thumb, 0 bytes, Stack size 0 bytes, mbed/TARGET_NUCLEO_F446RE/TOOLCHAIN_ARM_STD/startup_stm32f446xx.o(.text))
<BR>[Address Reference Count : 1]<UL><LI> startup_stm32f446xx.o(RESET)
</UL>
<P><STRONG><a name="[44]"></a>RTC_Alarm_IRQHandler</STRONG> (Thumb, 0 bytes, Stack size 0 bytes, mbed/TARGET_NUCLEO_F446RE/TOOLCHAIN_ARM_STD/startup_stm32f446xx.o(.text))
<BR>[Address Reference Count : 1]<UL><LI> startup_stm32f446xx.o(RESET)
</UL>
<P><STRONG><a name="[1e]"></a>RTC_WKUP_IRQHandler</STRONG> (Thumb, 0 bytes, Stack size 0 bytes, mbed/TARGET_NUCLEO_F446RE/TOOLCHAIN_ARM_STD/startup_stm32f446xx.o(.text))
<BR>[Address Reference Count : 1]<UL><LI> startup_stm32f446xx.o(RESET)
</UL>
<P><STRONG><a name="[6a]"></a>SAI1_IRQHandler</STRONG> (Thumb, 0 bytes, Stack size 0 bytes, mbed/TARGET_NUCLEO_F446RE/TOOLCHAIN_ARM_STD/startup_stm32f446xx.o(.text))
<BR>[Address Reference Count : 1]<UL><LI> startup_stm32f446xx.o(RESET)
</UL>
<P><STRONG><a name="[6b]"></a>SAI2_IRQHandler</STRONG> (Thumb, 0 bytes, Stack size 0 bytes, mbed/TARGET_NUCLEO_F446RE/TOOLCHAIN_ARM_STD/startup_stm32f446xx.o(.text))
<BR>[Address Reference Count : 1]<UL><LI> startup_stm32f446xx.o(RESET)
</UL>
<P><STRONG><a name="[4c]"></a>SDIO_IRQHandler</STRONG> (Thumb, 0 bytes, Stack size 0 bytes, mbed/TARGET_NUCLEO_F446RE/TOOLCHAIN_ARM_STD/startup_stm32f446xx.o(.text))
<BR>[Address Reference Count : 1]<UL><LI> startup_stm32f446xx.o(RESET)
</UL>
<P><STRONG><a name="[6e]"></a>SPDIF_RX_IRQHandler</STRONG> (Thumb, 0 bytes, Stack size 0 bytes, mbed/TARGET_NUCLEO_F446RE/TOOLCHAIN_ARM_STD/startup_stm32f446xx.o(.text))
<BR>[Address Reference Count : 1]<UL><LI> startup_stm32f446xx.o(RESET)
</UL>
<P><STRONG><a name="[3e]"></a>SPI1_IRQHandler</STRONG> (Thumb, 0 bytes, Stack size 0 bytes, mbed/TARGET_NUCLEO_F446RE/TOOLCHAIN_ARM_STD/startup_stm32f446xx.o(.text))
<BR>[Address Reference Count : 1]<UL><LI> startup_stm32f446xx.o(RESET)
</UL>
<P><STRONG><a name="[3f]"></a>SPI2_IRQHandler</STRONG> (Thumb, 0 bytes, Stack size 0 bytes, mbed/TARGET_NUCLEO_F446RE/TOOLCHAIN_ARM_STD/startup_stm32f446xx.o(.text))
<BR>[Address Reference Count : 1]<UL><LI> startup_stm32f446xx.o(RESET)
</UL>
<P><STRONG><a name="[4e]"></a>SPI3_IRQHandler</STRONG> (Thumb, 0 bytes, Stack size 0 bytes, mbed/TARGET_NUCLEO_F446RE/TOOLCHAIN_ARM_STD/startup_stm32f446xx.o(.text))
<BR>[Address Reference Count : 1]<UL><LI> startup_stm32f446xx.o(RESET)
</UL>
<P><STRONG><a name="[69]"></a>SPI4_IRQHandler</STRONG> (Thumb, 0 bytes, Stack size 0 bytes, mbed/TARGET_NUCLEO_F446RE/TOOLCHAIN_ARM_STD/startup_stm32f446xx.o(.text))
<BR>[Address Reference Count : 1]<UL><LI> startup_stm32f446xx.o(RESET)
</UL>
<P><STRONG><a name="[1d]"></a>TAMP_STAMP_IRQHandler</STRONG> (Thumb, 0 bytes, Stack size 0 bytes, mbed/TARGET_NUCLEO_F446RE/TOOLCHAIN_ARM_STD/startup_stm32f446xx.o(.text))
<BR>[Address Reference Count : 1]<UL><LI> startup_stm32f446xx.o(RESET)
</UL>
<P><STRONG><a name="[33]"></a>TIM1_BRK_TIM9_IRQHandler</STRONG> (Thumb, 0 bytes, Stack size 0 bytes, mbed/TARGET_NUCLEO_F446RE/TOOLCHAIN_ARM_STD/startup_stm32f446xx.o(.text))
<BR>[Address Reference Count : 1]<UL><LI> startup_stm32f446xx.o(RESET)
</UL>
<P><STRONG><a name="[36]"></a>TIM1_CC_IRQHandler</STRONG> (Thumb, 0 bytes, Stack size 0 bytes, mbed/TARGET_NUCLEO_F446RE/TOOLCHAIN_ARM_STD/startup_stm32f446xx.o(.text))
<BR>[Address Reference Count : 1]<UL><LI> startup_stm32f446xx.o(RESET)
</UL>
<P><STRONG><a name="[35]"></a>TIM1_TRG_COM_TIM11_IRQHandler</STRONG> (Thumb, 0 bytes, Stack size 0 bytes, mbed/TARGET_NUCLEO_F446RE/TOOLCHAIN_ARM_STD/startup_stm32f446xx.o(.text))
<BR>[Address Reference Count : 1]<UL><LI> startup_stm32f446xx.o(RESET)
</UL>
<P><STRONG><a name="[34]"></a>TIM1_UP_TIM10_IRQHandler</STRONG> (Thumb, 0 bytes, Stack size 0 bytes, mbed/TARGET_NUCLEO_F446RE/TOOLCHAIN_ARM_STD/startup_stm32f446xx.o(.text))
<BR>[Address Reference Count : 1]<UL><LI> startup_stm32f446xx.o(RESET)
</UL>
<P><STRONG><a name="[37]"></a>TIM2_IRQHandler</STRONG> (Thumb, 0 bytes, Stack size 0 bytes, mbed/TARGET_NUCLEO_F446RE/TOOLCHAIN_ARM_STD/startup_stm32f446xx.o(.text))
<BR>[Address Reference Count : 1]<UL><LI> startup_stm32f446xx.o(RESET)
</UL>
<P><STRONG><a name="[38]"></a>TIM3_IRQHandler</STRONG> (Thumb, 0 bytes, Stack size 0 bytes, mbed/TARGET_NUCLEO_F446RE/TOOLCHAIN_ARM_STD/startup_stm32f446xx.o(.text))
<BR>[Address Reference Count : 1]<UL><LI> startup_stm32f446xx.o(RESET)
</UL>
[...]
<BR>[Address Reference Count : 1]<UL><LI> main.o(.constdata__ZZN4mbed8CallbackIFvvEE8generateIPS1_EEvRKT_E3ops)
</UL>
<P><STRONG><a name="[be]"></a>void mbed::Callback&lang;void()&rang;::function_move&lang;mbed::Callback&lang;void()&rang;::method_context&lang;Stepper, void(Stepper::*)()&rang;&rang;(void*, const void*)</STRONG> (Thumb, 12 bytes, Stack size 0 bytes, .\build\stepper.o(t._ZN4mbed8CallbackIFvvEE13function_moveINS2_14method_contextI7StepperMS5_FvvEEEEEvPvPKv))
<BR>[Address Reference Count : 1]<UL><LI> stepper.o(.constdata__ZZN4mbed8CallbackIFvvEE8generateINS2_14method_contextI7StepperMS5_FvvEEEEEvRKT_E3ops)
</UL>
<P><STRONG><a name="[c1]"></a>void mbed::Callback&lang;void()&rang;::function_move&lang;void(*)()&rang;(void*, const void*)</STRONG> (Thumb, 10 bytes, Stack size 0 bytes, .\build\main.o(t._ZN4mbed8CallbackIFvvEE13function_moveIPS1_EEvPvPKv))
<BR>[Address Reference Count : 1]<UL><LI> main.o(.constdata__ZZN4mbed8CallbackIFvvEE8generateIPS1_EEvRKT_E3ops)
</UL>
<P><STRONG><a name="[1d9]"></a>mbed::Callback&lang;void()&rang;::Callback(void(*)())</STRONG> (Thumb, 26 bytes, Stack size 0 bytes, .\build\main.o(t._ZN4mbed8CallbackIFvvEEC1EPS1_))
<BR><BR>[Called By]<UL><LI><a href="#[159]">&gt;&gt;</a>&nbsp;&nbsp;&nbsp;$Super$$main
<LI><a href="#[c3]">&gt;&gt;</a>&nbsp;&nbsp;&nbsp;__sti___8_main_cpp_button
</UL>

<P><STRONG><a name="[1f4]"></a>mbed::Callback&lang;void()&rang;::Callback(const mbed::Callback&lang;void()&rang;&)</STRONG> (Thumb, 22 bytes, Stack size 0 bytes, .\build\main.o(t._ZN4mbed8CallbackIFvvEEC1ERKS2_))
<BR><BR>[Called By]<UL><LI><a href="#[159]">&gt;&gt;</a>&nbsp;&nbsp;&nbsp;$Super$$main
</UL>

<P><STRONG><a name="[7d]"></a>mbed::Callback&lang;void()&rang;::~Callback()</STRONG> (Thumb, 18 bytes, Stack size 0 bytes, mbed/TARGET_NUCLEO_F446RE/TOOLCHAIN_ARM_STD/mbed.ar(SerialBase.o)(t._ZN4mbed8CallbackIFvvEED1Ev))
<BR><BR>[Called By]<UL><LI><a href="#[159]">&gt;&gt;</a>&nbsp;&nbsp;&nbsp;$Super$$main
<LI><a href="#[1c4]">&gt;&gt;</a>&nbsp;&nbsp;&nbsp;mbed::Ticker::attach_us(mbed::Callback&lang;void()&rang;, unsigned long long)
<LI><a href="#[95]">&gt;&gt;</a>&nbsp;&nbsp;&nbsp;Stepper::inc_s()
<LI><a href="#[1d8]">&gt;&gt;</a>&nbsp;&nbsp;&nbsp;Stepper::Stepper(PinName, PinName, PinName, int)
<LI><a href="#[1d5]">&gt;&gt;</a>&nbsp;&nbsp;&nbsp;Stepper::move_by(int, int, int)
<LI><a href="#[182]">&gt;&gt;</a>&nbsp;&nbsp;&nbsp;Stepper::run(int, int)
</UL>
<BR>[Address Reference Count : 1]<UL><LI> SerialBase.o(i._ZN4mbed10SerialBaseD1Ev)
</UL>
<P><STRONG><a name="[1d2]"></a>mbed::Callback&lang;T3()&rang; mbed::callback&lang;Stepper, Stepper, void&rang;(T2*, T3(T1::*)())</STRONG> (Thumb, 32 bytes, Stack size 0 bytes, .\build\stepper.o(t._ZN4mbed8callbackI7StepperS1_vEENS_8CallbackIFT1_vEEEPT0_MT_FS3_vE))
<BR><BR>[Called By]<UL><LI><a href="#[95]">&gt;&gt;</a>&nbsp;&nbsp;&nbsp;Stepper::inc_s()
<LI><a href="#[1d8]">&gt;&gt;</a>&nbsp;&nbsp;&nbsp;Stepper::Stepper(PinName, PinName, PinName, int)
<LI><a href="#[1d5]">&gt;&gt;</a>&nbsp;&nbsp;&nbsp;Stepper::move_by(int, int, int)
<LI><a href="#[182]">&gt;&gt;</a>&nbsp;&nbsp;&nbsp;Stepper::run(int, int)
</UL>

<P><STRONG><a name="[7a]"></a>CThunk&lang;mbed::SerialBase&rang;::trampoline(mbed::SerialBase*, void*, void(mbed::SerialBase::**)(void*))</STRONG> (Thumb, 54 bytes, Stack size 0 bytes, mbed/TARGET_NUCLEO_F446RE/TOOLCHAIN_ARM_STD/mbed.ar(SerialBase.o)(t._ZN6CThunkIN4mbed10SerialBaseEE10trampolineEPS1_PvPMS1_FvS4_E))
<BR>[Address Reference Count : 1]<UL><LI> SerialBase.o(i._ZN4mbed10SerialBaseC1E7PinNameS1_i)
</UL>
<P><STRONG><a name="[20a]"></a>__fpl_fnaninf</STRONG> (Thumb, 140 bytes, Stack size 0 bytes, D:\Program Files\Keil_v5\ARM\ARMCC\Bin\..\lib\armlib\fz_wm.l(fnaninf.o)(x$fpl$fnaninf), UNUSED)
<BR><BR>[Called By]<UL><LI><a href="#[209]">&gt;&gt;</a>&nbsp;&nbsp;&nbsp;_ll_ufrom_f
</UL>

<P><STRONG><a name="[ef]"></a>_fp_init</STRONG> (Thumb, 10 bytes, Stack size 0 bytes, D:\Program Files\Keil_v5\ARM\ARMCC\Bin\..\lib\armlib\fz_wm.l(fpinit.o)(x$fpl$fpinit))
<BR><BR>[Called By]<UL><LI><a href="#[ee]">&gt;&gt;</a>&nbsp;&nbsp;&nbsp;__rt_lib_init_fp_1
</UL>

<P><STRONG><a name="[1d4]"></a>__aeabi_f2ulz</STRONG> (Thumb, 0 bytes, Stack size 0 bytes, D:\Program Files\Keil_v5\ARM\ARMCC\Bin\..\lib\armlib\fz_wm.l(ffixull.o)(x$fpl$llufromf))
<BR><BR>[Called By]<UL><LI><a href="#[159]">&gt;&gt;</a>&nbsp;&nbsp;&nbsp;$Super$$main
<LI><a href="#[95]">&gt;&gt;</a>&nbsp;&nbsp;&nbsp;Stepper::inc_s()
<LI><a href="#[1d5]">&gt;&gt;</a>&nbsp;&nbsp;&nbsp;Stepper::move_by(int, int, int)
</UL>

<P><STRONG><a name="[209]"></a>_ll_ufrom_f</STRONG> (Thumb, 92 bytes, Stack size 0 bytes, D:\Program Files\Keil_v5\ARM\ARMCC\Bin\..\lib\armlib\fz_wm.l(ffixull.o)(x$fpl$llufromf), UNUSED)
<BR><BR>[Calls]<UL><LI><a href="#[20a]">&gt;&gt;</a>&nbsp;&nbsp;&nbsp;__fpl_fnaninf
</UL>

<P><STRONG><a name="[d1]"></a>_printf_fp_dec</STRONG> (Thumb, 4 bytes, Stack size 0 bytes, D:\Program Files\Keil_v5\ARM\ARMCC\Bin\..\lib\armlib\fz_wm.l(printf1.o)(x$fpl$printf1))
<BR><BR>[Calls]<UL><LI><a href="#[146]">&gt;&gt;</a>&nbsp;&nbsp;&nbsp;_printf_fp_dec_real
</UL>
<BR>[Called By]<UL><LI><a href="#[d3]">&gt;&gt;</a>&nbsp;&nbsp;&nbsp;_printf_g
<LI><a href="#[d2]">&gt;&gt;</a>&nbsp;&nbsp;&nbsp;_printf_e
<LI><a href="#[d0]">&gt;&gt;</a>&nbsp;&nbsp;&nbsp;_printf_f
</UL>

<P><STRONG><a name="[d5]"></a>_printf_fp_hex</STRONG> (Thumb, 4 bytes, Stack size 0 bytes, D:\Program Files\Keil_v5\ARM\ARMCC\Bin\..\lib\armlib\fz_wm.l(printf2.o)(x$fpl$printf2))
<BR><BR>[Calls]<UL><LI><a href="#[149]">&gt;&gt;</a>&nbsp;&nbsp;&nbsp;_printf_fp_hex_real
</UL>
<BR>[Called By]<UL><LI><a href="#[d4]">&gt;&gt;</a>&nbsp;&nbsp;&nbsp;_printf_a
</UL>
<P>
<H3>
Local Symbols
</H3>
<P><STRONG><a name="[15a]"></a>can_irq</STRONG> (Thumb, 290 bytes, Stack size 0 bytes, mbed/TARGET_NUCLEO_F446RE/TOOLCHAIN_ARM_STD/can_api.o(i.can_irq))
<BR><BR>[Called By]<UL><LI><a href="#[58]">&gt;&gt;</a>&nbsp;&nbsp;&nbsp;CAN2_TX_IRQHandler
<LI><a href="#[5b]">&gt;&gt;</a>&nbsp;&nbsp;&nbsp;CAN2_SCE_IRQHandler
<LI><a href="#[59]">&gt;&gt;</a>&nbsp;&nbsp;&nbsp;CAN2_RX0_IRQHandler
<LI><a href="#[2e]">&gt;&gt;</a>&nbsp;&nbsp;&nbsp;CAN1_TX_IRQHandler
<LI><a href="#[31]">&gt;&gt;</a>&nbsp;&nbsp;&nbsp;CAN1_SCE_IRQHandler
<LI><a href="#[2f]">&gt;&gt;</a>&nbsp;&nbsp;&nbsp;CAN1_RX0_IRQHandler
</UL>

<P><STRONG><a name="[84]"></a>gpio_irq0</STRONG> (Thumb, 8 bytes, Stack size 0 bytes, mbed/TARGET_NUCLEO_F446RE/TOOLCHAIN_ARM_STD/gpio_irq_api.o(i.gpio_irq0))
<BR><BR>[Calls]<UL><LI><a href="#[1ed]">&gt;&gt;</a>&nbsp;&nbsp;&nbsp;handle_interrupt_in
</UL>
<BR>[Address Reference Count : 1]<UL><LI> gpio_irq_api.o(i.gpio_irq_init)
</UL>
<P><STRONG><a name="[85]"></a>gpio_irq1</STRONG> (Thumb, 8 bytes, Stack size 0 bytes, mbed/TARGET_NUCLEO_F446RE/TOOLCHAIN_ARM_STD/gpio_irq_api.o(i.gpio_irq1))
<BR><BR>[Calls]<UL><LI><a href="#[1ed]">&gt;&gt;</a>&nbsp;&nbsp;&nbsp;handle_interrupt_in
</UL>
<BR>[Address Reference Count : 1]<UL><LI> gpio_irq_api.o(i.gpio_irq_init)
</UL>
<P><STRONG><a name="[86]"></a>gpio_irq2</STRONG> (Thumb, 8 bytes, Stack size 0 bytes, mbed/TARGET_NUCLEO_F446RE/TOOLCHAIN_ARM_STD/gpio_irq_api.o(i.gpio_irq2))
<BR><BR>[Calls]<UL><LI><a href="#[1ed]">&gt;&gt;</a>&nbsp;&nbsp;&nbsp;handle_interrupt_in
</UL>
<BR>[Address Reference Count : 1]<UL><LI> gpio_irq_api.o(i.gpio_irq_init)
</UL>
<P><STRONG><a name="[87]"></a>gpio_irq3</STRONG> (Thumb, 8 bytes, Stack size 0 bytes, mbed/TARGET_NUCLEO_F446RE/TOOLCHAIN_ARM_STD/gpio_irq_api.o(i.gpio_irq3))
<BR><BR>[Calls]<UL><LI><a href="#[1ed]">&gt;&gt;</a>&nbsp;&nbsp;&nbsp;handle_interrupt_in
</UL>
<BR>[Address Reference Count : 1]<UL><LI> gpio_irq_api.o(i.gpio_irq_init)
</UL>
<P><STRONG><a name="[88]"></a>gpio_irq4</STRONG> (Thumb, 8 bytes, Stack size 0 bytes, mbed/TARGET_NUCLEO_F446RE/TOOLCHAIN_ARM_STD/gpio_irq_api.o(i.gpio_irq4))
<BR><BR>[Calls]<UL><LI><a href="#[1ed]">&gt;&gt;</a>&nbsp;&nbsp;&nbsp;handle_interrupt_in
</UL>
<BR>[Address Reference Count : 1]<UL><LI> gpio_irq_api.o(i.gpio_irq_init)
</UL>
<P><STRONG><a name="[89]"></a>gpio_irq5</STRONG> (Thumb, 8 bytes, Stack size 0 bytes, mbed/TARGET_NUCLEO_F446RE/TOOLCHAIN_ARM_STD/gpio_irq_api.o(i.gpio_irq5))
<BR><BR>[Calls]<UL><LI><a href="#[1ed]">&gt;&gt;</a>&nbsp;&nbsp;&nbsp;handle_interrupt_in
</UL>
<BR>[Address Reference Count : 1]<UL><LI> gpio_irq_api.o(i.gpio_irq_init)
</UL>
<P><STRONG><a name="[8a]"></a>gpio_irq6</STRONG> (Thumb, 8 bytes, Stack size 0 bytes, mbed/TARGET_NUCLEO_F446RE/TOOLCHAIN_ARM_STD/gpio_irq_api.o(i.gpio_irq6))
<BR><BR>[Calls]<UL><LI><a href="#[1ed]">&gt;&gt;</a>&nbsp;&nbsp;&nbsp;handle_interrupt_in
</UL>
<BR>[Address Reference Count : 1]<UL><LI> gpio_irq_api.o(i.gpio_irq_init)
</UL>
<P><STRONG><a name="[1ed]"></a>handle_interrupt_in</STRONG> (Thumb, 134 bytes, Stack size 0 bytes, mbed/TARGET_NUCLEO_F446RE/TOOLCHAIN_ARM_STD/gpio_irq_api.o(i.handle_interrupt_in))
<BR><BR>[Calls]<UL><LI><a href="#[17a]">&gt;&gt;</a>&nbsp;&nbsp;&nbsp;error
</UL>
<BR>[Called By]<UL><LI><a href="#[8a]">&gt;&gt;</a>&nbsp;&nbsp;&nbsp;gpio_irq6
<LI><a href="#[89]">&gt;&gt;</a>&nbsp;&nbsp;&nbsp;gpio_irq5
<LI><a href="#[88]">&gt;&gt;</a>&nbsp;&nbsp;&nbsp;gpio_irq4
<LI><a href="#[87]">&gt;&gt;</a>&nbsp;&nbsp;&nbsp;gpio_irq3
<LI><a href="#[86]">&gt;&gt;</a>&nbsp;&nbsp;&nbsp;gpio_irq2
<LI><a href="#[85]">&gt;&gt;</a>&nbsp;&nbsp;&nbsp;gpio_irq1
<LI><a href="#[84]">&gt;&gt;</a>&nbsp;&nbsp;&nbsp;gpio_irq0
</UL>

<P><STRONG><a name="[183]"></a>reserve_filehandle()</STRONG> (Thumb, 154 bytes, Stack size 0 bytes, mbed/TARGET_NUCLEO_F446RE/TOOLCHAIN_ARM_STD/mbed_retarget.o(i._Z18reserve_filehandlev))
<BR><BR>[Calls]<UL><LI><a href="#[184]">&gt;&gt;</a>&nbsp;&nbsp;&nbsp;mbed_assert_internal
<LI><a href="#[14c]">&gt;&gt;</a>&nbsp;&nbsp;&nbsp;__aeabi_errno_addr
</UL>
<BR>[Called By]<UL><LI><a href="#[1df]">&gt;&gt;</a>&nbsp;&nbsp;&nbsp;open
<LI><a href="#[1bf]">&gt;&gt;</a>&nbsp;&nbsp;&nbsp;mbed::fdopen(mbed::FileHandle*, const char*)
</UL>

<P><STRONG><a name="[185]"></a>get_fhc(int)</STRONG> (Thumb, 138 bytes, Stack size 0 bytes, mbed/TARGET_NUCLEO_F446RE/TOOLCHAIN_ARM_STD/mbed_retarget.o(i._Z7get_fhci))
<BR><BR>[Calls]<UL><LI><a href="#[187]">&gt;&gt;</a>&nbsp;&nbsp;&nbsp;mbed::mbed_target_override_console(int)
<LI><a href="#[186]">&gt;&gt;</a>&nbsp;&nbsp;&nbsp;mbed::mbed_override_console(int)
<LI><a href="#[18a]">&gt;&gt;</a>&nbsp;&nbsp;&nbsp;serial_baud
<LI><a href="#[18c]">&gt;&gt;</a>&nbsp;&nbsp;&nbsp;__cxa_guard_release
<LI><a href="#[188]">&gt;&gt;</a>&nbsp;&nbsp;&nbsp;__cxa_guard_acquire
<LI><a href="#[18b]">&gt;&gt;</a>&nbsp;&nbsp;&nbsp;__aeabi_atexit
<LI><a href="#[189]">&gt;&gt;</a>&nbsp;&nbsp;&nbsp;serial_init
</UL>
<BR>[Called By]<UL><LI><a href="#[13b]">&gt;&gt;</a>&nbsp;&nbsp;&nbsp;_sys_write
<LI><a href="#[133]">&gt;&gt;</a>&nbsp;&nbsp;&nbsp;_sys_seek
<LI><a href="#[12f]">&gt;&gt;</a>&nbsp;&nbsp;&nbsp;_sys_read
<LI><a href="#[113]">&gt;&gt;</a>&nbsp;&nbsp;&nbsp;_sys_open
<LI><a href="#[138]">&gt;&gt;</a>&nbsp;&nbsp;&nbsp;_sys_istty
<LI><a href="#[137]">&gt;&gt;</a>&nbsp;&nbsp;&nbsp;_sys_flen
<LI><a href="#[118]">&gt;&gt;</a>&nbsp;&nbsp;&nbsp;_sys_close
<LI><a href="#[1bf]">&gt;&gt;</a>&nbsp;&nbsp;&nbsp;mbed::fdopen(mbed::FileHandle*, const char*)
</UL>

<P><STRONG><a name="[1e4]"></a>debug</STRONG> (Thumb, 20 bytes, Stack size 0 bytes, mbed/TARGET_NUCLEO_F446RE/TOOLCHAIN_ARM_STD/serial_api.o(i.debug))
<BR><BR>[Calls]<UL><LI><a href="#[107]">&gt;&gt;</a>&nbsp;&nbsp;&nbsp;vfprintf
</UL>
<BR>[Called By]<UL><LI><a href="#[18a]">&gt;&gt;</a>&nbsp;&nbsp;&nbsp;serial_baud
</UL>

<P><STRONG><a name="[90]"></a>uart1_irq</STRONG> (Thumb, 6 bytes, Stack size 0 bytes, mbed/TARGET_NUCLEO_F446RE/TOOLCHAIN_ARM_STD/serial_device.o(i.uart1_irq))
<BR><BR>[Calls]<UL><LI><a href="#[207]">&gt;&gt;</a>&nbsp;&nbsp;&nbsp;uart_irq
</UL>
<BR>[Address Reference Count : 1]<UL><LI> serial_device.o(i.serial_irq_set)
</UL>
<P><STRONG><a name="[8d]"></a>uart2_irq</STRONG> (Thumb, 6 bytes, Stack size 0 bytes, mbed/TARGET_NUCLEO_F446RE/TOOLCHAIN_ARM_STD/serial_device.o(i.uart2_irq))
<BR><BR>[Calls]<UL><LI><a href="#[207]">&gt;&gt;</a>&nbsp;&nbsp;&nbsp;uart_irq
</UL>
<BR>[Address Reference Count : 1]<UL><LI> serial_device.o(i.serial_irq_set)
</UL>
<P><STRONG><a name="[8e]"></a>uart3_irq</STRONG> (Thumb, 6 bytes, Stack size 0 bytes, mbed/TARGET_NUCLEO_F446RE/TOOLCHAIN_ARM_STD/serial_device.o(i.uart3_irq))
<BR><BR>[Calls]<UL><LI><a href="#[207]">&gt;&gt;</a>&nbsp;&nbsp;&nbsp;uart_irq
</UL>
<BR>[Address Reference Count : 1]<UL><LI> serial_device.o(i.serial_irq_set)
</UL>
<P><STRONG><a name="[8f]"></a>uart4_irq</STRONG> (Thumb, 6 bytes, Stack size 0 bytes, mbed/TARGET_NUCLEO_F446RE/TOOLCHAIN_ARM_STD/serial_device.o(i.uart4_irq))
<BR><BR>[Calls]<UL><LI><a href="#[207]">&gt;&gt;</a>&nbsp;&nbsp;&nbsp;uart_irq
</UL>
<BR>[Address Reference Count : 1]<UL><LI> serial_device.o(i.serial_irq_set)
</UL>
<P><STRONG><a name="[8c]"></a>uart5_irq</STRONG> (Thumb, 6 bytes, Stack size 0 bytes, mbed/TARGET_NUCLEO_F446RE/TOOLCHAIN_ARM_STD/serial_device.o(i.uart5_irq))
<BR><BR>[Calls]<UL><LI><a href="#[207]">&gt;&gt;</a>&nbsp;&nbsp;&nbsp;uart_irq
</UL>
<BR>[Address Reference Count : 1]<UL><LI> serial_device.o(i.serial_irq_set)
</UL>
<P><STRONG><a name="[91]"></a>uart6_irq</STRONG> (Thumb, 6 bytes, Stack size 0 bytes, mbed/TARGET_NUCLEO_F446RE/TOOLCHAIN_ARM_STD/serial_device.o(i.uart6_irq))
<BR><BR>[Calls]<UL><LI><a href="#[207]">&gt;&gt;</a>&nbsp;&nbsp;&nbsp;uart_irq
</UL>
<BR>[Address Reference Count : 1]<UL><LI> serial_device.o(i.serial_irq_set)
</UL>
<P><STRONG><a name="[207]"></a>uart_irq</STRONG> (Thumb, 108 bytes, Stack size 0 bytes, mbed/TARGET_NUCLEO_F446RE/TOOLCHAIN_ARM_STD/serial_device.o(i.uart_irq))
<BR><BR>[Calls]<UL><LI><a href="#[208]">&gt;&gt;</a>&nbsp;&nbsp;&nbsp;get_uart_index
</UL>
<BR>[Called By]<UL><LI><a href="#[91]">&gt;&gt;</a>&nbsp;&nbsp;&nbsp;uart6_irq
<LI><a href="#[8c]">&gt;&gt;</a>&nbsp;&nbsp;&nbsp;uart5_irq
<LI><a href="#[8f]">&gt;&gt;</a>&nbsp;&nbsp;&nbsp;uart4_irq
<LI><a href="#[8e]">&gt;&gt;</a>&nbsp;&nbsp;&nbsp;uart3_irq
<LI><a href="#[8d]">&gt;&gt;</a>&nbsp;&nbsp;&nbsp;uart2_irq
<LI><a href="#[90]">&gt;&gt;</a>&nbsp;&nbsp;&nbsp;uart1_irq
</UL>

<P><STRONG><a name="[78]"></a>UART_DMAAbortOnError</STRONG> (Thumb, 16 bytes, Stack size 0 bytes, mbed/TARGET_NUCLEO_F446RE/TOOLCHAIN_ARM_STD/stm32f4xx_hal_uart.o(i.UART_DMAAbortOnError))
<BR><BR>[Calls]<UL><LI><a href="#[171]">&gt;&gt;</a>&nbsp;&nbsp;&nbsp;HAL_UART_ErrorCallback
</UL>
<BR>[Address Reference Count : 1]<UL><LI> stm32f4xx_hal_uart.o(i.HAL_UART_IRQHandler)
</UL>
<P><STRONG><a name="[175]"></a>UART_SetConfig</STRONG> (Thumb, 822 bytes, Stack size 0 bytes, mbed/TARGET_NUCLEO_F446RE/TOOLCHAIN_ARM_STD/stm32f4xx_hal_uart.o(i.UART_SetConfig))
<BR><BR>[Calls]<UL><LI><a href="#[17b]">&gt;&gt;</a>&nbsp;&nbsp;&nbsp;HAL_RCC_GetPCLK2Freq
<LI><a href="#[160]">&gt;&gt;</a>&nbsp;&nbsp;&nbsp;HAL_RCC_GetPCLK1Freq
</UL>
<BR>[Called By]<UL><LI><a href="#[173]">&gt;&gt;</a>&nbsp;&nbsp;&nbsp;HAL_UART_Init
</UL>

<P><STRONG><a name="[c3]"></a>__sti___8_main_cpp_button</STRONG> (Thumb, 256 bytes, Stack size 0 bytes, .\build\main.o(i.__sti___8_main_cpp_button))
<BR><BR>[Calls]<UL><LI><a href="#[1da]">&gt;&gt;</a>&nbsp;&nbsp;&nbsp;pwmout_init
<LI><a href="#[18b]">&gt;&gt;</a>&nbsp;&nbsp;&nbsp;__aeabi_atexit
<LI><a href="#[1a6]">&gt;&gt;</a>&nbsp;&nbsp;&nbsp;core_util_critical_section_exit
<LI><a href="#[1a3]">&gt;&gt;</a>&nbsp;&nbsp;&nbsp;core_util_critical_section_enter
<LI><a href="#[1d9]">&gt;&gt;</a>&nbsp;&nbsp;&nbsp;mbed::Callback&lang;void()&rang;::Callback(void(*)())
<LI><a href="#[197]">&gt;&gt;</a>&nbsp;&nbsp;&nbsp;mbed::DigitalOut::DigitalOut(PinName)
<LI><a href="#[1b6]">&gt;&gt;</a>&nbsp;&nbsp;&nbsp;gpio_init_in
<LI><a href="#[1d8]">&gt;&gt;</a>&nbsp;&nbsp;&nbsp;Stepper::Stepper(PinName, PinName, PinName, int)
<LI><a href="#[1bb]">&gt;&gt;</a>&nbsp;&nbsp;&nbsp;mbed::Serial::Serial(PinName, PinName, const char*, int)
<LI><a href="#[1ac]">&gt;&gt;</a>&nbsp;&nbsp;&nbsp;mbed::TimerEvent::TimerEvent__sub_object()
<LI><a href="#[115]">&gt;&gt;</a>&nbsp;&nbsp;&nbsp;__aeabi_memclr4
</UL>
<BR>[Address Reference Count : 1]<UL><LI> main.o(.init_array)
</UL>
<P><STRONG><a name="[c4]"></a>__sti___11_stepper_cpp_LED_</STRONG> (Thumb, 12 bytes, Stack size 0 bytes, .\build\stepper.o(i.__sti___11_stepper_cpp_LED_))
<BR><BR>[Calls]<UL><LI><a href="#[197]">&gt;&gt;</a>&nbsp;&nbsp;&nbsp;mbed::DigitalOut::DigitalOut(PinName)
</UL>
<BR>[Address Reference Count : 1]<UL><LI> stepper.o(.init_array)
</UL>
<P><STRONG><a name="[7b]"></a>&lang;Func3&rang;</STRONG> (Thumb, 12 bytes, Stack size 0 bytes, mbed/TARGET_NUCLEO_F446RE/TOOLCHAIN_ARM_STD/mbed.ar(SerialBase.o)(i.<Func3>))
<BR>[Address Reference Count : 1]<UL><LI> SerialBase.o(i._ZN4mbed10SerialBaseC1E7PinNameS1_i)
</UL>
<P><STRONG><a name="[1f0]"></a>initialize</STRONG> (Thumb, 198 bytes, Stack size 0 bytes, mbed/TARGET_NUCLEO_F446RE/TOOLCHAIN_ARM_STD/mbed.ar(mbed_ticker_api.o)(i.initialize))
<BR><BR>[Calls]<UL><LI><a href="#[184]">&gt;&gt;</a>&nbsp;&nbsp;&nbsp;mbed_assert_internal
<LI><a href="#[1f1]">&gt;&gt;</a>&nbsp;&nbsp;&nbsp;__aeabi_llsl
<LI><a href="#[168]">&gt;&gt;</a>&nbsp;&nbsp;&nbsp;__aeabi_uldivmod
<LI><a href="#[1f2]">&gt;&gt;</a>&nbsp;&nbsp;&nbsp;update_present_time
<LI><a href="#[1f3]">&gt;&gt;</a>&nbsp;&nbsp;&nbsp;schedule_interrupt
</UL>
<BR>[Called By]<UL><LI><a href="#[204]">&gt;&gt;</a>&nbsp;&nbsp;&nbsp;ticker_read
<LI><a href="#[1ae]">&gt;&gt;</a>&nbsp;&nbsp;&nbsp;ticker_set_handler
<LI><a href="#[1c2]">&gt;&gt;</a>&nbsp;&nbsp;&nbsp;ticker_read_us
</UL>

<P><STRONG><a name="[1f3]"></a>schedule_interrupt</STRONG> (Thumb, 230 bytes, Stack size 0 bytes, mbed/TARGET_NUCLEO_F446RE/TOOLCHAIN_ARM_STD/mbed.ar(mbed_ticker_api.o)(i.schedule_interrupt))
<BR><BR>[Calls]<UL><LI><a href="#[168]">&gt;&gt;</a>&nbsp;&nbsp;&nbsp;__aeabi_uldivmod
<LI><a href="#[1f2]">&gt;&gt;</a>&nbsp;&nbsp;&nbsp;update_present_time
</UL>
<BR>[Called By]<UL><LI><a href="#[1ab]">&gt;&gt;</a>&nbsp;&nbsp;&nbsp;ticker_remove_event
<LI><a href="#[1a9]">&gt;&gt;</a>&nbsp;&nbsp;&nbsp;ticker_insert_event_us
<LI><a href="#[1f0]">&gt;&gt;</a>&nbsp;&nbsp;&nbsp;initialize
<LI><a href="#[c5]">&gt;&gt;</a>&nbsp;&nbsp;&nbsp;ticker_irq_handler
</UL>

<P><STRONG><a name="[1f2]"></a>update_present_time</STRONG> (Thumb, 254 bytes, Stack size 0 bytes, mbed/TARGET_NUCLEO_F446RE/TOOLCHAIN_ARM_STD/mbed.ar(mbed_ticker_api.o)(i.update_present_time))
<BR><BR>[Calls]<UL><LI><a href="#[168]">&gt;&gt;</a>&nbsp;&nbsp;&nbsp;__aeabi_uldivmod
</UL>
<BR>[Called By]<UL><LI><a href="#[204]">&gt;&gt;</a>&nbsp;&nbsp;&nbsp;ticker_read
<LI><a href="#[1a9]">&gt;&gt;</a>&nbsp;&nbsp;&nbsp;ticker_insert_event_us
<LI><a href="#[1c2]">&gt;&gt;</a>&nbsp;&nbsp;&nbsp;ticker_read_us
<LI><a href="#[1f3]">&gt;&gt;</a>&nbsp;&nbsp;&nbsp;schedule_interrupt
<LI><a href="#[1f0]">&gt;&gt;</a>&nbsp;&nbsp;&nbsp;initialize
<LI><a href="#[c5]">&gt;&gt;</a>&nbsp;&nbsp;&nbsp;ticker_irq_handler
</UL>

<P><STRONG><a name="[74]"></a>_printf_input_char</STRONG> (Thumb, 10 bytes, Stack size 0 bytes, D:\Program Files\Keil_v5\ARM\ARMCC\Bin\..\lib\armlib\c_w.l(_printf_char_common.o)(.text))
<BR>[Address Reference Count : 1]<UL><LI> _printf_char_common.o(.text)
</UL>
<P><STRONG><a name="[141]"></a>_fp_digits</STRONG> (Thumb, 428 bytes, Stack size 0 bytes, D:\Program Files\Keil_v5\ARM\ARMCC\Bin\..\lib\armlib\c_w.l(_printf_fp_dec.o)(.text))
<BR><BR>[Calls]<UL><LI><a href="#[145]">&gt;&gt;</a>&nbsp;&nbsp;&nbsp;_btod_emul
<LI><a href="#[144]">&gt;&gt;</a>&nbsp;&nbsp;&nbsp;_btod_ediv
<LI><a href="#[143]">&gt;&gt;</a>&nbsp;&nbsp;&nbsp;_btod_d2e
<LI><a href="#[142]">&gt;&gt;</a>&nbsp;&nbsp;&nbsp;_btod_etento
<LI><a href="#[129]">&gt;&gt;</a>&nbsp;&nbsp;&nbsp;_ll_udiv10
</UL>
<BR>[Called By]<UL><LI><a href="#[146]">&gt;&gt;</a>&nbsp;&nbsp;&nbsp;_printf_fp_dec_real
</UL>
<P>
<H3>
Undefined Global Symbols
</H3><HR></body></html>
