<html>
<body>
<pre>
<h1>µVision Build Log</h1>
<h2>Tool Versions:</h2>
IDE-Version: µVision V5.21.1.0
Copyright (C) 2016 ARM Ltd and ARM Germany GmbH. All rights reserved.
License Information: Reuben Osborne, na, LIC=IC930-B4UMF-35HTX-HD3B5-HZEPX-2YWU8
 
Tool Versions:
Toolchain:       MDK-ARM Professional  Version: 5.21a
Toolchain Path:  D:\Program Files\Keil_v5\ARM\ARMCC\Bin
C Compiler:      Armcc.exe V5.06 update 3 (build 300)
Assembler:       Armasm.exe V5.06 update 3 (build 300)
Linker/Locator:  ArmLink.exe V5.06 update 3 (build 300)
Library Manager: ArmAr.exe V5.06 update 3 (build 300)
Hex Converter:   FromElf.exe V5.06 update 3 (build 300)
CPU DLL:         
Dialog DLL:      DCM.DLL V1.13.8.0
Target DLL:      STLink\ST-LINKIII-KEIL_SWO.dll V2.0.18.0
Dialog DLL:      TCM.DLL V1.14.14.0
 
<h2>Project:</h2>
D:\Documents\Massey\Year 3\MMA\MMA\Nucleo\MMA_Project.uvprojx
Project File Date:  08/27/2018

<h2>Output:</h2>
*** Using Compiler 'V5.06 update 3 (build 300)', folder: 'D:\Program Files\Keil_v5\ARM\ARMCC\Bin'
Rebuild target 'MMA_Project'
compiling main.cpp...
main.cpp(34): warning:  #550-D: variable "char1" was set but never used
      char char1 = 0; 
main.cpp(235): warning:  #111-D: statement is unreachable
      return 0;
main.cpp(134): warning:  #177-D: variable "value" was declared but never referenced
          char value[14];
main.cpp: 3 warnings, 0 errors
compiling stepper.cpp...
linking...
Program Size: Code=33448 RO-data=3460 RW-data=180 ZI-data=3416  
FromELF: creating hex file...
".\BUILD\MMA_Project.axf" - 0 Error(s), 3 Warning(s).

<h2>Collection of Component include folders:</h2>
  D:\Documents\Massey\Year 3\MMA\MMA\Nucleo\RTE
  D:\Program Files\Keil_v5\ARM\PACK\Keil\STM32F4xx_DFP\2.6.0\Drivers\CMSIS\Device\ST\STM32F4xx\Include

<h2>Collection of Component Files used:</h2>
Build Time Elapsed:  00:00:10
</pre>
</body>
</html>
